Info: Saved as "s01_hub_dome.blend"
INFO Draco mesh compression is available, use library at /workspace/scratch/0152d86aa631/toolchain/blender-4.5.14-linux-x64/4.5/scripts/addons_core/io_scene_gltf2/libextern_draco.so
17:08:30 | INFO: Starting glTF 2.0 export
17:08:30 | INFO: Extracting primitive: sm_s01_hub_dome_drum
17:08:30 | INFO: Primitives created: 4
17:08:30 | INFO: Finished glTF 2.0 export in 0.04329705238342285 s

17:08:30 | INFO: Starting glTF 2.0 export
17:08:30 | INFO: Extracting primitive: sm_s01_hub_dome_frame
17:08:30 | INFO: Primitives created: 3
17:08:30 | INFO: Finished glTF 2.0 export in 0.014591693878173828 s

17:08:30 | INFO: Starting glTF 2.0 export
17:08:30 | INFO: Extracting primitive: sm_s01_hub_dome_glass
17:08:30 | INFO: Primitives created: 1
17:08:30 | INFO: Finished glTF 2.0 export in 0.012014389038085938 s

17:08:30 | INFO: Starting glTF 2.0 export
17:08:30 | INFO: Extracting primitive: sm_s01_hub_dome_sky
17:08:30 | INFO: Primitives created: 1
17:08:30 | INFO: Finished glTF 2.0 export in 0.016379356384277344 s

S01_HUB_DOME_CREATED PASS [{'stem': 'sm_s01_hub_dome_drum', 'triangles': 12492, 'surfaces': 4}, {'stem': 'sm_s01_hub_dome_frame', 'triangles': 2784, 'surfaces': 3}, {'stem': 'sm_s01_hub_dome_glass', 'triangles': 2396, 'surfaces': 1}, {'stem': 'sm_s01_hub_dome_sky', 'triangles': 2396, 'surfaces': 1}]
Blender 4.5.14 LTS (hash 62c1db4208e8 built 2026-09-15 01:31:19)

Blender quit
