$ python3 tools/run_graphical.py --graphics-prefix ../toolchain/graphics --godot ../toolchain/bin/godot --timeout 110 --expect 'PLAYER_INTERACTION PASS' -- --path /workspace/scratch/4f0b36b4bb0e/toolchain/shell/player-908f480/game --max-fps 30 --resolution 1920x1080 res://tests/player_interaction_smoke.tscn -- --screenshot=/workspace/scratch/4f0b36b4bb0e/toolchain/shell/player_clean_review.png
$ /workspace/scratch/4f0b36b4bb0e/toolchain/graphics/usr/bin/Xvfb :100 -screen 0 1920x1080x24 -listen tcp -nolisten unix -nolisten local -noreset -auth /tmp/wlr-x11-hku3zwbp/Xauthority
DISPLAY=127.0.0.1:100; VK_ICD_FILENAMES=/workspace/scratch/4f0b36b4bb0e/toolchain/graphics/usr/share/vulkan/icd.d/lvp_icd.json
X11_TCP_AUTH PASS: valid cookie accepted; unauthenticated client rejected
$ /workspace/scratch/4f0b36b4bb0e/toolchain/godot-4.7.2/Godot_v4.7.2-stable_linux.x86_64 --display-driver x11 --rendering-driver vulkan --rendering-method forward_plus --audio-driver Dummy --path /workspace/scratch/4f0b36b4bb0e/toolchain/shell/player-908f480/game --max-fps 30 --resolution 1920x1080 res://tests/player_interaction_smoke.tscn -- --screenshot=/workspace/scratch/4f0b36b4bb0e/toolchain/shell/player_clean_review.png
GRAPHICAL_RUN PASS: exit=0

Godot stdout/stderr:
Godot Engine v4.7.2.stable.official.ed1daf0bf - https://godotengine.org
Vulkan 1.4.318 - Forward+ - Using Device #0: Unknown - llvmpipe (LLVM 20.1.2, 256 bits)

PLAYER_INTERACTION runtime: 4.7.2-stable (official); display=X11
PLAYER_ARCHIVE_WALK: yaw=0.0; lane=-0.75; feet=(-0.75, 0.000338, -1.533334); height=0.00033789058216..0.00033789058216
PLAYER_ARCHIVE_WALK: yaw=0.0; lane=0.0; feet=(0.0, 0.000338, -1.533333); height=0.00033789058216..0.00033789058216
PLAYER_ARCHIVE_WALK: yaw=0.0; lane=0.75; feet=(0.75, 0.000338, -1.533334); height=0.00033789058216..0.00033789058216
PLAYER_ARCHIVE_WALK: yaw=1.5707963267949; lane=-0.75; feet=(-0.75, 0.000338, -1.533334); height=0.00033789058216..0.00033789058216
PLAYER_ARCHIVE_WALK: yaw=1.5707963267949; lane=0.0; feet=(-0.0, 0.000338, -1.533333); height=0.00033789058216..0.00033789058216
PLAYER_ARCHIVE_WALK: yaw=1.5707963267949; lane=0.75; feet=(0.75, 0.000338, -1.533334); height=0.00033789058216..0.00033789058216
PLAYER_ARCHIVE PASS: six actual controller traversals at two yaws; world wall stopping
PLAYER_MOVE_LOOK PASS: normalized speed, heading, pause/focus/held key, unscaled sensitivity, pitch, invert-Y, FOV and LIMITED_LOOK
PLAYER_INTERACTION_RAY PASS: range, nearest solid, single E/echo, disable/delete/move/pause races, inside-solid occlusion
PLAYER_INTERACTION screenshot: /workspace/scratch/4f0b36b4bb0e/toolchain/shell/player_clean_review.png
PLAYER_INTERACTION PASS: actual player traversal, walk/look gates, physics picks/occlusion/races, Russian HUD


Xvfb stdout/stderr:
Warning: getifaddrs returns Operation not permitted
Warning: getifaddrs returns Operation not permitted
The XKEYBOARD keymap compiler (xkbcomp) reports:
> Warning:          Could not resolve keysym XF86CameraAccessEnable
> Warning:          Could not resolve keysym XF86CameraAccessDisable
> Warning:          Could not resolve keysym XF86CameraAccessToggle
> Warning:          Could not resolve keysym XF86NextElement
> Warning:          Could not resolve keysym XF86PreviousElement
> Warning:          Could not resolve keysym XF86AutopilotEngageToggle
> Warning:          Could not resolve keysym XF86MarkWaypoint
> Warning:          Could not resolve keysym XF86Sos
> Warning:          Could not resolve keysym XF86NavChart
> Warning:          Could not resolve keysym XF86FishingChart
> Warning:          Could not resolve keysym XF86SingleRangeRadar
> Warning:          Could not resolve keysym XF86DualRangeRadar
> Warning:          Could not resolve keysym XF86RadarOverlay
> Warning:          Could not resolve keysym XF86TraditionalSonar
> Warning:          Could not resolve keysym XF86ClearvuSonar
> Warning:          Could not resolve keysym XF86SidevuSonar
> Warning:          Could not resolve keysym XF86NavInfo
Errors from xkbcomp are not fatal to the X server


exit=0
