$ bash -c '../toolchain/bin/godot --headless --path ../toolchain/shell/input-focus-c6aa035/game --editor --import && ../toolchain/bin/godot --headless --path ../toolchain/shell/input-focus-c6aa035/game res://tests/input_focus_smoke.tscn && ../toolchain/bin/godot --headless --path ../toolchain/shell/input-focus-c6aa035/game --script res://tests/input_map_smoke.gd && ../toolchain/bin/godot --headless --path ../toolchain/shell/input-focus-c6aa035/game res://tests/debug_tools_smoke.tscn -- --dev-tools --expect-overlay'
Godot Engine v4.7.2.stable.official.ed1daf0bf - https://godotengine.org

[   0% ] first_scan_filesystem | Started Project initialization (5 steps)
[   0% ] first_scan_filesystem | Scanning file structure...
[  16% ] first_scan_filesystem | Loading global class names...
[  33% ] first_scan_filesystem | Verifying GDExtensions...
[  50% ] first_scan_filesystem | Creating autoload scripts...
[  66% ] first_scan_filesystem | Initializing plugins...
[  83% ] first_scan_filesystem | Starting file scan...
[ DONE ] first_scan_filesystem

[   0% ] update_scripts_classes | Started Registering global classes... (23 steps)
[   0% ] update_scripts_classes |
[   4% ] update_scripts_classes |
[   8% ] update_scripts_classes |
[  12% ] update_scripts_classes |
[  16% ] update_scripts_classes |
[  20% ] update_scripts_classes |
[  25% ] update_scripts_classes |
[  29% ] update_scripts_classes |
[  33% ] update_scripts_classes |
[  37% ] update_scripts_classes |
[  41% ] update_scripts_classes |
[  45% ] update_scripts_classes |
[  50% ] update_scripts_classes |
[  54% ] update_scripts_classes |
[  58% ] update_scripts_classes |
[  62% ] update_scripts_classes |
[  66% ] update_scripts_classes |
[  70% ] update_scripts_classes |
[  75% ] update_scripts_classes |
[  79% ] update_scripts_classes |
[  83% ] update_scripts_classes |
[  87% ] update_scripts_classes |
[  91% ] update_scripts_classes |
[ DONE ] update_scripts_classes

[   0% ] _update_scan_actions | Started Scanning actions... (31 steps)
[   0% ] _update_scan_actions | sm_archive_arch_4m.glb
[   3% ] _update_scan_actions | sm_archive_floor_1m.glb
[   6% ] _update_scan_actions | sm_archive_pier_4m.glb
[   9% ] _update_scan_actions | sm_archive_wall_2m.glb
[  12% ] _update_scan_actions | sm_archive_wall_4m.glb
[  15% ] _update_scan_actions | sm_pipeline_meter_cube.glb
[  18% ] _update_scan_actions | sm_wing01_focus.glb
[  21% ] _update_scan_actions | sm_wing01_frame.glb
[  25% ] _update_scan_actions | sm_wing01_ring_inner.glb
[  28% ] _update_scan_actions | sm_wing01_ring_middle.glb
[  31% ] _update_scan_actions | sm_wing01_ring_outer.glb
[  34% ] _update_scan_actions | t_aged_brass_albedo.png
[  37% ] _update_scan_actions | t_aged_brass_normal.png
[  40% ] _update_scan_actions | t_aged_brass_orm.png
[  43% ] _update_scan_actions | t_aged_leather_albedo.png
[  46% ] _update_scan_actions | t_aged_leather_normal.png
[  50% ] _update_scan_actions | t_aged_leather_orm.png
[  53% ] _update_scan_actions | t_dark_iron_albedo.png
[  56% ] _update_scan_actions | t_dark_iron_normal.png
[  59% ] _update_scan_actions | t_dark_iron_orm.png
[  62% ] _update_scan_actions | t_dark_walnut_albedo.png
[  65% ] _update_scan_actions | t_dark_walnut_normal.png
[  68% ] _update_scan_actions | t_dark_walnut_orm.png
[  71% ] _update_scan_actions | t_memory_glass_normal.png
[  75% ] _update_scan_actions | t_memory_glass_roughness.png
[  78% ] _update_scan_actions | t_observatory_stone_albedo.png
[  81% ] _update_scan_actions | t_observatory_stone_normal.png
[  84% ] _update_scan_actions | t_observatory_stone_orm.png
[  87% ] _update_scan_actions | t_woven_textile_albedo.png
[  90% ] _update_scan_actions | t_woven_textile_normal.png
[  93% ] _update_scan_actions | t_woven_textile_orm.png
[ DONE ] _update_scan_actions

[   0% ] reimport | Started (Re)Importing Assets (31 steps)
[   0% ] reimport | Preparing files to reimport...
[   3% ] reimport | Preparing files to reimport...
[   6% ] reimport | Preparing files to reimport...
[   9% ] reimport | Preparing files to reimport...
[  12% ] reimport | Preparing files to reimport...
[  15% ] reimport | Preparing files to reimport...
[  18% ] reimport | Preparing files to reimport...
[  21% ] reimport | Preparing files to reimport...
[  25% ] reimport | Preparing files to reimport...
[  28% ] reimport | Preparing files to reimport...
[  31% ] reimport | Preparing files to reimport...
[  34% ] reimport | Preparing files to reimport...
[  37% ] reimport | Preparing files to reimport...
[  40% ] reimport | Preparing files to reimport...
[  43% ] reimport | Preparing files to reimport...
[  46% ] reimport | Preparing files to reimport...
[  50% ] reimport | Preparing files to reimport...
[  53% ] reimport | Preparing files to reimport...
[  56% ] reimport | Preparing files to reimport...
[  59% ] reimport | Preparing files to reimport...
[  62% ] reimport | Preparing files to reimport...
[  65% ] reimport | Preparing files to reimport...
[  68% ] reimport | Preparing files to reimport...
[  71% ] reimport | Preparing files to reimport...
[  75% ] reimport | Preparing files to reimport...
[  78% ] reimport | Preparing files to reimport...
[  81% ] reimport | Preparing files to reimport...
[  84% ] reimport | Preparing files to reimport...
[  87% ] reimport | Preparing files to reimport...
[  90% ] reimport | Preparing files to reimport...
[  93% ] reimport | Preparing files to reimport...
[   0% ] reimport | Executing pre-reimport operations...
[   0% ] preload_reimporting_scene | Started Preparing scenes for reload (1 steps)
[   0% ] preload_reimporting_scene | Analyzing scene [empty]
[  50% ] preload_reimporting_scene | Preparation done.
[ DONE ] preload_reimporting_scene

[   0% ] reimport | t_woven_textile_orm.png
[   3% ] reimport | t_woven_textile_normal.png
[   6% ] reimport | t_woven_textile_albedo.png
[   9% ] reimport | t_observatory_stone_orm.png
[  12% ] reimport | t_observatory_stone_normal.png
[  15% ] reimport | t_observatory_stone_albedo.png
[  18% ] reimport | t_memory_glass_roughness.png
[  21% ] reimport | t_memory_glass_normal.png
[  25% ] reimport | t_dark_walnut_orm.png
[  28% ] reimport | t_dark_walnut_normal.png
[  31% ] reimport | t_dark_walnut_albedo.png
[  34% ] reimport | t_dark_iron_orm.png
[  37% ] reimport | t_dark_iron_normal.png
[  40% ] reimport | t_dark_iron_albedo.png
[  43% ] reimport | t_aged_leather_orm.png
[  46% ] reimport | t_aged_leather_normal.png
[  50% ] reimport | t_aged_leather_albedo.png
[  53% ] reimport | t_aged_brass_orm.png
[  56% ] reimport | t_aged_brass_normal.png
[  59% ] reimport | t_aged_brass_albedo.png
[  62% ] reimport | sm_wing01_ring_outer.glb
[   0% ] import | Started Import Scene (104 steps)
[   0% ] import | Importing Scene...
[   1% ] import | Running Custom Script...
[  99% ] import | Saving...
[ DONE ] import

[  65% ] reimport | sm_wing01_ring_middle.glb
[   0% ] import | Started Import Scene (104 steps)
[   0% ] import | Importing Scene...
[   1% ] import | Running Custom Script...
[  99% ] import | Saving...
[ DONE ] import

[  68% ] reimport | sm_wing01_ring_inner.glb
[   0% ] import | Started Import Scene (104 steps)
[   0% ] import | Importing Scene...
[   1% ] import | Running Custom Script...
[  99% ] import | Saving...
[ DONE ] import

[  71% ] reimport | sm_wing01_frame.glb
[   0% ] import | Started Import Scene (104 steps)
[   0% ] import | Importing Scene...
[   1% ] import | Running Custom Script...
[  99% ] import | Saving...
[ DONE ] import

[  75% ] reimport | sm_wing01_focus.glb
[   0% ] import | Started Import Scene (104 steps)
[   0% ] import | Importing Scene...
[   1% ] import | Running Custom Script...
[  99% ] import | Saving...
[ DONE ] import

[  78% ] reimport | sm_pipeline_meter_cube.glb
[   0% ] import | Started Import Scene (104 steps)
[   0% ] import | Importing Scene...
[   1% ] import | Running Custom Script...
[  99% ] import | Saving...
[ DONE ] import

[  81% ] reimport | sm_archive_wall_4m.glb
[   0% ] import | Started Import Scene (104 steps)
[   0% ] import | Importing Scene...
[   1% ] import | Running Custom Script...
[  99% ] import | Saving...
[ DONE ] import

[  84% ] reimport | sm_archive_wall_2m.glb
[   0% ] import | Started Import Scene (104 steps)
[   0% ] import | Importing Scene...
[   1% ] import | Running Custom Script...
[  99% ] import | Saving...
[ DONE ] import

[  87% ] reimport | sm_archive_pier_4m.glb
[   0% ] import | Started Import Scene (104 steps)
[   0% ] import | Importing Scene...
[   1% ] import | Running Custom Script...
[  99% ] import | Saving...
[ DONE ] import

[  90% ] reimport | sm_archive_floor_1m.glb
[   0% ] import | Started Import Scene (104 steps)
[   0% ] import | Importing Scene...
[   1% ] import | Running Custom Script...
[  99% ] import | Saving...
[ DONE ] import

[  93% ] reimport | sm_archive_arch_4m.glb
[   0% ] import | Started Import Scene (104 steps)
[   0% ] import | Importing Scene...
[   1% ] import | Running Custom Script...
[  99% ] import | Saving...
[ DONE ] import

[  96% ] reimport | Finalizing Asset Import...
[ DONE ] reimport

[   0% ] reimport | Started (Re)Importing Assets (31 steps)
[   0% ] reimport | Executing post-reimport operations...
[ DONE ] reimport

[   0% ] loading_editor_layout | Started Loading editor (5 steps)
[   0% ] loading_editor_layout | Loading editor layout...
[  16% ] loading_editor_layout | Loading docks...
[ DONE ] loading_editor_layout

Godot Engine v4.7.2.stable.official.ed1daf0bf - https://godotengine.org

INPUT_FOCUS runtime: 4.7.2-stable (official); display=headless
INPUT_FOCUS checked: 20 requested-mode/focus/pause combinations (synthetic Window signals)
INPUT_FOCUS checked: normalized movement, held/echo suppression, UI/escape baseline, direct pause, first-motion guard
INPUT_FOCUS PASS: mode/focus/pause/capture and input boundary checks
Godot Engine v4.7.2.stable.official.ed1daf0bf - https://godotengine.org

INPUT_MAP runtime: 4.7.2-stable (official); display=headless
INPUT_MAP source: project.godot; injected keyboard events, not OS keyboard input
INPUT_MAP checked: W/S/A/D/E/H press and release with Latin and Cyrillic labels
INPUT_MAP checked: physical/logical mismatch and release after modifier change
INPUT_MAP checked: forward direction, normalized diagonal, opposite keys and release
INPUT_MAP checked: shared Esc, repeat events, ui_cancel and ui_accept
INPUT_MAP PASS: persisted bindings, layout-independent matching and input lifecycle
Godot Engine v4.7.2.stable.official.ed1daf0bf - https://godotengine.org

DEBUG_TOOLS runtime: 4.7.2-stable (official); debug=true; display=headless; expected_overlay=true
DEBUG_TOOLS checked: missing/valid/malformed/oversize save preview without modifying source files
DEBUG_TOOLS checked: live stage/save/audio, deep-copy snapshot, F3/echo/pause, input/capture, Cyrillic glyphs
DEBUG_TOOLS PASS: gate, state/file integrity, autoloads; requesting App safe exit

exit=0
