$ python3 tools/run_graphical.py --graphics-prefix ../toolchain/graphics --godot ../toolchain/bin/godot --timeout 70 --expect 'INPUT_FOCUS PASS' -- --path /workspace/scratch/4f0b36b4bb0e/toolchain/shell/input-focus-c6aa035/game --max-fps 30 res://tests/input_focus_smoke.tscn -- --native-driver=/workspace/scratch/4f0b36b4bb0e/toolchain/shell/input-focus-c6aa035/tools/x11_focus_driver.py
$ /workspace/scratch/4f0b36b4bb0e/toolchain/graphics/usr/bin/Xvfb :100 -screen 0 1920x1080x24 -listen tcp -nolisten unix -nolisten local -noreset -auth /tmp/wlr-x11-k76gdy9k/Xauthority
DISPLAY=127.0.0.1:100; VK_ICD_FILENAMES=/workspace/scratch/4f0b36b4bb0e/toolchain/graphics/usr/share/vulkan/icd.d/lvp_icd.json
X11_TCP_AUTH PASS: valid cookie accepted; unauthenticated client rejected
$ /workspace/scratch/4f0b36b4bb0e/toolchain/godot-4.7.2/Godot_v4.7.2-stable_linux.x86_64 --display-driver x11 --rendering-driver vulkan --rendering-method forward_plus --audio-driver Dummy --path /workspace/scratch/4f0b36b4bb0e/toolchain/shell/input-focus-c6aa035/game --max-fps 30 res://tests/input_focus_smoke.tscn -- --native-driver=/workspace/scratch/4f0b36b4bb0e/toolchain/shell/input-focus-c6aa035/tools/x11_focus_driver.py
GRAPHICAL_RUN PASS: exit=0

Godot stdout/stderr:
Godot Engine v4.7.2.stable.official.ed1daf0bf - https://godotengine.org
Vulkan 1.4.318 - Forward+ - Using Device #0: Unknown - llvmpipe (LLVM 20.1.2, 256 bits)

INPUT_FOCUS runtime: 4.7.2-stable (official); display=X11
INPUT_FOCUS checked: 20 requested-mode/focus/pause combinations (synthetic Window signals)
INPUT_FOCUS checked: normalized movement, held/echo suppression, UI/escape baseline, direct pause, first-motion guard
INPUT_FOCUS native checked: real X11 focus loss/return, held W, UI choice, paused return and DISABLED lock
INPUT_FOCUS PASS: mode/focus/pause/capture and input boundary checks


Xvfb stdout/stderr:
Warning: getifaddrs returns Operation not permitted
Warning: getifaddrs returns Operation not permitted
The XKEYBOARD keymap compiler (xkbcomp) reports:
> Warning:          Could not resolve keysym XF86CameraAccessEnable
> Warning:          Could not resolve keysym XF86CameraAccessDisable
> Warning:          Could not resolve keysym XF86CameraAccessToggle
> Warning:          Could not resolve keysym XF86NextElement
> Warning:          Could not resolve keysym XF86PreviousElement
> Warning:          Could not resolve keysym XF86AutopilotEngageToggle
> Warning:          Could not resolve keysym XF86MarkWaypoint
> Warning:          Could not resolve keysym XF86Sos
> Warning:          Could not resolve keysym XF86NavChart
> Warning:          Could not resolve keysym XF86FishingChart
> Warning:          Could not resolve keysym XF86SingleRangeRadar
> Warning:          Could not resolve keysym XF86DualRangeRadar
> Warning:          Could not resolve keysym XF86RadarOverlay
> Warning:          Could not resolve keysym XF86TraditionalSonar
> Warning:          Could not resolve keysym XF86ClearvuSonar
> Warning:          Could not resolve keysym XF86SidevuSonar
> Warning:          Could not resolve keysym XF86NavInfo
Errors from xkbcomp are not fatal to the X server


exit=0
