$ timeout 780s python3 tools/hydrate_head_blobs.py --repo /workspace/scratch/4f0b36b4bb0e/wlr-art-integration --scratch /workspace/scratch/4f0b36b4bb0e/toolchain/shell/object-repair --jobs 8
HEAD: 2613bcef0b320ed66b2076ba6f538c207a48b1b9; missing blobs: 264; bytes: 1494649780
Restored 1/264: 57b270323d15cdffe28a7660191c9b15f9c19ea2 (131 bytes)
Restored 2/264: 922c6a2c8fb94f60d6b81602b458682900cb0688 (208 bytes)
Restored 3/264: cc040e289f0368807f5384681458cd721643f9dc (500 bytes)
Restored 4/264: c56ee57d3cb8988bc13395819ca19806e04d8ae0 (132 bytes)
Restored 5/264: 4383d39338d782d3a558150c6a73fb8db9310664 (131 bytes)
Restored 6/264: 86bdef5def20d70547f4db622f41f071476c7d49 (439 bytes)
Restored 7/264: 7fad2bf4d86565c57ecd7a886b2c9b6b7cad0af1 (820 bytes)
Restored 8/264: 3e54de115c69de8539ce81d02dcd1930172556f1 (22554640 bytes)
Restored 9/264: 64a0117dccf7c09eb285a01129d3e681bba3a658 (17823760 bytes)
Restored 10/264: d7fb27c0050f1ed7eb0efc4be8a241dd0d61fb44 (22669834 bytes)
Restored 11/264: 589c73e92baa4f924b049a129f7a3af8b48c9529 (25503760 bytes)
Restored 12/264: cbfa0323470ee8d593a96f423d4aaa64b8e5a646 (24920080 bytes)
Restored 13/264: 117a1cc4c59cb0ebb1a99586986280045028ac65 (32300560 bytes)
Restored 14/264: e5a6aa7c7da6494e735ca3ccfbff88e76dcb8ec3 (31501840 bytes)
Restored 15/264: ac2e6ecb8e179d94f9e028cbb3fd548a24f2fcfe (34266640 bytes)
Restored 16/264: 17fc37330e99ea2245153e8d41f52db02910b49d (33229840 bytes)
Restored 17/264: 6e0573ac26e6ded3264e56c936dbb521fce371d1 (15329448 bytes)
Restored 18/264: d09c2fb94c91cc93e7299bf894c075a0d108a86a (24683688 bytes)
Restored 19/264: 00145ae104eb711e4c5d3ec8ee7a728955f38fc5 (25665040 bytes)
Restored 20/264: 4a8069929972af86720945b99d36a64a19a740e2 (24582160 bytes)
Restored 21/264: c29e92d77896cdea5126cef28930f039b03c2706 (23938728 bytes)
Restored 22/264: 52d536e576e0bfd8d782987900be5463a460dc76 (23032488 bytes)
Restored 23/264: 4094aeaa00102f3262557c709e0d116cf117804a (34537132 bytes)
Restored 24/264: 9eec166bbe54a4da2f7ab0d679c818f05ea74c2b (37115920 bytes)
Restored 25/264: 893a30b40652445732af8779cb609ba4ad30f117 (13077532 bytes)
Restored 26/264: e611817b5b72307369e2ed30fe45d3a7f2cb06e2 (19743760 bytes)
Restored 27/264: 1e54f8b967cba07822cc3b4040aa2f403f15e32f (27815440 bytes)
Restored 28/264: 35d747e3cba726f9ca4811e2f72a582f8b3f73cd (25275048 bytes)
Restored 29/264: 9a00e19e2568083f7a6b4b03333dfe2e02ee4bed (28737040 bytes)
Restored 30/264: 9a5fc5bdb3cb234b0bfc016412d53e5d4c42be5b (25588240 bytes)
Restored 31/264: 1ffa9d8aba1508027a929de513af1f6875ad72b5 (31340560 bytes)
Restored 32/264: f5ded4878d3cc09dffe6ac1465aef6cd8a13db92 (33613840 bytes)
Restored 33/264: add596d572b7686f443628e773cd8a1fcdf87b93 (18954408 bytes)
Restored 34/264: d238297e5e2752be7b12c83a57fda8d4b49a879a (24559120 bytes)
Restored 35/264: 2f499dfcdf632e36555b7512dbb8cabc7d4412f7 (24484008 bytes)
Restored 36/264: 37b030386ee9249d35b7ef97341975cdb4c9c71d (31386640 bytes)
Restored 37/264: 3b1aee9e968a4981dcf4ebee908cf2aa03e0b67c (35303440 bytes)
Restored 38/264: ac66917679a34f53884f2896c88aca0203c18fd0 (25582248 bytes)
Restored 39/264: e17043097e83f2f69569beda666e0f2a9374ae87 (38314000 bytes)
Restored 40/264: ad7066f5ab2ccd5426a4184ebee9f83dc32dc7cd (33805840 bytes)
Restored 41/264: cb02e2389686b3f19a2258c3f2dcb3e2e97b0f34 (434 bytes)
Restored 42/264: df50d1cb08b31204dd626a47449e1a377a00260b (601 bytes)
Restored 43/264: 26cd41202d8de2b5f859c52ac70104ed222c5f4c (2679 bytes)
Restored 44/264: e6510d642203af80387b6e7ddb0863c17305653d (1691 bytes)
Restored 45/264: 5a2c9fcdabb68c57f753230aa0ab426d312e394c (292 bytes)
Restored 46/264: 9bbacaff21ccfe6d533d75ef5ade9c19cde9731d (4085 bytes)
Restored 47/264: 17a9c3078fbf72748f9252c3c4e7c22ca180950c (30572560 bytes)
Restored 48/264: bdb6e1178a091cbf6d4c3b9d46c1b990b119ef0a (32646160 bytes)
Restored 49/264: e4538c62792ef0c1804b3b88518e4e975c822995 (1930812 bytes)
Restored 50/264: f5ef9b0cbfa0c757290eb2870320fadf84bc90c0 (2728346 bytes)
Restored 51/264: b79aac4038eea29e590466969ba7cc4c4418bb4d (2785060 bytes)
Restored 52/264: 40bf5e7f5f23b61c487fd93ac7721ffadb153e13 (2294831 bytes)
Restored 53/264: c069fb7c0df7d25c1da482b26e8bc706acc94b46 (2806924 bytes)
Restored 54/264: 960485886f7e5546ce68f4fbd17ec71953acab58 (2055338 bytes)
Restored 55/264: 51fbda76e7a95fabfe56f3e256f61643bb701561 (2327824 bytes)
Restored 56/264: 509538bc775da6ec49aeb9366987ba61c4d8e883 (2550566 bytes)
Restored 57/264: fcd3c0ac08c4e3b148dcec00c6c7e886ee3d042c (2875545 bytes)
Restored 58/264: ff7b0e33643e7e7ee51b894e45207fddc4de9ea8 (2714845 bytes)
Restored 59/264: 90c8518cd284913ca46985e44ffce6ca773c9b20 (2392963 bytes)
Restored 60/264: 3b8bda65b12b9c4ad55010c05bf5888fed9818ec (2746892 bytes)
Restored 61/264: 23fd00472de93e20e93289839e75dc067afb316b (2841961 bytes)
Restored 62/264: 7676524720bc924000f97f8f956af02dece001fe (2793791 bytes)
Restored 63/264: c714350be0ce860dda14c0ddfba5bfac961976c5 (2684736 bytes)
Restored 64/264: ff9e85e7a40263707f91a03248ae53da19b3ac1c (2329619 bytes)
Restored 65/264: ce739009101575173879d63cd2db1a51f153c197 (2372698 bytes)
Restored 66/264: fae77cf8853fb23f5f399203f5b609fe830e2696 (2524749 bytes)
Restored 67/264: 949a04c28d43b933396052f87046993c5e6b7b2c (2772205 bytes)
Restored 68/264: daf1670693600e9473e15be43f3eb69dd3e1d766 (2503933 bytes)
Restored 69/264: 06a9a8babedeed7e6e66d9105032c6da0953af21 (2727466 bytes)
Restored 70/264: 0836841dd57cb4f1cb9e742d8df5f4b7668ecb5e (2885681 bytes)
Restored 71/264: e60acdbfd7f457f326d0286f2e3c61a1982bc97e (2758694 bytes)
Restored 72/264: 6f40945d081cbada99d707f0e1f6267b8d5c8f02 (2479440 bytes)
Restored 73/264: 848607689b3f8d1bc63585e65b14fcc45417e805 (2443659 bytes)
Restored 74/264: 72375bfc74aac98fcd12b11715f416fefd3dab5e (2664671 bytes)
Restored 75/264: ca547981b56ca9c975bd4d7f2e113405c036792d (2496899 bytes)
Restored 76/264: 15e9e00124c9cfd17ea43b9e29ccf0e2e938187e (2599608 bytes)
Restored 77/264: bdf1719427a89b0f37791f40e9e6c6a734557e32 (2774230 bytes)
Restored 78/264: 9b7d1c4c7f08055516b80941bdceda4fe625cf2a (2827700 bytes)
Restored 79/264: 5fc13106f604ffe86260709a94ad10f05a532b82 (2761669 bytes)
Restored 80/264: 8139ad9ddf856f76986c11b866470a868eeffd98 (2753249 bytes)
Restored 81/264: 2ef961bb2f0dc81cabb45786ab80358941330153 (2520529 bytes)
Restored 82/264: 68a441aadeffd651799f2f6980feb9262108d94d (2318460 bytes)
Restored 83/264: 35fd31401b02607d06c6d8b0d2ca8ffa56eea504 (2794714 bytes)
Restored 84/264: 3f1c69f7211a44029437a5381473ee0f70b62c0e (2495018 bytes)
Restored 85/264: f7b85caed60bbe57125b96184ef96d643047a291 (2612150 bytes)
Restored 86/264: 9e1bfb71e3fb82b802909e8b673c8ffb6d5142a1 (2632998 bytes)
Restored 87/264: 8597f6bf8ef9e6e7818cbe1d833c0088a3a44c5a (2837870 bytes)
Restored 88/264: 79aa4ce0a81680fab0feb6e7305729219a3ce1f1 (2601194 bytes)
Restored 89/264: 30e54185412a8103b1fc2a02a0ec8b974e239727 (2675242 bytes)
Restored 90/264: 2e893618e42f99e57c2ea8292c8f9bb3c4022755 (2693988 bytes)
Restored 91/264: 74aeeb7a1705d23de558acc3b3eb116a8b6c20aa (2711750 bytes)
Restored 92/264: 11d27ed3f654c6bf30e8a8d84abf56b7ebba22ce (2721245 bytes)
Restored 93/264: 4cb3afc9ac30888ae92c0a4e00203d1a1eca05d8 (2804101 bytes)
Restored 94/264: 8bd44e2745982beac1403321642a22f2078adce7 (2562590 bytes)
Restored 95/264: bf4974dec9bd04b49e786438d0816058f8043cde (2613978 bytes)
Restored 96/264: 6f96030e86b8ff3744a31e7c1717892c2dd8dcbe (2774995 bytes)
Restored 97/264: 63567f9fc28129a924593e7b423baa70e0e85dc7 (2541173 bytes)
Restored 98/264: b30ee93e0076a7a8fb48236cc4da72e0fb186a91 (2599438 bytes)
Restored 99/264: 590a7d6acb33538f6f0dc969c628d6825a12cfda (2799136 bytes)
Restored 100/264: aa725d266cdaa5528abd1a5ee4b121f5ca6ab42f (2470296 bytes)
Restored 101/264: 2f5930c2642b196ee64ca7a59d15bfed9a20afec (2766126 bytes)
Restored 102/264: 0af5a3288debd28a4942a0b7ba5e6ee27c1a436f (2318606 bytes)
Restored 103/264: bba1ce619c580dc931e1ff287ff057f85bb6a403 (2548335 bytes)
Restored 104/264: f6e0bdb4a5c2116301194e75b037e4e52f55e57f (2656304 bytes)
Restored 105/264: ef5ad30a7deefd7a5cd5855909489a79322c8b6b (2719321 bytes)
Restored 106/264: 1d9747b05d49a201f78aaeeb9594fd941b6bc0ae (2749400 bytes)
Restored 107/264: 801f3cfd9ccda155325d6e91b799d31859f90f6f (2863291 bytes)
Restored 108/264: b1fcdcdf9ca38e7e8c7c5a4ada7e3a776cf24387 (2948553 bytes)
Restored 109/264: d3bc9d908a0b8a0af4f070da4665a0201d9b7a7e (2741614 bytes)
Restored 110/264: d268eca25760dc923c6ea94c2580823abbb8e593 (2530664 bytes)
Restored 111/264: 7564d76bfcdc5eebfd42e90e3cb45be28ec4d237 (2505401 bytes)
Restored 112/264: cce0caa4c4dc9f8f05516eda19d27dfc1c3b59ef (2803056 bytes)
Restored 113/264: a449d971aa43ee404333a3bf52f3114adecff665 (2727229 bytes)
Restored 114/264: f8ca28cd201d3af3d04568e4e166837e25096b1c (2705790 bytes)
Restored 115/264: 938556f0085ba085b094380e7443be49fef5f90e (2690774 bytes)
Restored 116/264: b1c48ea563d009bfeae9a6092c92dd8318498528 (2572511 bytes)
Restored 117/264: 4905fe328c600cbe7cce83884365b84174b11bf2 (2924739 bytes)
Restored 118/264: 21e02c85ad917c73cfa9d1d67ad0916d508a1208 (2647997 bytes)
Restored 119/264: 49918997beb20223fbab3cdec2f0deda960878c0 (2807971 bytes)
Restored 120/264: d0ecab1c5271b774e66a03d8dfa16388167f7984 (2553461 bytes)
Restored 121/264: 24f9a67d5c0c49518f948d2cf6f35162ebcd3f4f (2616276 bytes)
Restored 122/264: 0e670c8dd9c27175f3f0913e22f3f328e8f56470 (2549142 bytes)
Restored 123/264: 541ba6de51e5169edcbd6d0e6c2515deebb7d281 (2545780 bytes)
Restored 124/264: 0e7374b9b0309b586539f533cc56aa681e153fd8 (2345708 bytes)
Restored 125/264: 29b22ca51822b87950d58f13222a7b6aa9cbf25d (2789155 bytes)
Restored 126/264: 9ff453735f7401ebc22f156f1db3546045b13336 (2586694 bytes)
Restored 127/264: 615b3b30c7463914bd39978ca48569eb1b359473 (2653756 bytes)
Restored 128/264: 5239605db9e5f8b21e3708a49cbc671b7f6dc706 (2811767 bytes)
Restored 129/264: 9b4274a885241e61523f5537b134c61a8e798026 (2464066 bytes)
Restored 130/264: 832331ee1265169b2c3b04555d4bd1f1b28e24aa (2598482 bytes)
Restored 131/264: d2b8b7e1875220ad20225087fc50742d8d328919 (2511792 bytes)
Restored 132/264: 16cb3aaeffb77b4df070ab4c4036463f8f5b954c (2665631 bytes)
Restored 133/264: a682ec3bd14a1097dcc0087f3e7fb5050b1880d8 (2855292 bytes)
Restored 134/264: 8749344917f08b3f6452f23bbdda0ad8be33e9ed (2543079 bytes)
Restored 135/264: 3a3927689383f4dfc34cb2d4d17226e1366685a3 (2649363 bytes)
Restored 136/264: b30f35904833fb0b146e788fb251f2e8997dd2a6 (2457492 bytes)
Restored 137/264: 1dc9a5dc40d6a7d48965f21450a77951acc6afe6 (2589529 bytes)
Restored 138/264: c911e813fe86eda52e0f96fbf9ff8d3f24e39dfd (2741481 bytes)
Restored 139/264: 76534f02d923d754f821d3e5a997682010f58cb1 (2871315 bytes)
Restored 140/264: 12b5cc7d51bcd607b11d957981ff327a396ecb12 (2395767 bytes)
Restored 141/264: b902c2ae1b5a249b76cb07c96072a05de7fa20d1 (2665627 bytes)
Restored 142/264: 7f05cc433dc5d1864a2c4f566c3d2f2798f246f8 (2542295 bytes)
Restored 143/264: 4f22d2a522a05188796a98e1e684d3e59cc26d64 (2778262 bytes)
Restored 144/264: 769d00f29d28acb4ff9e3dabd8972bad02660de5 (2904251 bytes)
Restored 145/264: a7f8378ab1d3b2d949c83e94b8fd530344ba5c4d (1477177 bytes)
Restored 146/264: 4e2ffb05d2d8f50dda09749d2abbcab1645ad5af (2556160 bytes)
Restored 147/264: 953c1e6f37d5370470999b26bd3fca57b26b88d9 (2894250 bytes)
Restored 148/264: 4a64929a5e02d05d4443b3d1426e944e8622d0b8 (2734040 bytes)
Restored 149/264: 06dc972c186d1d49f1fbc49e9858fdaf113eea9d (2714088 bytes)
Restored 150/264: 72fdabac6d1462985ab6071ce489465316468d58 (2604504 bytes)
Restored 151/264: f34f451ab13191dcc7fe100a470e57b52604643f (2823165 bytes)
Restored 152/264: 5918136568bdcc5061d42630fcf95d4709de5942 (2404857 bytes)
Restored 153/264: 10f5db4a572886a78928b456387830dbc5b04584 (1451949 bytes)
Restored 154/264: 9947df00ebe32ccf6b7e5f60a9016c5077c168a3 (1257479 bytes)
Restored 155/264: 6197474d390b7745d8b982a115a9b58c6e0f2ef8 (1384419 bytes)
Restored 156/264: 2c576fc0bf01c3afc998527345669f924c7de7e3 (1242388 bytes)
Restored 157/264: b6f3924a08c5874dd94b05bb123a421e764d9f8f (1412418 bytes)
Restored 158/264: 1638cdd44de89992226ccaf3c5b31805408d5bfc (2809017 bytes)
Restored 159/264: 55960590a8597c8ae35117463c73db1be77f469b (2885061 bytes)
Restored 160/264: c134a1af506f5301ed17e813e0c24ab7fc0ad391 (2726335 bytes)
Restored 161/264: 1b052f3288d4bf7115db4dd15cbddbfda9953f15 (2334806 bytes)
Restored 162/264: 51ab6940686bb3b44e276e8398c76f5ccecd3736 (2280700 bytes)
Restored 163/264: 6b227edbe1a6e6c13f74207a65508425bd157f94 (2516127 bytes)
Restored 164/264: 54fc4a1f3dc1bd2f489489aecfaabe87f60b1aa8 (2504988 bytes)
Restored 165/264: ef79685f7a790ef239918b1b93d60aec8d21c74b (2632259 bytes)
Restored 166/264: db2be587db7bfad655efe62fb763974792700d4d (2418556 bytes)
Restored 167/264: c07862fb3337620b4400b09b2c9f5ddeb84f3171 (2397281 bytes)
Restored 168/264: 9daadc248bdf9ec2f7e956a5e6bdd0a8e7de2807 (2561413 bytes)
Restored 169/264: 2b1a43a9cfb3314c266fc97f17dc5ee8e18ae3da (2497248 bytes)
Restored 170/264: 35873644688051c5426535d0ef4e6a0ad94656e8 (2336660 bytes)
Restored 171/264: d0ffac4b57d85fd9c399e9ed360cadddeeaa1796 (2802450 bytes)
Restored 172/264: a6b39324d8f779efdae2ec14e7937278fb733eda (2556098 bytes)
Restored 173/264: 979d144fcf24c28bfac45765facff18a73d1db48 (2363030 bytes)
Restored 174/264: 1982d31d94d4070c5aea95d7f56443852f89b6d3 (2657978 bytes)
Restored 175/264: 77c41307fadfb11d820a71e0c09f7cca0a3deda2 (2761081 bytes)
Restored 176/264: eb42ffff02c00d25c77c0d9431209346960b5440 (2757172 bytes)
Restored 177/264: 92380fff057b9ea0e34f8412ff8fe9219e986ba0 (2448671 bytes)
Restored 178/264: 10c9b0b8308dc6661464916a00c07fdd3298f463 (2476178 bytes)
Restored 179/264: 8e2481d73af7006cd26315859dc49c02257d3ef5 (2889579 bytes)
Restored 180/264: b9fd99c2ca63a4f38e198a10d1f3ddd40e3061f3 (2644877 bytes)
Restored 181/264: 5e8fd545572751fffed37aa99daa2315a698c3fc (2662103 bytes)
Restored 182/264: e29e5f29e195b44e743e9f8a1a0f0e99cc5a5da4 (2879156 bytes)
Restored 183/264: 6cb2cc4e1597478f6d4444db60835e743d7abe77 (2502100 bytes)
Restored 184/264: accbf317c9a4510dca72f522b3809fb5c957ff7f (2858827 bytes)
Restored 185/264: 3ecf7ae0f35189029bda0978f6d1a0c00057f5ea (2340400 bytes)
Restored 186/264: 65476e82bc7579dd8690b18d7f7040879df77187 (2519095 bytes)
Restored 187/264: 3436e46f8e909ef0bcd0f3b750b57dd22c44ae54 (2928771 bytes)
Restored 188/264: 9c30fca61e6ffd989617d808cec07e4c2a9ce08a (2570723 bytes)
Restored 189/264: f418c308579ea3e073d70b462fb10a71e86be18f (2661420 bytes)
Restored 190/264: 0fcd0802052abaaff868acc1ea09c90c998688fa (2365193 bytes)
Restored 191/264: 9b875f67dc6a384f709ddd29437336ec7964e29c (2839806 bytes)
Restored 192/264: eb290e571a4117f1c86e8e9c27a465954f9de9c4 (2942080 bytes)
Restored 193/264: 725867bd1613d8d08e61c1c38da89271fd657770 (2145670 bytes)
Restored 194/264: 2c0e3e3aa228128ffd47e825b1ce4ed1c386b8ae (2630031 bytes)
Restored 195/264: 1c12371ad10af11b3a5f703d255512e8ac2380fb (2598252 bytes)
Restored 196/264: 04b11c2b717c0ebf73fc5a2f84a273821dca52aa (2429624 bytes)
Restored 197/264: ac0dcfaaf66323c822bd3036e261ce3942af237d (2730624 bytes)
Restored 198/264: 51c209f6a7b96cf51ad042cd2a84b99f7b0f6f62 (2701974 bytes)
Restored 199/264: 0c805455c29578d09dab5a9139d00b2e453d8ad0 (2295676 bytes)
Restored 200/264: 363bac8175dfc8381923bea44bb15fae924d66b7 (2553221 bytes)
Restored 201/264: 193aa7649d2df1325a5eb98c9139ee2b7485b952 (2357014 bytes)
Restored 202/264: 61704b83a9d8ce11dd7c3e50620882276eda3a6b (2231501 bytes)
Restored 203/264: 5bcb17207564c0ead78fd0c47cb08dcf00db0502 (2517239 bytes)
Restored 204/264: df15f0a10241ee812ada917436bb4861a20fd4ae (2338580 bytes)
Restored 205/264: bc0fbee857f55fb80f080ec1fb74e38cb11ed53f (2317378 bytes)
Restored 206/264: 84b6b2d93d6a96bf2ccfe96210edede31392cce2 (2642868 bytes)
Restored 207/264: da771622e8d36942e2032a51bbbe28ed1a1b2f1b (2537607 bytes)
Restored 208/264: 878161e5950f0fa126196d2be51fa7d3408b3d91 (2405845 bytes)
Restored 209/264: c139124eedfb3181291850b97e6a9c160995ffc9 (2193516 bytes)
Restored 210/264: dddcbbdbe131a411317ac7bece626c495d2ebf0f (2420674 bytes)
Restored 211/264: 6ffd78b6f03b3c7efefc025cb952b89d54a09e47 (2694967 bytes)
Restored 212/264: 6e65e01284b7364b8020cecca69145bdb070d792 (2608952 bytes)
Restored 213/264: 1d458ff122c5b901d31d2feefcdbeb0d20b5a74a (2336259 bytes)
Restored 214/264: 540fe77b70c36a75c62b777ac7a754f5dd1c6a7b (2564313 bytes)
Restored 215/264: b29bb15c1cb7fd229f67a36cf894efdb86a0d09c (2424164 bytes)
Restored 216/264: 65ac596d13c459ae385a0ff4a33aa7cd18602428 (2449211 bytes)
Restored 217/264: e783437ef0f2763acad7c1efd92b4ac8dfe3c5bc (2514376 bytes)
Restored 218/264: 34afef8d775c0ddad1393fcb3efe17a654e878fe (2515342 bytes)
Restored 219/264: a705b7f79be2673f25ec10eb715d7906a1443867 (2691138 bytes)
Restored 220/264: 64ad9e12f633e1ee3ccb6af7d4612af7233efb40 (2005615 bytes)
Restored 221/264: 7d32e84a02f18d6746dde8acf906300eab5d9751 (2492691 bytes)
Restored 222/264: 46c16b5c0e6da40667ea9372560c3be816ba3567 (2188988 bytes)
Restored 223/264: fbef3e44895ccb1b3e2846725c509eb7b285af7f (2577426 bytes)
Restored 224/264: ef6671fe534f2cea284d4142d1bf4918e72bae88 (2478519 bytes)
Restored 225/264: 78b613ab1baf8fa5dd50f089342a8744d317952f (2771936 bytes)
Restored 226/264: 049f0f72c781bdaae267a59abca4ffd60dbed2db (2502822 bytes)
Restored 227/264: 14af23195a0c3539489f65fb6054db72c891f975 (2641330 bytes)
Restored 228/264: 01409c5e1e5a072712ca0586b83a760ea810b86a (2761924 bytes)
Restored 229/264: 40f85280b02c15bc9da76de68939c2a0fec4c0f7 (2684639 bytes)
Restored 230/264: b2bdd383d4b3807ca3409d3132e7005dcc78f9c4 (2719663 bytes)
Restored 231/264: 698918356a29885e727c59fc826ad858b979f916 (2709757 bytes)
Restored 232/264: e24773d66b2debded3ac8559f6c8d730501c4e2d (2530106 bytes)
Restored 233/264: 6857b28aed1cb776a68703d31dbbd036a74f6799 (2590928 bytes)
Restored 234/264: 46e7fdc2af63780c3cea0da7373855e4369b1d2b (2403908 bytes)
Restored 235/264: 8223bd5d589c3a2097863b25366874f4b580f57e (2618652 bytes)
Restored 236/264: 2298197f529e65d44df798788cd658dc339845da (2495764 bytes)
Restored 237/264: 8738498f80c493f83b6c3fc0901e03d1719500c0 (2394625 bytes)
Restored 238/264: 9a6ae67867c22527c3981b71b20b0c74e022df7e (2425151 bytes)
Restored 239/264: 888a7523100a3ba1bee9eec97956a1c200c584b7 (2757559 bytes)
Restored 240/264: 34cc426f75185faf3dfff1c788a35d9296b2bb4a (2511667 bytes)
Restored 241/264: 96a5a017386766041f40441510be9ca4482a17a6 (310378 bytes)
Restored 242/264: 2c7dd915a050e69707aad62aea75157c1feb5ffb (2353980 bytes)
Restored 243/264: 8a11bd15dfbce17e8a263e7c1b8d3bd125e47fa2 (2465651 bytes)
Restored 244/264: ad084969691d4cc8440706781181eac5c0e85870 (508349 bytes)
Restored 245/264: 60784ad574cb8e4b8033a45e9087845f50760756 (1190646 bytes)
Restored 246/264: 60f956c85b7288f5892adf3534ce4e0d2cb315f7 (2432510 bytes)
Restored 247/264: 118293ecc53d48b17dc7a72475f4853e8048ff7e (2381704 bytes)
Restored 248/264: b7069595bf8b8ce9484d53bdc47bcade1c645844 (2404257 bytes)
Restored 249/264: d6d4397e60a7331b811ba4850f7cd32f4aef81cf (2491055 bytes)
Restored 250/264: b22377f6e05f624e774491137d34ddc553ee3d3b (2316364 bytes)
Restored 251/264: fe14d3a2a186918104172cd3e2ae7cb0233697a7 (2176520 bytes)
Restored 252/264: fe43502122c7c02d2d66681bf0f63b6616175b3e (2287754 bytes)
Restored 253/264: 8c3affd15be5ad39f02c3c9dc10b86158199715b (2369445 bytes)
Restored 254/264: 4a4c7c81583e11c540bc23075906c0c01b196fed (1993392 bytes)
Restored 255/264: f84c370b649ac1a7b25f5dd8748728f5a4c39bfc (2425849 bytes)
Restored 256/264: 8b888f9578620393387e632db7360d557b5943dc (2288209 bytes)
Restored 257/264: 93bc6a03d3b3a8c20bcdad8202d66e0a3aab1e8b (1825726 bytes)
Restored 258/264: 3f802e355708492223fc532dcb1d4b905b8e0e7b (2104875 bytes)
Restored 259/264: 2978599c5acb114ac770b8ad194f0146206fd383 (1758236 bytes)
Restored 260/264: 816996efc298d59596180d651d016c4326b80b00 (2123915 bytes)
Restored 261/264: 9bee7088e31c526881750135b9c08c1ea6b05cb9 (2408006 bytes)
Restored 262/264: f4c42295c63be9d479e039c4560d7db6eecb49c5 (2224931 bytes)
Restored 263/264: d639e63fb5aaa26573a97210bada3a0d94244930 (1793344 bytes)
Restored 264/264: 8f1da15e4c91e7ab73b293b5642c0201bc0924e3 (2252666 bytes)
HYDRATION PASS: all 568 HEAD blobs available; refs unchanged

exit=0
