Input #0, ogg, from '/tmp/wlr-audio-encode-ne7721fg/mus_s02_silent_roads_v01.attempt0.ogg':
  Duration: 00:01:59.96, start: 0.000000, bitrate: 134 kb/s
  Stream #0:0: Audio: vorbis, 48000 Hz, stereo, fltp, 160 kb/s
    Metadata:
      encoder         : Lavc60.31.102 libvorbis
Stream mapping:
  Stream #0:0 -> #0:0 (vorbis (native) -> pcm_s16le (native))
Output #0, null, to 'pipe:':
  Metadata:
    encoder         : Lavf60.16.100
  Stream #0:0: Audio: pcm_s16le, 48000 Hz, stereo, s16, 1536 kb/s
    Metadata:
      encoder         : Lavc60.31.102 pcm_s16le
[out#0/null @ 0x5652d2ba6a80] video:0kB audio:22492kB subtitle:0kB other streams:0kB global headers:0kB muxing overhead: unknown
size=N/A time=00:01:59.90 bitrate=N/A speed= 155x    
[Parsed_ebur128_0 @ 0x5652d2bd35c0] Summary:

  Integrated loudness:
    I:         -14.7 LUFS
    Threshold: -25.6 LUFS

  Loudness range:
    LRA:        14.7 LU
    Threshold: -35.6 LUFS
    LRA low:   -26.1 LUFS
    LRA high:  -11.4 LUFS

  True peak:
    Peak:       -2.7 dBFS
