Authenticated preflight, 2026-10-03 UTC. Credential values redacted; no tracing.
$ bash -c 'test -n "$GH_TOKEN"'

exit=0

$ gh auth status
github.com
  ✓ Logged in to github.com account MindDevastation (GH_TOKEN)
  - Active account: true
  - Git operations protocol: https
  - Token: github_pat_**********************************************************************************

exit=0

$ gh api user --jq .login
MindDevastation

exit=0

$ git ls-remote origin
c6773f203717b0058a3ec3aee4a3e26bb1190f1f	HEAD
9b24bed118d59c22ca78f74edbf09c5cf16d69a3	refs/heads/analysis/audio-audit
922ba3cf17515d246f4c28a9bd4f00e36be376ec	refs/heads/analysis/audio-audit2
922ba3cf17515d246f4c28a9bd4f00e36be376ec	refs/heads/analysis/audio-audit3
922ba3cf17515d246f4c28a9bd4f00e36be376ec	refs/heads/analysis/audio-audit4
0eca934b28881e3cceb83fe0d9f76a889c1af37a	refs/heads/analysis/audio-reaudit
66236f12c90f85dc8ddcb4c06592b26b07d21124	refs/heads/audio/curation-2026-09-19
57f86c20a5a81f107a1e0a7536e127b51f76ce1b	refs/heads/audio/final-pool-structure
75bc33f0edd99c0d5e994574a6a4508766f142d2	refs/heads/epic/00-foundation
257a05c999ad89795308a86977a28ed61e9cb0c7	refs/heads/epic/03-art-foundation
b1ccc5cd1d8efaf2b9459dc9a5aabfb5e3b2d70e	refs/heads/feature/00-foundation/audio-buses
c9f91d2b04352cd507fa868cce230fb3694d6cde	refs/heads/feature/00-foundation/debug-tools
c09ccedb406c9720194a810853c17a859cb0b0b2	refs/heads/feature/00-foundation/engine-preflight
51834c47878e16d9ef8332c3bac1d3c8ae3576c9	refs/heads/feature/00-foundation/input-map
668a0590272b3478c77723667a7d459351a7f596	refs/heads/feature/00-foundation/lfs-forward-config
9e4a45b57e73f8757d707cbce5be0066186b24f3	refs/heads/feature/00-foundation/lfs-history-migration
e5e704fa25df118bcda0c6a83c41f8883985a0dc	refs/heads/feature/03-art-foundation/blender-export
5f1044e16c7035cefc4b012697dd98870c9d659c	refs/heads/feature/03-art-foundation/graphics-preflight
d90b6edff25f1c02b31c4a94334cdc171a10d0a8	refs/heads/feature/03-art-foundation/material-library
4f3579ba60e91018ec4eee0b7bdce8317a697785	refs/heads/feature/03-art-foundation/modular-kit-contract
ccc0e2153a3661b778c907adf27b88ab71e5b5f2	refs/heads/feature/03-art-foundation/pipeline-spec
feb658a02c41d334804620b1b6ad303df83b864a	refs/heads/feature/03-art-foundation/visual-rebaseline-v2
c6773f203717b0058a3ec3aee4a3e26bb1190f1f	refs/heads/main
c09ccedb406c9720194a810853c17a859cb0b0b2	refs/pull/1/head
9e4a45b57e73f8757d707cbce5be0066186b24f3	refs/pull/10/head
668a0590272b3478c77723667a7d459351a7f596	refs/pull/11/head
2aef555d97ffa1ebac63b5d505008c963086ec59	refs/pull/12/head
c9f91d2b04352cd507fa868cce230fb3694d6cde	refs/pull/13/head
75bc33f0edd99c0d5e994574a6a4508766f142d2	refs/pull/14/head
e5e704fa25df118bcda0c6a83c41f8883985a0dc	refs/pull/15/head
7cf3d35471aa5c3ae9b1d966faf9dd0ef0c463e8	refs/pull/16/head
5f1044e16c7035cefc4b012697dd98870c9d659c	refs/pull/17/head
6bc46b4aa7c124facdbdcb717772627d15a92eb5	refs/pull/18/head
d90b6edff25f1c02b31c4a94334cdc171a10d0a8	refs/pull/19/head
fc6f9366d72e935fcb7db18a959384dc691c480e	refs/pull/2/head
fed36c30cdcfe475f650efd976303c59477273c3	refs/pull/20/head
4f3579ba60e91018ec4eee0b7bdce8317a697785	refs/pull/21/head
4fe418d34d6c966d611f5407caff514a7975ce87	refs/pull/22/head
feb658a02c41d334804620b1b6ad303df83b864a	refs/pull/23/head
257a05c999ad89795308a86977a28ed61e9cb0c7	refs/pull/24/head
51834c47878e16d9ef8332c3bac1d3c8ae3576c9	refs/pull/3/head
821eaf38e4a3559678057447cef4bdb9df1e6059	refs/pull/4/head
b1ccc5cd1d8efaf2b9459dc9a5aabfb5e3b2d70e	refs/pull/5/head
8a50e524163d7cc65813024d4d8d02fb802a24bd	refs/pull/6/head
ccc0e2153a3661b778c907adf27b88ab71e5b5f2	refs/pull/7/head
8636f7f847cecec7b7456e0b8a6c834c32a5de18	refs/pull/8/head
06a83c7ff4b19a1af2765576b3286dfbfbc2cfa6	refs/pull/9/head

exit=0

$ gh auth setup-git

exit=0

$ git lfs version
git-lfs/3.4.1 (GitHub; linux amd64; go 1.22.2)

exit=0

$ gh api repos/MindDevastation/where-the-light-remains --jq .permissions
{"admin":true,"maintain":true,"pull":true,"push":true,"triage":true}

exit=0

$ git push --dry-run origin HEAD:refs/heads/feature/03-art-foundation/modular-archive-kit
To https://github.com/MindDevastation/where-the-light-remains.git
 * [new branch]      HEAD -> feature/03-art-foundation/modular-archive-kit

exit=0

$ python ../toolchain/check_material_lfs.py
LFS_AUTH PASS: authenticated origin batch HTTP 200; remote payload 1992 bytes; SHA-256 matched

exit=0

DISK PASS: free_bytes=27431014400; required_minimum_bytes=4294967296
REF HEAD=c6773f203717b0058a3ec3aee4a3e26bb1190f1f
REF main=c6773f203717b0058a3ec3aee4a3e26bb1190f1f
REF epic/03-art-foundation=c6773f203717b0058a3ec3aee4a3e26bb1190f1f
REF origin/main=c6773f203717b0058a3ec3aee4a3e26bb1190f1f
REF origin/epic/03-art-foundation=257a05c999ad89795308a86977a28ed61e9cb0c7
REF_SAFETY PASS: feature starts from synchronized main/local epic; remote epic is ancestor; no history rewrite or LFS migration.
