$ python /workspace/scratch/4f0b36b4bb0e/wlr-art-integration/tools/hydrate_head_blobs.py --repo /workspace/scratch/4f0b36b4bb0e/wlr-art-integration --scratch /workspace/scratch/4f0b36b4bb0e/toolchain/archive-kit/producer-hydration --jobs 8
HEAD: 1e3adf1a500c9fbf7a5ad1497588e7df1dd1015b; missing blobs: 41; bytes: 954461347
Restored 1/41: 922c6a2c8fb94f60d6b81602b458682900cb0688 (208 bytes)
Restored 2/41: d7fb27c0050f1ed7eb0efc4be8a241dd0d61fb44 (22669834 bytes)
Restored 3/41: 3e54de115c69de8539ce81d02dcd1930172556f1 (22554640 bytes)
Restored 4/41: 589c73e92baa4f924b049a129f7a3af8b48c9529 (25503760 bytes)
Restored 5/41: 117a1cc4c59cb0ebb1a99586986280045028ac65 (32300560 bytes)
Restored 6/41: e5a6aa7c7da6494e735ca3ccfbff88e76dcb8ec3 (31501840 bytes)
Restored 7/41: 17fc37330e99ea2245153e8d41f52db02910b49d (33229840 bytes)
Restored 8/41: ac2e6ecb8e179d94f9e028cbb3fd548a24f2fcfe (34266640 bytes)
Restored 9/41: 6e0573ac26e6ded3264e56c936dbb521fce371d1 (15329448 bytes)
Restored 10/41: 64a0117dccf7c09eb285a01129d3e681bba3a658 (17823760 bytes)
Restored 11/41: 00145ae104eb711e4c5d3ec8ee7a728955f38fc5 (25665040 bytes)
Restored 12/41: 52d536e576e0bfd8d782987900be5463a460dc76 (23032488 bytes)
Restored 13/41: cbfa0323470ee8d593a96f423d4aaa64b8e5a646 (24920080 bytes)
Restored 14/41: 893a30b40652445732af8779cb609ba4ad30f117 (13077532 bytes)
Restored 15/41: e611817b5b72307369e2ed30fe45d3a7f2cb06e2 (19743760 bytes)
Restored 16/41: d09c2fb94c91cc93e7299bf894c075a0d108a86a (24683688 bytes)
Restored 17/41: 35d747e3cba726f9ca4811e2f72a582f8b3f73cd (25275048 bytes)
Restored 18/41: 4094aeaa00102f3262557c709e0d116cf117804a (34537132 bytes)
Restored 19/41: 9eec166bbe54a4da2f7ab0d679c818f05ea74c2b (37115920 bytes)
Restored 20/41: 4a8069929972af86720945b99d36a64a19a740e2 (24582160 bytes)
Restored 21/41: c29e92d77896cdea5126cef28930f039b03c2706 (23938728 bytes)
Restored 22/41: 9a5fc5bdb3cb234b0bfc016412d53e5d4c42be5b (25588240 bytes)
Restored 23/41: d238297e5e2752be7b12c83a57fda8d4b49a879a (24559120 bytes)
Restored 24/41: 1e54f8b967cba07822cc3b4040aa2f403f15e32f (27815440 bytes)
Restored 25/41: 1ffa9d8aba1508027a929de513af1f6875ad72b5 (31340560 bytes)
Restored 26/41: 9a00e19e2568083f7a6b4b03333dfe2e02ee4bed (28737040 bytes)
Restored 27/41: e17043097e83f2f69569beda666e0f2a9374ae87 (38314000 bytes)
Restored 28/41: ac66917679a34f53884f2896c88aca0203c18fd0 (25582248 bytes)
Restored 29/41: f5ded4878d3cc09dffe6ac1465aef6cd8a13db92 (33613840 bytes)
Restored 30/41: e6510d642203af80387b6e7ddb0863c17305653d (1691 bytes)
Restored 31/41: add596d572b7686f443628e773cd8a1fcdf87b93 (18954408 bytes)
Restored 32/41: 2f499dfcdf632e36555b7512dbb8cabc7d4412f7 (24484008 bytes)
Restored 33/41: bdb6e1178a091cbf6d4c3b9d46c1b990b119ef0a (32646160 bytes)
Restored 34/41: 17a9c3078fbf72748f9252c3c4e7c22ca180950c (30572560 bytes)
Restored 35/41: ad7066f5ab2ccd5426a4184ebee9f83dc32dc7cd (33805840 bytes)
Restored 36/41: 37b030386ee9249d35b7ef97341975cdb4c9c71d (31386640 bytes)
Restored 37/41: df50d1cb08b31204dd626a47449e1a377a00260b (601 bytes)
Restored 38/41: 5a2c9fcdabb68c57f753230aa0ab426d312e394c (292 bytes)
Restored 39/41: cb02e2389686b3f19a2258c3f2dcb3e2e97b0f34 (434 bytes)
Restored 40/41: 26cd41202d8de2b5f859c52ac70104ed222c5f4c (2679 bytes)
Restored 41/41: 3b1aee9e968a4981dcf4ebee908cf2aa03e0b67c (35303440 bytes)
HYDRATION PASS: all 500 HEAD blobs available; refs unchanged
exit=0
