$ python /workspace/scratch/4f0b36b4bb0e/wlr-art-integration/tools/hydrate_head_blobs.py --repo /workspace/scratch/4f0b36b4bb0e/wlr-archive-kit-fresh --scratch /workspace/scratch/4f0b36b4bb0e/toolchain/archive-kit/git-hydration --jobs 8
HEAD: 1e3adf1a500c9fbf7a5ad1497588e7df1dd1015b; missing blobs: 358; bytes: 319124666
Restored 1/358: 4f22d2a522a05188796a98e1e684d3e59cc26d64 (2778262 bytes)
Restored 2/358: c911e813fe86eda52e0f96fbf9ff8d3f24e39dfd (2741481 bytes)
Restored 3/358: 12b5cc7d51bcd607b11d957981ff327a396ecb12 (2395767 bytes)
Restored 4/358: 4a64929a5e02d05d4443b3d1426e944e8622d0b8 (2734040 bytes)
Restored 5/358: 72fdabac6d1462985ab6071ce489465316468d58 (2604504 bytes)
Restored 6/358: 953c1e6f37d5370470999b26bd3fca57b26b88d9 (2894250 bytes)
Restored 7/358: b902c2ae1b5a249b76cb07c96072a05de7fa20d1 (2665627 bytes)
Restored 8/358: 5918136568bdcc5061d42630fcf95d4709de5942 (2404857 bytes)
Restored 9/358: 9947df00ebe32ccf6b7e5f60a9016c5077c168a3 (1257479 bytes)
Restored 10/358: a7f8378ab1d3b2d949c83e94b8fd530344ba5c4d (1477177 bytes)
Restored 11/358: b6f3924a08c5874dd94b05bb123a421e764d9f8f (1412418 bytes)
Restored 12/358: c134a1af506f5301ed17e813e0c24ab7fc0ad391 (2726335 bytes)
Restored 13/358: 4e2ffb05d2d8f50dda09749d2abbcab1645ad5af (2556160 bytes)
Restored 14/358: 06dc972c186d1d49f1fbc49e9858fdaf113eea9d (2714088 bytes)
Restored 15/358: 10f5db4a572886a78928b456387830dbc5b04584 (1451949 bytes)
Restored 16/358: f34f451ab13191dcc7fe100a470e57b52604643f (2823165 bytes)
Restored 17/358: 6197474d390b7745d8b982a115a9b58c6e0f2ef8 (1384419 bytes)
Restored 18/358: 2c576fc0bf01c3afc998527345669f924c7de7e3 (1242388 bytes)
Restored 19/358: 6b227edbe1a6e6c13f74207a65508425bd157f94 (2516127 bytes)
Restored 20/358: ef79685f7a790ef239918b1b93d60aec8d21c74b (2632259 bytes)
Restored 21/358: 55960590a8597c8ae35117463c73db1be77f469b (2885061 bytes)
Restored 22/358: 9daadc248bdf9ec2f7e956a5e6bdd0a8e7de2807 (2561413 bytes)
Restored 23/358: 54fc4a1f3dc1bd2f489489aecfaabe87f60b1aa8 (2504988 bytes)
Restored 24/358: 1638cdd44de89992226ccaf3c5b31805408d5bfc (2809017 bytes)
Restored 25/358: 1b052f3288d4bf7115db4dd15cbddbfda9953f15 (2334806 bytes)
Restored 26/358: c07862fb3337620b4400b09b2c9f5ddeb84f3171 (2397281 bytes)
Restored 27/358: 1982d31d94d4070c5aea95d7f56443852f89b6d3 (2657978 bytes)
Restored 28/358: db2be587db7bfad655efe62fb763974792700d4d (2418556 bytes)
Restored 29/358: 77c41307fadfb11d820a71e0c09f7cca0a3deda2 (2761081 bytes)
Restored 30/358: 51ab6940686bb3b44e276e8398c76f5ccecd3736 (2280700 bytes)
Restored 31/358: 2b1a43a9cfb3314c266fc97f17dc5ee8e18ae3da (2497248 bytes)
Restored 32/358: 979d144fcf24c28bfac45765facff18a73d1db48 (2363030 bytes)
Restored 33/358: eb42ffff02c00d25c77c0d9431209346960b5440 (2757172 bytes)
Restored 34/358: 92380fff057b9ea0e34f8412ff8fe9219e986ba0 (2448671 bytes)
Restored 35/358: d0ffac4b57d85fd9c399e9ed360cadddeeaa1796 (2802450 bytes)
Restored 36/358: b9fd99c2ca63a4f38e198a10d1f3ddd40e3061f3 (2644877 bytes)
Restored 37/358: 10c9b0b8308dc6661464916a00c07fdd3298f463 (2476178 bytes)
Restored 38/358: accbf317c9a4510dca72f522b3809fb5c957ff7f (2858827 bytes)
Restored 39/358: 35873644688051c5426535d0ef4e6a0ad94656e8 (2336660 bytes)
Restored 40/358: a6b39324d8f779efdae2ec14e7937278fb733eda (2556098 bytes)
Restored 41/358: 3ecf7ae0f35189029bda0978f6d1a0c00057f5ea (2340400 bytes)
Restored 42/358: 6cb2cc4e1597478f6d4444db60835e743d7abe77 (2502100 bytes)
Restored 43/358: 65476e82bc7579dd8690b18d7f7040879df77187 (2519095 bytes)
Restored 44/358: 5e8fd545572751fffed37aa99daa2315a698c3fc (2662103 bytes)
Restored 45/358: e29e5f29e195b44e743e9f8a1a0f0e99cc5a5da4 (2879156 bytes)
Restored 46/358: 9b875f67dc6a384f709ddd29437336ec7964e29c (2839806 bytes)
Restored 47/358: 8e2481d73af7006cd26315859dc49c02257d3ef5 (2889579 bytes)
Restored 48/358: 3436e46f8e909ef0bcd0f3b750b57dd22c44ae54 (2928771 bytes)
Restored 49/358: f418c308579ea3e073d70b462fb10a71e86be18f (2661420 bytes)
Restored 50/358: 1c12371ad10af11b3a5f703d255512e8ac2380fb (2598252 bytes)
Restored 51/358: ac0dcfaaf66323c822bd3036e261ce3942af237d (2730624 bytes)
Restored 52/358: 2c0e3e3aa228128ffd47e825b1ce4ed1c386b8ae (2630031 bytes)
Restored 53/358: 0fcd0802052abaaff868acc1ea09c90c998688fa (2365193 bytes)
Restored 54/358: 725867bd1613d8d08e61c1c38da89271fd657770 (2145670 bytes)
Restored 55/358: 9c30fca61e6ffd989617d808cec07e4c2a9ce08a (2570723 bytes)
Restored 56/358: eb290e571a4117f1c86e8e9c27a465954f9de9c4 (2942080 bytes)
Restored 57/358: df15f0a10241ee812ada917436bb4861a20fd4ae (2338580 bytes)
Restored 58/358: 878161e5950f0fa126196d2be51fa7d3408b3d91 (2405845 bytes)
Restored 59/358: 0c805455c29578d09dab5a9139d00b2e453d8ad0 (2295676 bytes)
Restored 60/358: 04b11c2b717c0ebf73fc5a2f84a273821dca52aa (2429624 bytes)
Restored 61/358: 61704b83a9d8ce11dd7c3e50620882276eda3a6b (2231501 bytes)
Restored 62/358: 84b6b2d93d6a96bf2ccfe96210edede31392cce2 (2642868 bytes)
Restored 63/358: 51c209f6a7b96cf51ad042cd2a84b99f7b0f6f62 (2701974 bytes)
Restored 64/358: 363bac8175dfc8381923bea44bb15fae924d66b7 (2553221 bytes)
Restored 65/358: bc0fbee857f55fb80f080ec1fb74e38cb11ed53f (2317378 bytes)
Restored 66/358: 5bcb17207564c0ead78fd0c47cb08dcf00db0502 (2517239 bytes)
Restored 67/358: 193aa7649d2df1325a5eb98c9139ee2b7485b952 (2357014 bytes)
Restored 68/358: c139124eedfb3181291850b97e6a9c160995ffc9 (2193516 bytes)
Restored 69/358: da771622e8d36942e2032a51bbbe28ed1a1b2f1b (2537607 bytes)
Restored 70/358: 65ac596d13c459ae385a0ff4a33aa7cd18602428 (2449211 bytes)
Restored 71/358: 1d458ff122c5b901d31d2feefcdbeb0d20b5a74a (2336259 bytes)
Restored 72/358: 540fe77b70c36a75c62b777ac7a754f5dd1c6a7b (2564313 bytes)
Restored 73/358: e783437ef0f2763acad7c1efd92b4ac8dfe3c5bc (2514376 bytes)
Restored 74/358: 6ffd78b6f03b3c7efefc025cb952b89d54a09e47 (2694967 bytes)
Restored 75/358: 46c16b5c0e6da40667ea9372560c3be816ba3567 (2188988 bytes)
Restored 76/358: dddcbbdbe131a411317ac7bece626c495d2ebf0f (2420674 bytes)
Restored 77/358: ef6671fe534f2cea284d4142d1bf4918e72bae88 (2478519 bytes)
Restored 78/358: b29bb15c1cb7fd229f67a36cf894efdb86a0d09c (2424164 bytes)
Restored 79/358: a705b7f79be2673f25ec10eb715d7906a1443867 (2691138 bytes)
Restored 80/358: 6e65e01284b7364b8020cecca69145bdb070d792 (2608952 bytes)
Restored 81/358: 049f0f72c781bdaae267a59abca4ffd60dbed2db (2502822 bytes)
Restored 82/358: 7d32e84a02f18d6746dde8acf906300eab5d9751 (2492691 bytes)
Restored 83/358: 64ad9e12f633e1ee3ccb6af7d4612af7233efb40 (2005615 bytes)
Restored 84/358: 40f85280b02c15bc9da76de68939c2a0fec4c0f7 (2684639 bytes)
Restored 85/358: fbef3e44895ccb1b3e2846725c509eb7b285af7f (2577426 bytes)
Restored 86/358: 34afef8d775c0ddad1393fcb3efe17a654e878fe (2515342 bytes)
Restored 87/358: b2bdd383d4b3807ca3409d3132e7005dcc78f9c4 (2719663 bytes)
Restored 88/358: 78b613ab1baf8fa5dd50f089342a8744d317952f (2771936 bytes)
Restored 89/358: 14af23195a0c3539489f65fb6054db72c891f975 (2641330 bytes)
Restored 90/358: 2298197f529e65d44df798788cd658dc339845da (2495764 bytes)
Restored 91/358: 698918356a29885e727c59fc826ad858b979f916 (2709757 bytes)
Restored 92/358: 46e7fdc2af63780c3cea0da7373855e4369b1d2b (2403908 bytes)
Restored 93/358: 6857b28aed1cb776a68703d31dbbd036a74f6799 (2590928 bytes)
Restored 94/358: e24773d66b2debded3ac8559f6c8d730501c4e2d (2530106 bytes)
Restored 95/358: 01409c5e1e5a072712ca0586b83a760ea810b86a (2761924 bytes)
Restored 96/358: 34cc426f75185faf3dfff1c788a35d9296b2bb4a (2511667 bytes)
Restored 97/358: 96a5a017386766041f40441510be9ca4482a17a6 (310378 bytes)
Restored 98/358: ad084969691d4cc8440706781181eac5c0e85870 (508349 bytes)
Restored 99/358: 8738498f80c493f83b6c3fc0901e03d1719500c0 (2394625 bytes)
Restored 100/358: 8223bd5d589c3a2097863b25366874f4b580f57e (2618652 bytes)
Restored 101/358: 888a7523100a3ba1bee9eec97956a1c200c584b7 (2757559 bytes)
Restored 102/358: 118293ecc53d48b17dc7a72475f4853e8048ff7e (2381704 bytes)
Restored 103/358: 9a6ae67867c22527c3981b71b20b0c74e022df7e (2425151 bytes)
Restored 104/358: 60f956c85b7288f5892adf3534ce4e0d2cb315f7 (2432510 bytes)
Restored 105/358: 8a11bd15dfbce17e8a263e7c1b8d3bd125e47fa2 (2465651 bytes)
Restored 106/358: 60784ad574cb8e4b8033a45e9087845f50760756 (1190646 bytes)
Restored 107/358: 8b888f9578620393387e632db7360d557b5943dc (2288209 bytes)
Restored 108/358: b7069595bf8b8ce9484d53bdc47bcade1c645844 (2404257 bytes)
Restored 109/358: b22377f6e05f624e774491137d34ddc553ee3d3b (2316364 bytes)
Restored 110/358: 2c7dd915a050e69707aad62aea75157c1feb5ffb (2353980 bytes)
Restored 111/358: 8c3affd15be5ad39f02c3c9dc10b86158199715b (2369445 bytes)
Restored 112/358: d6d4397e60a7331b811ba4850f7cd32f4aef81cf (2491055 bytes)
Restored 113/358: fe14d3a2a186918104172cd3e2ae7cb0233697a7 (2176520 bytes)
Restored 114/358: 3f802e355708492223fc532dcb1d4b905b8e0e7b (2104875 bytes)
Restored 115/358: 816996efc298d59596180d651d016c4326b80b00 (2123915 bytes)
Restored 116/358: fe43502122c7c02d2d66681bf0f63b6616175b3e (2287754 bytes)
Restored 117/358: 93bc6a03d3b3a8c20bcdad8202d66e0a3aab1e8b (1825726 bytes)
Restored 118/358: f84c370b649ac1a7b25f5dd8748728f5a4c39bfc (2425849 bytes)
Restored 119/358: d639e63fb5aaa26573a97210bada3a0d94244930 (1793344 bytes)
Restored 120/358: 4a4c7c81583e11c540bc23075906c0c01b196fed (1993392 bytes)
Restored 121/358: d3103fc88de131c270ee8ea2f85b270fbf12a67a (5631 bytes)
Restored 122/358: 0f1f7bdfff9a691d15cd26db810ef1e6723d469a (1996 bytes)
Restored 123/358: 07569fa903ea6108b4e06fd00d949bd094ca463e (549 bytes)
Restored 124/358: e7888283c2bbf6e3c308ffc15eb9fe8067da50f9 (29654 bytes)
Restored 125/358: f4c42295c63be9d479e039c4560d7db6eecb49c5 (2224931 bytes)
Restored 126/358: 8f1da15e4c91e7ab73b293b5642c0201bc0924e3 (2252666 bytes)
Restored 127/358: 9bee7088e31c526881750135b9c08c1ea6b05cb9 (2408006 bytes)
Restored 128/358: 2978599c5acb114ac770b8ad194f0146206fd383 (1758236 bytes)
Restored 129/358: 2ccb5f91b47200fe46a344c4fe88622314f0cca5 (4359 bytes)
Restored 130/358: 449c06c79eff72834c3d9ac51707c59a70654c44 (5761 bytes)
Restored 131/358: ac71e58b43f280bdfb57059cedb7674b7e3a0eb3 (11053 bytes)
Restored 132/358: 207f9be793396d691ba19b358a79b60714be9256 (4633 bytes)
Restored 133/358: aa10dde35917840bc47f958ff1a6aecfa4dfc68e (6688 bytes)
Restored 134/358: 723653f06896a1e63833a496c899aad3956533bb (3961 bytes)
Restored 135/358: 0d47809459c75eeb3776b2787b7fff5fcc1ba40d (1549 bytes)
Restored 136/358: 01770d26711f728df49369d9568d0150bf4049aa (29147 bytes)
Restored 137/358: 67aaea664b9104c7853e9f5251b3d4534d2fc247 (10154 bytes)
Restored 138/358: d1b6016d1301f34d966ccad36d713c2ceadcfba5 (3287 bytes)
Restored 139/358: b7a69711e497b7b021890cbece6881ad36821318 (2852 bytes)
Restored 140/358: 00d2e8f652c9cbd0694527c2a570affa267fcb60 (1264 bytes)
Restored 141/358: 835bd0a63416c91afec0d78660ab9eece69f5220 (5592 bytes)
Restored 142/358: fe8c5c17e13f33e5e1758cb25c4f79033edc7072 (7168 bytes)
Restored 143/358: 0d523e9057d802ec31db6dd6839916c402a0ac54 (12714 bytes)
Restored 144/358: 6ee12cdd25b4226738bf90c70e415ea2eeda3e6c (7166 bytes)
Restored 145/358: cb17e844c06fb1b407a2a9f75c123a9f8ddd50fd (3508 bytes)
Restored 146/358: 68fbc307ba79edf700824a21f7a629c70c87bbba (14387 bytes)
Restored 147/358: eee6629b3790716b9b8295ee738104fcad3336da (17566 bytes)
Restored 148/358: 9112730dbd6610e9a8335c240a15411742b9aac5 (5193 bytes)
Restored 149/358: 1d8a692fa71e3e14dce441255960bf1285e7178c (5560 bytes)
Restored 150/358: e96a57e0eba3471190b83a5b16331933839531f9 (11329 bytes)
Restored 151/358: 53c68a55036eb6c7086131cbd97319ebac2a2427 (9144 bytes)
Restored 152/358: ab7e81a7813837374018d50cf5551b97c7896738 (12237 bytes)
Restored 153/358: 456a6b6a6d1db9d9273395e583db1532f640600e (10306 bytes)
Restored 154/358: 2745ab982e95a7d457e9493f428599299a48a929 (7118 bytes)
Restored 155/358: c3c0db6f0108559085f9a9112e057a826cda1745 (8302 bytes)
Restored 156/358: ae506d00b5b260676f1b71c7c07dceef8958fdde (66442 bytes)
Restored 157/358: 1056f3daea25fb7a72d2a31294095f9a408b19d9 (5742 bytes)
Restored 158/358: 7c07f9ddb0155b5210006c8e39760b4275f7f4fe (10119 bytes)
Restored 159/358: 4e606e876575d2d3e7e07bc81fccaccaca124985 (3416 bytes)
Restored 160/358: 238e0c99b63d2e44cc10b015c2ed15a8db2f9449 (3900 bytes)
Restored 161/358: 6fad78cd23f8f12abd78d9466e0b483b7628ab4d (4725 bytes)
Restored 162/358: 621c508a8c7255d4a693280b7e2cc1347c804551 (6899 bytes)
Restored 163/358: 085a2e83c203db09eafd2c8f23a69dc6f2fa1892 (122412 bytes)
Restored 164/358: bf5c6d0d866ae92ee1e2420b97e76ba9eea1142c (14111 bytes)
Restored 165/358: 4b9b89122664ceef4e903e4ab6d4d541d14c0e7b (3073 bytes)
Restored 166/358: 0eac237b0a50b07965c019ea7ed4d331ad6bb132 (357 bytes)
Restored 167/358: 3a45cd46d369e72059c8ee378e753b6f21f0e6d4 (3855 bytes)
Restored 168/358: 1dc03655afb4101135f8655732e9f2b2257afe3f (3407 bytes)
Restored 169/358: 6b96363f1ac8c76a1d923e39edcdd0f337a6ef1c (9809 bytes)
Restored 170/358: b8eb81a97f012d596f32dcafc8f3faed71be1c98 (2429 bytes)
Restored 171/358: e46e2d11733323641b8e793a4303dce6b0515f32 (2997 bytes)
Restored 172/358: d3a1429698ef05d2d77db1ac92407c3588f7edbb (2297 bytes)
Restored 173/358: d75da9048f555ee0dc3541a1a8fef21007289954 (86470 bytes)
Restored 174/358: 0f66e8cc8eb27ad382f735b664f72f1be4d69e47 (2083 bytes)
Restored 175/358: 74ccf082018773aa60dca3b13a17fd7652ee5ffc (378853 bytes)
Restored 176/358: 2a8edc9148cb084df3e0044d5e149a70da82c2fe (19324 bytes)
Restored 177/358: 4961517e5d50dddf45459b3a75e1b573f3ed27fc (378 bytes)
Restored 178/358: 82d5b72bff9335140823525e5c6999cc4066aced (3330 bytes)
Restored 179/358: 0131ccd9130e1545a31948b45e970d926cc5e26c (4906 bytes)
Restored 180/358: a872dc01fbdfcfd6851f64ca762f1c66d4158984 (5501 bytes)
Restored 181/358: ea2f8f13b2dc2724d1fbddb580d1d9f4277e7204 (6434 bytes)
Restored 182/358: 14a8f0909f5bdfaedb9a64a40ebffc9a282e8e7f (387977 bytes)
Restored 183/358: dab42b1d9719c4038b59637429667446e9fe3159 (755881 bytes)
Restored 184/358: 9bd3fcdb3baf03ead66f8ae9f0160669d0af8a84 (385873 bytes)
Restored 185/358: f91375d4e90deaf606a00989c07664739cc7e2f4 (4058 bytes)
Restored 186/358: c9946f1c01a70d241780175f3185666e0041ddb2 (1387 bytes)
Restored 187/358: 97d9b475a87f43b17883c1a8a248eb9db6bb7ed5 (2382 bytes)
Restored 188/358: 8bd263a88843c94e3a1668967faf6f01da662a1c (1392 bytes)
Restored 189/358: 5b7f80a1cb5fd4efeb782cd40ac91aa5b79fd625 (3118 bytes)
Restored 190/358: 2d796c8cf6c1f980f7ecb979a3a506cfae7521a9 (3145 bytes)
Restored 191/358: ab1ff65798714898663f6aa71c39bc8b2ca39600 (775961 bytes)
Restored 192/358: 163cfddb5e026d6943d2b50f3dcdb7ce89465746 (874910 bytes)
Restored 193/358: 01a5e7d2460e21e98815d360af61c6e900fd235e (2997 bytes)
Restored 194/358: a7069078948488641ff79653e7b915f9599bd30e (6317 bytes)
Restored 195/358: 283b371d17518872a31d33a61b97c7b2f75e9b0d (3157 bytes)
Restored 196/358: 95d08afa2cb40f6abc51c9993bda77e441969eb7 (1756 bytes)
Restored 197/358: 64acfcbfc82f9df5cd15c7a5a873f7ee94782f79 (1427 bytes)
Restored 198/358: bd6ba50737655c394314921538ef6e5886734b5f (7722 bytes)
Restored 199/358: 5f44cef1d25e040d170ae8c0c87a3fb747d040f9 (84330 bytes)
Restored 200/358: e23d048e41923773a3cb7691c180676f98ef3d5a (846359 bytes)
Restored 201/358: b83e8c41885ba94fc1493b3a4dfb2a1217bb337a (475 bytes)
Restored 202/358: a9e7070e3d0a955c81f1b3ba6114dedc0efc7568 (460 bytes)
Restored 203/358: 689768fa0127a5753a11bd50a3200c02435e6755 (9633 bytes)
Restored 204/358: 9a70b79bc1486298ca5f6e68d9d3f3eae78b9422 (6245 bytes)
Restored 205/358: 5f3115cc2c527cea3f9bd5b320e841a690780e7c (13243 bytes)
Restored 206/358: 78508b92ca54f50c4b589052ec7181542a7ef688 (270 bytes)
Restored 207/358: 7c6e9bcba94b3e6662fcb6692f00c95d5f976482 (222 bytes)
Restored 208/358: 715934aca5bb3f72872bed7d44be5102832579b9 (60363 bytes)
Restored 209/358: c56da06ef8c78432716124e64d7ed16ea9a9ed96 (3521 bytes)
Restored 210/358: 16fe552894ec32e6932e30501322bdb340173818 (239 bytes)
Restored 211/358: 0b25aba482236b563dba060cce23bb5caf0eab9b (3182 bytes)
Restored 212/358: aae08a5f1432fdd10ff0f6a5cf255704f3138ece (3511 bytes)
Restored 213/358: 12f757f3d3de23b95a4e93b9b30a58d56acf5803 (3171 bytes)
Restored 214/358: ad598ab52115c65d20fc5da150d810cc76a5bc9a (507570 bytes)
Restored 215/358: cae7d5968ccdbad2fa93b1eb6cd4be218df0340d (478758 bytes)
Restored 216/358: d2232bd36ccf6a3267402583cab0dced9888cf79 (917350 bytes)
Restored 217/358: d4b8f8310dfaa119e4accd69b510e85490163c58 (4705 bytes)
Restored 218/358: df9b6b9495e1b99438d23b9f79b60a63e20bd1c3 (8295 bytes)
Restored 219/358: e69de29bb2d1d6434b8b29ae775ad8c2e48c5391 (0 bytes)
Restored 220/358: e0f6b63af8a7dfd8292dec697376bb6811741f2e (4065 bytes)
Restored 221/358: bf5eb1f6c14c95798a5ee283ce4b81a4ea5c389d (3510 bytes)
Restored 222/358: fd7056c407d3f3b5740a82545f6f808651e54659 (9707 bytes)
Restored 223/358: 6fbb395989786e4e309474cb029147a6f8ec1389 (138633 bytes)
Restored 224/358: 0daabcccb617507b825e94f7efc0940baf16f833 (489824 bytes)
Restored 225/358: 4d4bc702e78135990dc828880cdb6652a19cdb8f (705 bytes)
Restored 226/358: 5050425014cd2ecb7ba78fa3a8a719826e2684e7 (252 bytes)
Restored 227/358: 28e42a8a545c641f182021b171b331434964c3b6 (394 bytes)
Restored 228/358: 7988a0afee81b53c26669b86cf8f89a82c054e0a (471 bytes)
Restored 229/358: fbe8135d35b4af6c2a4c37801db5c9bf9f80d185 (245 bytes)
Restored 230/358: f2ebabdfb75543d493d4ba813a28109603ae2e4e (639 bytes)
Restored 231/358: 5d31acc46ddb4f004dcbb25292e767b643044794 (688 bytes)
Restored 232/358: 64ae1ae43df2f9c313d25e1a8b3f113825ea1f65 (711 bytes)
Restored 233/358: 55b9a004ea5b8e238c6a6e6ba4a6b5d6bc63ee26 (610 bytes)
Restored 234/358: d913a2364d4d3113cbd872a539710c85a10e9a70 (131 bytes)
Restored 235/358: c1337472f6414cee36df02d98160ae61377a6266 (707 bytes)
Restored 236/358: 5a8151a70e4c373ba093612306e601dc7129fa6b (685 bytes)
Restored 237/358: 034bc5ab81715faf8046d4b4fa54aad7cebf9dfd (1597 bytes)
Restored 238/358: e6c37471037e05ac40a498ce35e58a4ec149c9b6 (661 bytes)
Restored 239/358: 72cc355fa4f53d206c0d26e3e63f29bea48de7bc (659 bytes)
Restored 240/358: 0f8b3a71d931a8a034498806d36908fe7673f562 (247 bytes)
Restored 241/358: 3a9b9a822ccb28f9d2aded093a74157735afbd08 (129 bytes)
Restored 242/358: 167a882a47fc7c61d273ce5818745025db3fc357 (1597 bytes)
Restored 243/358: 5874ac21a92246387002eafd55aa2f0ee0fde0a2 (1414 bytes)
Restored 244/358: 60901e5501c99fe419b417a3042fbcea402289e0 (130 bytes)
Restored 245/358: bb0ec50cd8bf5fb120bbec8b7e5eeaf2069f1f4d (130 bytes)
Restored 246/358: e5f3f6e54e735ae53b5c0491a6757019e700d44a (1414 bytes)
Restored 247/358: 7a02d848d2a2eb2776accf8224fafa34c03d8a6f (130 bytes)
Restored 248/358: a815f1089a735b9682ddccf8b13316cf218cdfae (1416 bytes)
Restored 249/358: 568150b9b406efdef2202e56853e4e4b5e37acee (129 bytes)
Restored 250/358: 3925adac16c599c6500bcd5d6b43c58f1d692485 (1203 bytes)
Restored 251/358: a860bb4d0d0ca3b676d4f50097a6264b75a4a10b (1039 bytes)
Restored 252/358: 40881d608ca0f279b7b182503872c3f2523b8231 (1037 bytes)
Restored 253/358: d1120d217da747e66f70ddece7054f75b897a57a (1028 bytes)
Restored 254/358: d926f597478d418db31ecb76722c7d28fd92c6a9 (421444 bytes)
Restored 255/358: 48b0505823af3c10baab10fbd3b0033e7b5846cf (685413 bytes)
Restored 256/358: 42c08a62865d75886d5c6e4e1a657e7b39d5439f (490826 bytes)
Restored 257/358: ea00318fcfbdae4692ca2db4811fe7bb4bf723b8 (1036 bytes)
Restored 258/358: 3879b0ac38bd0409f68be693f85556a4a308465a (1045 bytes)
Restored 259/358: 2866c40fed3f9dde8a2932b03c123686eb2ff432 (1044 bytes)
Restored 260/358: 53cc204364790af552a1f2fc405040407af80c5a (1035 bytes)
Restored 261/358: aaef85b0b10be6cfd50ebafcc9fd576974dbeeaa (1362081 bytes)
Restored 262/358: 8871a4409a92de3b0d99632290186acb9b04e7d7 (578719 bytes)
Restored 263/358: 1407d2df8f623a7951df3c3c163603312989048b (581250 bytes)
Restored 264/358: 04235d78e1c14924bb5949c4ee263332899b12e5 (731121 bytes)
Restored 265/358: bfb40bbf553fba70b220c8f53c7d173301906da6 (1042 bytes)
Restored 266/358: f4946561838462d3dd32d14685558c11a0e3abf4 (1041 bytes)
Restored 267/358: 99662afc16c6d8a414a5e6160c12b816c34f4cce (1035 bytes)
Restored 268/358: 45f549f4453c81e459c15f81b5fc4b531e73209c (1025 bytes)
Restored 269/358: 8a1b9b6bc10d7b0d560150fc2313b3202725a867 (544732 bytes)
Restored 270/358: 2d6b14e94896a51db969638ade3b140921f1c752 (361402 bytes)
Restored 271/358: 2c065cde8cf680985aa28eed4866c9a4ade1aab1 (706092 bytes)
Restored 272/358: 3d01ce2a1effecee60f7a6906e648dd83f8f8f80 (493937 bytes)
Restored 273/358: 10f0f3bdad802e9e2db6316f6d7de07053a5bcc5 (1060 bytes)
Restored 274/358: 0ab3d912e1cd86b831e3de82730567714f25e33f (1054 bytes)
Restored 275/358: c74c4f5d15a8afc4793b7c5726f3f9df9e97cb2a (1033 bytes)
Restored 276/358: 5821c39fa07a2018740cd77272b10dd4fe7e413c (1045 bytes)
Restored 277/358: 0303c1577e008b4e62b679d4ce88e84b1d8cbb0d (228962 bytes)
Restored 278/358: 46c15ac076151481496e0ee1f9737e9e938c835c (530621 bytes)
Restored 279/358: b2be1f0f42793038212e5469088fd793283f24f4 (821679 bytes)
Restored 280/358: 357cacd4391db223dce96a2c9a7d7c5505c247ad (817383 bytes)
Restored 281/358: 72107843d6b07b429d34ee6ad8a828bb1b591d8b (1050 bytes)
Restored 282/358: 0fb5f7f58e1bca063135ed288f48ec99bb7dc1b7 (1047 bytes)
Restored 283/358: 819689abb784b20548a1709ee6338342e27b5ac8 (1060 bytes)
Restored 284/358: 78c5c29d338c0313533dc4e60e8faa4e632b0e43 (1048 bytes)
Restored 285/358: c972e4c01ec3695506ac88cdb11622922a625699 (491470 bytes)
Restored 286/358: 720aca83a1355c97174a1dcc2236e8253ab275bc (851659 bytes)
Restored 287/358: 4aa03edbee91e1bbdbacc2a5746d95e45eec79ea (533317 bytes)
Restored 288/358: 89d225833fe0f1a691bac5804bd0aba97b716639 (1460331 bytes)
Restored 289/358: 5746bf4303a5c55502a9ce095755ef6292c052c3 (1038 bytes)
Restored 290/358: 12f4a2152623b67ccf37cd8a39e9cd0b4c16c88b (140 bytes)
Restored 291/358: e4eff8e066e3b427ad1a455b5e14c20936335ee3 (20 bytes)
Restored 292/358: ed1f8fcae4f02e3c973f2e6c281302607e7238ae (539 bytes)
Restored 293/358: ec543c77b4512beb8329f2b1e2ce3e9b72122719 (1236 bytes)
Restored 294/358: e5ccc7f95e2e01e388ba31e9ccf30c75f87bc54c (4754 bytes)
Restored 295/358: 7a5b240406f747c19adafff7ddc858ec48bd478a (20 bytes)
Restored 296/358: 8b63a8fe9cd0f48687537096b8d43befa79e71c7 (484264 bytes)
Restored 297/358: da6f6adfcb389779eabcafe327861595afc97c23 (268 bytes)
Restored 298/358: a3f4901bfc111cce98d219691a500985956c28c2 (349 bytes)
Restored 299/358: cfa56ce432f90aa483979caa1227d0565c9416bd (185 bytes)
Restored 300/358: 998a37d470446f1c1592d6319ee660886ffe1cd6 (20 bytes)
Restored 301/358: 85747750b4b6f40e90e9d338fbb27b8fe9ad48ec (20 bytes)
Restored 302/358: 4f710777cf9de47f3d1daa2613e21dcbd76bad83 (20 bytes)
Restored 303/358: dc28b3dca2b38fbafc3dd22d5a6877ed4d0ba507 (20 bytes)
Restored 304/358: 6401aeffe52b9a6ef5b15ff2a2cf57312acaca96 (347 bytes)
Restored 305/358: 2f8557062bc84716480802e6429ff912cbebcbce (4132 bytes)
Restored 306/358: aa1b7f813362158bb304b865549a2ca03eec2d1c (280 bytes)
Restored 307/358: b9ae8e3325c6396e173842a73b931b3e9aa8093e (745 bytes)
Restored 308/358: 30a871eeb0df403e9407fdb7ca7bf272bffcd031 (3156 bytes)
Restored 309/358: 9546edcb15ae3428543725b0ff5270a721976874 (1467 bytes)
Restored 310/358: f3e84831bfa51e4fc64f178381f6159cadba91da (20 bytes)
Restored 311/358: 4696406ef2731804428712ccb373be0d9a1ada98 (20 bytes)
Restored 312/358: ca3ae6dc6eeb19dc0fcf5d5ed61c6295ed1e9027 (20 bytes)
Restored 313/358: 00192daaaff286c0a692ddba069b5dd02f5ad81e (20 bytes)
Restored 314/358: 9e7286b5b962f6300f8960b87195dfa9adacdf6b (788 bytes)
Restored 315/358: 21693a1c5037c184e1bf435b58a6718da4025afa (3786 bytes)
Restored 316/358: ee2ab76bd9176c0ed5c39f2f8975ac40202777fb (15480 bytes)
Restored 317/358: 66d17768318db81938a43c3cfa8a14460b4eca74 (20 bytes)
Restored 318/358: 7d58206d6c827bc76077699942ba35c64d9c29ee (405 bytes)
Restored 319/358: bcb279e88c08e29fe7c563460c24ac961f1bc158 (20 bytes)
Restored 320/358: 0ac029fd08117448afe13463d119e9184c6fc50d (6158 bytes)
Restored 321/358: 532655aeaf9eaf3c43690fc928ba0133927665b8 (19 bytes)
Restored 322/358: bba96564175aebfa0e6b8b2edddcdbb0dc5a0dd0 (20 bytes)
Restored 323/358: 27231b0320305a882923adaeea7af94388dd4e1a (20 bytes)
Restored 324/358: 7afde87ca1bfaeb52716e4a02f32282417a32ea3 (3864 bytes)
Restored 325/358: b0e3159a137388f181d1c90929f2a96240b247ce (7223 bytes)
Restored 326/358: d403508f18724bf435744e729a59be2358808c7f (10479 bytes)
Restored 327/358: 7d410847d6118f9dd9ef61073799c8c536e49fc5 (20 bytes)
Restored 328/358: 05ae2bd6caa5cc4c0b119cd78b13c62cb0dbeba4 (196 bytes)
Restored 329/358: e0b470d5abe2934b33adbca8063732ed4f7b343d (20 bytes)
Restored 330/358: 1b21bf7663e66fe8cab8bde9899fd81565df2b14 (6304 bytes)
Restored 331/358: cd84b2c561b00218bb934ab52f63104a05cd676f (4641 bytes)
Restored 332/358: 65e06c66c534b0b1b43abf11a1d882b82ca39486 (20 bytes)
Restored 333/358: 88987165fb88ba290a90d6ba20be7be78bfb5665 (7193 bytes)
Restored 334/358: 9400c5c7523eb87a4685b4ca9e7ffb608c47c877 (2877 bytes)
Restored 335/358: 5489e559336c400cfb3397fc3b7973e730a315b5 (246 bytes)
Restored 336/358: 853176cf806b8883f22371bcc45a5a38750d386f (6261 bytes)
Restored 337/358: 90e15225c6c877300a13af4ef0372cfc75dbff21 (707 bytes)
Restored 338/358: e8395e11c3c7a1f3639a96e09fae0eec67bbdc05 (20 bytes)
Restored 339/358: 051b60c63f232c4ca3e8ab2f6151c12519548539 (19 bytes)
Restored 340/358: 3402366de02d44420c9aaddb5c888acd56d082bb (642 bytes)
Restored 341/358: 758ac7999870db7222b7f31d76773a1e917796b9 (707 bytes)
Restored 342/358: 742caf331ca86df0774abfbda0157ede0008c175 (873 bytes)
Restored 343/358: d5ce9fb00635c6b61678753e3f22be3948d18566 (11191 bytes)
Restored 344/358: b580a368cd40785732dce9b1ade7d92a21e31c8b (13346 bytes)
Restored 345/358: 365a7bc8f2a2d2d583c14018e4f031f08316fb06 (6750 bytes)
Restored 346/358: 4dcd15f0b78261851f562879a87604e244e4d908 (13128 bytes)
Restored 347/358: f11d8713e98b461883549d9ed2a5917ea63e2753 (7504 bytes)
Restored 348/358: fe951c9ae975b8cedfd7658f1c3aab1e69258618 (1975 bytes)
Restored 349/358: 551df2855674f548aaf4c0c811b1a824528e30d6 (3543 bytes)
Restored 350/358: 1df794b640addf2c3eaecfba7373636fab9f14fc (4741 bytes)
Restored 351/358: 3e966ae9a8c42151f4341d845193a2fe281f5251 (4157 bytes)
Restored 352/358: e9e3f2ec2ff6e93a74199d94ed7b606302503e26 (1760 bytes)
Restored 353/358: 7675ea213d84409eaf810ebe8bc2f66762cedf99 (5245 bytes)
Restored 354/358: c512404b4d2f7efc44dbd11f629711b6f96eccb5 (5091 bytes)
Restored 355/358: 2765dafb6d941f116eed99912b85f3ffd6cf6f0e (9381 bytes)
Restored 356/358: 892c754ea6433d097a4bfea3869937fe51c17efd (1059 bytes)
Restored 357/358: e4741c294d4f0cb19ed2a6075da15874b174d1eb (7080 bytes)
Restored 358/358: 2acb06fbc0502fbae983a9731b59fc83813f990b (4334 bytes)
HYDRATION PASS: all 500 HEAD blobs available; refs unchanged
exit=0
