SUPERSEDED: relative-path run did not establish opened-source location; see absolute-path fresh_verify.log for the accepted gate.
$ /workspace/scratch/4f0b36b4bb0e/toolchain/bin/blender --background assets/3d/blender/archive_kit/archive_kit_sample.blend --python-exit-code 1 --python tools/verify_archive_kit_source.py
BLENDER_KIT_MODULE PASS: wall_2m triangles= 108 surfaces= 1 closed positive volume; metric UVs; unit normals/tangents; pivot/transforms/bounds
BLENDER_KIT_MODULE PASS: wall_4m triangles= 212 surfaces= 1 closed positive volume; metric UVs; unit normals/tangents; pivot/transforms/bounds
BLENDER_KIT_MODULE PASS: arch_4m triangles= 1412 surfaces= 2 closed positive volume; metric UVs; unit normals/tangents; pivot/transforms/bounds
BLENDER_KIT_APERTURE PASS: real passage/blocker rays; all 32 contract crown segments present
BLENDER_KIT_MODULE PASS: floor_1m triangles= 20 surfaces= 1 closed positive volume; metric UVs; unit normals/tangents; pivot/transforms/bounds
BLENDER_KIT_MODULE PASS: pier_4m triangles= 332 surfaces= 2 closed positive volume; metric UVs; unit normals/tangents; pivot/transforms/bounds
BLENDER_KIT_JUNCTION_COVER PASS: actual shaft/base/cap mesh covers wall overlap at 20 section rays
BLENDER_ARCHIVE_KIT PASS: reopened five original modules; actual topology, aperture, UV density, normals, pivots and envelopes
Blender 4.5.14 LTS (hash 62c1db4208e8 built 2026-09-15 01:31:19)
Read blend: "/workspace/scratch/4f0b36b4bb0e/wlr-art-integration/assets/3d/blender/archive_kit/archive_kit_sample.blend"

Blender quit
exit=0
$ /workspace/scratch/4f0b36b4bb0e/toolchain/bin/godot --headless --editor --path game --quit
Godot Engine v4.7.2.stable.official.ed1daf0bf - https://godotengine.org

[   0% ] [90m[1mfirst_scan_filesystem[22m | Started Project initialization (5 steps)[39m[0m
[   0% ] [90m[1mfirst_scan_filesystem[22m | Scanning file structure...[39m[0m
[  16% ] [90m[1mfirst_scan_filesystem[22m | Loading global class names...[39m[0m
[  33% ] [90m[1mfirst_scan_filesystem[22m | Verifying GDExtensions...[39m[0m
[  50% ] [90m[1mfirst_scan_filesystem[22m | Creating autoload scripts...[39m[0m
[  66% ] [90m[1mfirst_scan_filesystem[22m | Initializing plugins...[39m[0m
[  83% ] [90m[1mfirst_scan_filesystem[22m | Starting file scan...[39m[0m
[92m[ DONE ][39m [1mfirst_scan_filesystem[22m
[0m
[   0% ] [90m[1mupdate_scripts_classes[22m | Started Registering global classes... (20 steps)[39m[0m
[   0% ] [90m[1mupdate_scripts_classes[22m | [39m[0m
[   4% ] [90m[1mupdate_scripts_classes[22m | [39m[0m
[   9% ] [90m[1mupdate_scripts_classes[22m | [39m[0m
[  14% ] [90m[1mupdate_scripts_classes[22m | [39m[0m
[  19% ] [90m[1mupdate_scripts_classes[22m | [39m[0m
[  23% ] [90m[1mupdate_scripts_classes[22m | [39m[0m
[  28% ] [90m[1mupdate_scripts_classes[22m | [39m[0m
[  33% ] [90m[1mupdate_scripts_classes[22m | [39m[0m
[  38% ] [90m[1mupdate_scripts_classes[22m | [39m[0m
[  42% ] [90m[1mupdate_scripts_classes[22m | [39m[0m
[  47% ] [90m[1mupdate_scripts_classes[22m | [39m[0m
[  52% ] [90m[1mupdate_scripts_classes[22m | [39m[0m
[  57% ] [90m[1mupdate_scripts_classes[22m | [39m[0m
[  61% ] [90m[1mupdate_scripts_classes[22m | [39m[0m
[  66% ] [90m[1mupdate_scripts_classes[22m | [39m[0m
[  71% ] [90m[1mupdate_scripts_classes[22m | [39m[0m
[  76% ] [90m[1mupdate_scripts_classes[22m | [39m[0m
[  80% ] [90m[1mupdate_scripts_classes[22m | [39m[0m
[  85% ] [90m[1mupdate_scripts_classes[22m | [39m[0m
[  90% ] [90m[1mupdate_scripts_classes[22m | [39m[0m
[92m[ DONE ][39m [1mupdate_scripts_classes[22m
[0m
[   0% ] [90m[1m_update_scan_actions[22m | Started Scanning actions... (26 steps)[39m[0m
[   0% ] [90m[1m_update_scan_actions[22m | sm_archive_arch_4m.glb[39m[0m
[   3% ] [90m[1m_update_scan_actions[22m | sm_archive_floor_1m.glb[39m[0m
[   7% ] [90m[1m_update_scan_actions[22m | sm_archive_pier_4m.glb[39m[0m
[  11% ] [90m[1m_update_scan_actions[22m | sm_archive_wall_2m.glb[39m[0m
[  14% ] [90m[1m_update_scan_actions[22m | sm_archive_wall_4m.glb[39m[0m
[  18% ] [90m[1m_update_scan_actions[22m | sm_pipeline_meter_cube.glb[39m[0m
[  22% ] [90m[1m_update_scan_actions[22m | t_aged_brass_albedo.png[39m[0m
[  25% ] [90m[1m_update_scan_actions[22m | t_aged_brass_normal.png[39m[0m
[  29% ] [90m[1m_update_scan_actions[22m | t_aged_brass_orm.png[39m[0m
[  33% ] [90m[1m_update_scan_actions[22m | t_aged_leather_albedo.png[39m[0m
[  37% ] [90m[1m_update_scan_actions[22m | t_aged_leather_normal.png[39m[0m
[  40% ] [90m[1m_update_scan_actions[22m | t_aged_leather_orm.png[39m[0m
[  44% ] [90m[1m_update_scan_actions[22m | t_dark_iron_albedo.png[39m[0m
[  48% ] [90m[1m_update_scan_actions[22m | t_dark_iron_normal.png[39m[0m
[  51% ] [90m[1m_update_scan_actions[22m | t_dark_iron_orm.png[39m[0m
[  55% ] [90m[1m_update_scan_actions[22m | t_dark_walnut_albedo.png[39m[0m
[  59% ] [90m[1m_update_scan_actions[22m | t_dark_walnut_normal.png[39m[0m
[  62% ] [90m[1m_update_scan_actions[22m | t_dark_walnut_orm.png[39m[0m
[  66% ] [90m[1m_update_scan_actions[22m | t_memory_glass_normal.png[39m[0m
[  70% ] [90m[1m_update_scan_actions[22m | t_memory_glass_roughness.png[39m[0m
[  74% ] [90m[1m_update_scan_actions[22m | t_observatory_stone_albedo.png[39m[0m
[  77% ] [90m[1m_update_scan_actions[22m | t_observatory_stone_normal.png[39m[0m
[  81% ] [90m[1m_update_scan_actions[22m | t_observatory_stone_orm.png[39m[0m
[  85% ] [90m[1m_update_scan_actions[22m | t_woven_textile_albedo.png[39m[0m
[  88% ] [90m[1m_update_scan_actions[22m | t_woven_textile_normal.png[39m[0m
[  92% ] [90m[1m_update_scan_actions[22m | t_woven_textile_orm.png[39m[0m
[92m[ DONE ][39m [1m_update_scan_actions[22m
[0m
[   0% ] [90m[1mreimport[22m | Started (Re)Importing Assets (26 steps)[39m[0m
[   0% ] [90m[1mreimport[22m | Preparing files to reimport...[39m[0m
[   3% ] [90m[1mreimport[22m | Preparing files to reimport...[39m[0m
[   7% ] [90m[1mreimport[22m | Preparing files to reimport...[39m[0m
[  11% ] [90m[1mreimport[22m | Preparing files to reimport...[39m[0m
[  14% ] [90m[1mreimport[22m | Preparing files to reimport...[39m[0m
[  18% ] [90m[1mreimport[22m | Preparing files to reimport...[39m[0m
[  22% ] [90m[1mreimport[22m | Preparing files to reimport...[39m[0m
[  25% ] [90m[1mreimport[22m | Preparing files to reimport...[39m[0m
[  29% ] [90m[1mreimport[22m | Preparing files to reimport...[39m[0m
[  33% ] [90m[1mreimport[22m | Preparing files to reimport...[39m[0m
[  37% ] [90m[1mreimport[22m | Preparing files to reimport...[39m[0m
[  40% ] [90m[1mreimport[22m | Preparing files to reimport...[39m[0m
[  44% ] [90m[1mreimport[22m | Preparing files to reimport...[39m[0m
[  48% ] [90m[1mreimport[22m | Preparing files to reimport...[39m[0m
[  51% ] [90m[1mreimport[22m | Preparing files to reimport...[39m[0m
[  55% ] [90m[1mreimport[22m | Preparing files to reimport...[39m[0m
[  59% ] [90m[1mreimport[22m | Preparing files to reimport...[39m[0m
[  62% ] [90m[1mreimport[22m | Preparing files to reimport...[39m[0m
[  66% ] [90m[1mreimport[22m | Preparing files to reimport...[39m[0m
[  70% ] [90m[1mreimport[22m | Preparing files to reimport...[39m[0m
[  74% ] [90m[1mreimport[22m | Preparing files to reimport...[39m[0m
[  77% ] [90m[1mreimport[22m | Preparing files to reimport...[39m[0m
[  81% ] [90m[1mreimport[22m | Preparing files to reimport...[39m[0m
[  85% ] [90m[1mreimport[22m | Preparing files to reimport...[39m[0m
[  88% ] [90m[1mreimport[22m | Preparing files to reimport...[39m[0m
[  92% ] [90m[1mreimport[22m | Preparing files to reimport...[39m[0m
[   0% ] [90m[1mreimport[22m | Executing pre-reimport operations...[39m[0m
[   0% ] [90m[1mpreload_reimporting_scene[22m | Started Preparing scenes for reload (1 steps)[39m[0m
[   0% ] [90m[1mpreload_reimporting_scene[22m | Analyzing scene [empty][39m[0m
[  50% ] [90m[1mpreload_reimporting_scene[22m | Preparation done.[39m[0m
[92m[ DONE ][39m [1mpreload_reimporting_scene[22m
[0m
[   0% ] [90m[1mreimport[22m | t_woven_textile_orm.png[39m[0m
[   3% ] [90m[1mreimport[22m | t_woven_textile_normal.png[39m[0m
[   7% ] [90m[1mreimport[22m | t_woven_textile_albedo.png[39m[0m
[  11% ] [90m[1mreimport[22m | t_observatory_stone_orm.png[39m[0m
[  14% ] [90m[1mreimport[22m | t_observatory_stone_normal.png[39m[0m
[  18% ] [90m[1mreimport[22m | t_observatory_stone_albedo.png[39m[0m
[  22% ] [90m[1mreimport[22m | t_memory_glass_roughness.png[39m[0m
[  25% ] [90m[1mreimport[22m | t_memory_glass_normal.png[39m[0m
[  29% ] [90m[1mreimport[22m | t_dark_walnut_orm.png[39m[0m
[  33% ] [90m[1mreimport[22m | t_dark_walnut_normal.png[39m[0m
[  37% ] [90m[1mreimport[22m | t_dark_walnut_albedo.png[39m[0m
[  40% ] [90m[1mreimport[22m | t_dark_iron_orm.png[39m[0m
[  40% ] [90m[1mreimport[22m | t_dark_iron_orm.png[39m[0m
[  44% ] [90m[1mreimport[22m | t_dark_iron_normal.png[39m[0m
[  48% ] [90m[1mreimport[22m | t_dark_iron_albedo.png[39m[0m
[  51% ] [90m[1mreimport[22m | t_aged_leather_orm.png[39m[0m
[  55% ] [90m[1mreimport[22m | t_aged_leather_normal.png[39m[0m
[  59% ] [90m[1mreimport[22m | t_aged_leather_albedo.png[39m[0m
[  62% ] [90m[1mreimport[22m | t_aged_brass_orm.png[39m[0m
[  66% ] [90m[1mreimport[22m | t_aged_brass_normal.png[39m[0m
[  70% ] [90m[1mreimport[22m | t_aged_brass_albedo.png[39m[0m
[  74% ] [90m[1mreimport[22m | sm_pipeline_meter_cube.glb[39m[0m
[   0% ] [90m[1mimport[22m | Started Import Scene (104 steps)[39m[0m
[   0% ] [90m[1mimport[22m | Importing Scene...[39m[0m
[   1% ] [90m[1mimport[22m | Running Custom Script...[39m[0m
[  99% ] [90m[1mimport[22m | Saving...[39m[0m
[92m[ DONE ][39m [1mimport[22m
[0m
[  77% ] [90m[1mreimport[22m | sm_archive_wall_4m.glb[39m[0m
[   0% ] [90m[1mimport[22m | Started Import Scene (104 steps)[39m[0m
[   0% ] [90m[1mimport[22m | Importing Scene...[39m[0m
[   1% ] [90m[1mimport[22m | Running Custom Script...[39m[0m
[  99% ] [90m[1mimport[22m | Saving...[39m[0m
[92m[ DONE ][39m [1mimport[22m
[0m
[  81% ] [90m[1mreimport[22m | sm_archive_wall_2m.glb[39m[0m
[   0% ] [90m[1mimport[22m | Started Import Scene (104 steps)[39m[0m
[   0% ] [90m[1mimport[22m | Importing Scene...[39m[0m
[   1% ] [90m[1mimport[22m | Running Custom Script...[39m[0m
[  99% ] [90m[1mimport[22m | Saving...[39m[0m
[92m[ DONE ][39m [1mimport[22m
[0m
[  85% ] [90m[1mreimport[22m | sm_archive_pier_4m.glb[39m[0m
[   0% ] [90m[1mimport[22m | Started Import Scene (104 steps)[39m[0m
[   0% ] [90m[1mimport[22m | Importing Scene...[39m[0m
[   1% ] [90m[1mimport[22m | Running Custom Script...[39m[0m
[  99% ] [90m[1mimport[22m | Saving...[39m[0m
[92m[ DONE ][39m [1mimport[22m
[0m
[  88% ] [90m[1mreimport[22m | sm_archive_floor_1m.glb[39m[0m
[   0% ] [90m[1mimport[22m | Started Import Scene (104 steps)[39m[0m
[   0% ] [90m[1mimport[22m | Importing Scene...[39m[0m
[   1% ] [90m[1mimport[22m | Running Custom Script...[39m[0m
[  99% ] [90m[1mimport[22m | Saving...[39m[0m
[92m[ DONE ][39m [1mimport[22m
[0m
[  92% ] [90m[1mreimport[22m | sm_archive_arch_4m.glb[39m[0m
[   0% ] [90m[1mimport[22m | Started Import Scene (104 steps)[39m[0m
[   0% ] [90m[1mimport[22m | Importing Scene...[39m[0m
[   1% ] [90m[1mimport[22m | Running Custom Script...[39m[0m
[  99% ] [90m[1mimport[22m | Saving...[39m[0m
[92m[ DONE ][39m [1mimport[22m
[0m
[  96% ] [90m[1mreimport[22m | Finalizing Asset Import...[39m[0m
[92m[ DONE ][39m [1mreimport[22m
[0m
[   0% ] [90m[1mreimport[22m | Started (Re)Importing Assets (26 steps)[39m[0m
[   0% ] [90m[1mreimport[22m | Executing post-reimport operations...[39m[0m
[92m[ DONE ][39m [1mreimport[22m
[0m
[   0% ] [90m[1mloading_editor_layout[22m | Started Loading editor (5 steps)[39m[0m
[   0% ] [90m[1mloading_editor_layout[22m | Loading editor layout...[39m[0m
[  16% ] [90m[1mloading_editor_layout[22m | Loading docks...[39m[0m
[92m[ DONE ][39m [1mloading_editor_layout[22m
[0m
exit=0
$ /workspace/scratch/4f0b36b4bb0e/toolchain/bin/godot --headless --path game --max-fps 60 --quit-after 2400 --script res://tests/archive_kit_smoke.gd
Godot Engine v4.7.2.stable.official.ed1daf0bf - https://godotengine.org

ARCHIVE_KIT_GEOMETRY PASS: wall_2m; triangles=108; surfaces=1; external materials; metric UVs; normals/tangents; bounds/pivots/anchors/yaws; script-free
ARCHIVE_KIT_GEOMETRY PASS: wall_4m; triangles=212; surfaces=1; external materials; metric UVs; normals/tangents; bounds/pivots/anchors/yaws; script-free
ARCHIVE_KIT_GEOMETRY PASS: arch_4m; triangles=1412; surfaces=2; external materials; metric UVs; normals/tangents; bounds/pivots/anchors/yaws; script-free
ARCHIVE_KIT_GEOMETRY PASS: floor_1m; triangles=20; surfaces=1; external materials; metric UVs; normals/tangents; bounds/pivots/anchors/yaws; script-free
ARCHIVE_KIT_GEOMETRY PASS: pier_4m; triangles=332; surfaces=2; external materials; metric UVs; normals/tangents; bounds/pivots/anchors/yaws; script-free
ARCHIVE_KIT_FLOOR PASS: 162 actual top/seam rays, continuous Y=0
ARCHIVE_KIT_BLOCKERS PASS: six actual capsule sweeps + crown ray; aperture stays open
ARCHIVE_KIT_WALK PASS: yaw=0.0; lane=-0.75; final=(-0.75, 0.000839, 1.549996); feet_y_range=-0.00016602571122..0.00092893448891
ARCHIVE_KIT_WALK PASS: yaw=0.0; lane=0.0; final=(0.0, 0.000936, 1.55); feet_y_range=0.00008764764061..0.00094133085804
ARCHIVE_KIT_WALK PASS: yaw=0.0; lane=0.75; final=(0.75, 0.00084, 1.550001); feet_y_range=0.00001699413406..0.0009277825593
ARCHIVE_KIT_FLOOR PASS: 162 actual top/seam rays, continuous Y=0
ARCHIVE_KIT_BLOCKERS PASS: six actual capsule sweeps + crown ray; aperture stays open
ARCHIVE_KIT_WALK PASS: yaw=90.0000025044782; lane=-0.75; final=(-0.75, 0.00084, 1.550001); feet_y_range=-0.00000647926936..0.00093221617863
ARCHIVE_KIT_WALK PASS: yaw=90.0000025044782; lane=0.0; final=(0.0, 0.000109, 1.550106); feet_y_range=0.00008764065569..0.00093617924722
ARCHIVE_KIT_WALK PASS: yaw=90.0000025044782; lane=0.75; final=(0.75, 0.00084, 1.549995); feet_y_range=-0.00000563816866..0.00093356886646
ARCHIVE_KIT_FLOOR PASS: 162 actual top/seam rays, continuous Y=0
ARCHIVE_KIT_BLOCKERS PASS: six actual capsule sweeps + crown ray; aperture stays open
ARCHIVE_KIT_WALK PASS: yaw=180.000005008956; lane=-0.75; final=(-0.75, 0.000835, 1.55); feet_y_range=-0.00021010369528..0.00093391345581
ARCHIVE_KIT_WALK PASS: yaw=180.000005008956; lane=0.0; final=(0.0, 0.000936, 1.55); feet_y_range=0.00009769253666..0.00094134989195
ARCHIVE_KIT_WALK PASS: yaw=180.000005008956; lane=0.75; final=(0.75, 0.00084, 1.55); feet_y_range=-0.00000578560866..0.00093422661303
ARCHIVE_KIT_FLOOR PASS: 162 actual top/seam rays, continuous Y=0
ARCHIVE_KIT_BLOCKERS PASS: six actual capsule sweeps + crown ray; aperture stays open
ARCHIVE_KIT_WALK PASS: yaw=270.000000683245; lane=-0.75; final=(-0.75, 0.000108, 1.55); feet_y_range=-0.00000586902024..0.00093153357739
ARCHIVE_KIT_WALK PASS: yaw=270.000000683245; lane=0.0; final=(0.0, 0.000109, 1.550035); feet_y_range=0.00010234850924..0.00094135967083
ARCHIVE_KIT_WALK PASS: yaw=270.000000683245; lane=0.75; final=(0.75, 0.000045, 1.55); feet_y_range=-0.00000569614349..0.00093356036814
ARCHIVE_KIT_FLOOR PASS: 162 actual top/seam rays, continuous Y=0
ARCHIVE_KIT_BLOCKERS PASS: six actual capsule sweeps + crown ray; aperture stays open
ARCHIVE_KIT_WALK PASS: yaw=0.0; lane=-0.75; final=(-0.75, 0.000839, 1.549996); feet_y_range=-0.00016602571122..0.00092893448891
ARCHIVE_KIT_WALK PASS: yaw=0.0; lane=0.0; final=(0.0, 0.000128, 1.549995); feet_y_range=0.00008764764061..0.00094140099827
ARCHIVE_KIT_WALK PASS: yaw=0.0; lane=0.75; final=(0.75, 0.00084, 1.550001); feet_y_range=0.00001699413406..0.0009277825593
ARCHIVE_KIT_CORNER PASS: one pier owns actual right-angle join; anchors and isolated pier capsule sweeps pass at four yaws
ARCHIVE_KIT PASS: five imported modules; primary instances=63; triangles=4284; authored_surfaces=68; replacement_triangles=4288; 15 real capsule traversals; floor continuity; blockers; yaws; material reuse; script-free
exit=0
$ python tools/run_graphical.py --graphics-prefix /workspace/scratch/4f0b36b4bb0e/toolchain/graphics --godot /workspace/scratch/4f0b36b4bb0e/toolchain/bin/godot --timeout 90 --expect 'ENGINE_PREFLIGHT PASS' -- --path game --max-fps 30 --quit-after 1200 --script res://tests/engine_preflight.gd
$ /workspace/scratch/4f0b36b4bb0e/toolchain/graphics/usr/bin/Xvfb :100 -screen 0 1920x1080x24 -listen tcp -nolisten unix -nolisten local -noreset -auth /tmp/wlr-x11-ulw8t3nd/Xauthority
DISPLAY=127.0.0.1:100; VK_ICD_FILENAMES=/workspace/scratch/4f0b36b4bb0e/toolchain/graphics/usr/share/vulkan/icd.d/lvp_icd.json
X11_TCP_AUTH PASS: valid cookie accepted; unauthenticated client rejected
$ /workspace/scratch/4f0b36b4bb0e/toolchain/godot-4.7.2/Godot_v4.7.2-stable_linux.x86_64 --display-driver x11 --rendering-driver vulkan --rendering-method forward_plus --audio-driver Dummy --path game --max-fps 30 --quit-after 1200 --script res://tests/engine_preflight.gd
GRAPHICAL_RUN PASS: exit=0

Godot stdout/stderr:
Godot Engine v4.7.2.stable.official.ed1daf0bf - https://godotengine.org
Vulkan 1.4.318 - Forward+ - Using Device #0: Unknown - llvmpipe (LLVM 20.1.2, 256 bits)

ENGINE_PREFLIGHT runtime: {"csharp":false,"display":"X11","driver":"vulkan","executable":"/workspace/scratch/4f0b36b4bb0e/toolchain/godot-4.7.2/Godot_v4.7.2-stable_linux.x86_64","platform":"Linux","renderer":"forward_plus","version":{"build":"official","hash":"ed1daf0bf001b61586d9930840f2f1394092c079","hex":263938,"major":4,"minor":7,"patch":2,"status":"stable","string":"4.7.2-stable (official)","timestamp":0}}
ENGINE_PREFLIGHT PASS: GameRoot ready; 8 autoloads; baseline settings; requesting App safe exit


Xvfb stdout/stderr:
Warning: getifaddrs returns Operation not permitted
Warning: getifaddrs returns Operation not permitted
The XKEYBOARD keymap compiler (xkbcomp) reports:
> Warning:          Could not resolve keysym XF86CameraAccessEnable
> Warning:          Could not resolve keysym XF86CameraAccessDisable
> Warning:          Could not resolve keysym XF86CameraAccessToggle
> Warning:          Could not resolve keysym XF86NextElement
> Warning:          Could not resolve keysym XF86PreviousElement
> Warning:          Could not resolve keysym XF86AutopilotEngageToggle
> Warning:          Could not resolve keysym XF86MarkWaypoint
> Warning:          Could not resolve keysym XF86Sos
> Warning:          Could not resolve keysym XF86NavChart
> Warning:          Could not resolve keysym XF86FishingChart
> Warning:          Could not resolve keysym XF86SingleRangeRadar
> Warning:          Could not resolve keysym XF86DualRangeRadar
> Warning:          Could not resolve keysym XF86RadarOverlay
> Warning:          Could not resolve keysym XF86TraditionalSonar
> Warning:          Could not resolve keysym XF86ClearvuSonar
> Warning:          Could not resolve keysym XF86SidevuSonar
> Warning:          Could not resolve keysym XF86NavInfo
Errors from xkbcomp are not fatal to the X server
exit=0
$ git lfs fsck
Git LFS fsck OK
exit=0
$ git fsck --full --strict

exit=0
$ git status --porcelain

exit=0
FRESH_SOURCE_IMPORT_PHYSICS_GRAPHICAL_STARTUP_GIT_LFS_FSCK PASS
