Godot Engine v4.7.2.stable.official.ed1daf0bf - https://godotengine.org

ERROR: ARCHIVE_HUB_DOME FAIL: Every actual imported roof vertex inside unchanged original75degree camera frustum DomeDrum
   at: push_error (core/variant/variant_utility.cpp:1023)
   GDScript backtrace (most recent call first):
       [0] _check (res://tests/archive_hub_dome_smoke.gd:14)
       [1] _run (res://tests/archive_hub_dome_smoke.gd:71)
ERROR: ARCHIVE_HUB_DOME FAIL: Original route aperture center Routes/Wing01/Gate
   at: push_error (core/variant/variant_utility.cpp:1023)
   GDScript backtrace (most recent call first):
       [0] _check (res://tests/archive_hub_dome_smoke.gd:14)
       [1] _run (res://tests/archive_hub_dome_smoke.gd:85)
ERROR: ARCHIVE_HUB_DOME FAIL: Original route aperture center Routes/Wing02/Gate
   at: push_error (core/variant/variant_utility.cpp:1023)
   GDScript backtrace (most recent call first):
       [0] _check (res://tests/archive_hub_dome_smoke.gd:14)
       [1] _run (res://tests/archive_hub_dome_smoke.gd:85)
ERROR: ARCHIVE_HUB_DOME FAIL: Original route aperture center Routes/Wing03/Gate
   at: push_error (core/variant/variant_utility.cpp:1023)
   GDScript backtrace (most recent call first):
       [0] _check (res://tests/archive_hub_dome_smoke.gd:14)
       [1] _run (res://tests/archive_hub_dome_smoke.gd:85)
ERROR: ARCHIVE_HUB_DOME FAIL: Original route aperture center Routes/Wing04/Gate
   at: push_error (core/variant/variant_utility.cpp:1023)
   GDScript backtrace (most recent call first):
       [0] _check (res://tests/archive_hub_dome_smoke.gd:14)
       [1] _run (res://tests/archive_hub_dome_smoke.gd:85)
ERROR: ARCHIVE_HUB_DOME FAIL: Original route aperture center Routes/Wing05/Gate
   at: push_error (core/variant/variant_utility.cpp:1023)
   GDScript backtrace (most recent call first):
       [0] _check (res://tests/archive_hub_dome_smoke.gd:14)
       [1] _run (res://tests/archive_hub_dome_smoke.gd:85)
