$ /workspace/scratch/0e91a73a58d2/toolchain/graphics/usr/bin/Xvfb :100 -screen 0 1920x1080x24 -listen tcp -nolisten unix -nolisten local -noreset -auth /tmp/wlr-x11-78vqdzk0/Xauthority
DISPLAY=127.0.0.1:100; VK_ICD_FILENAMES=/workspace/scratch/0e91a73a58d2/toolchain/graphics/usr/share/vulkan/icd.d/lvp_icd.json
X11_TCP_AUTH PASS: valid cookie accepted; unauthenticated client rejected
$ /workspace/scratch/0e91a73a58d2/toolchain/godot/Godot_v4.7.2-stable_linux.x86_64 --display-driver x11 --rendering-driver vulkan --rendering-method forward_plus --audio-driver Dummy --path /tmp/wlr-owner-gallery-dyclh924/source/game --resolution 1280x720 res://tests/archive_owner_gallery_review.tscn -- --review-output=/workspace/scratch/0e91a73a58d2/repo/docs/production/evidence/archive_reconstruction/owner-gallery-native-20261008-1 --quality=low --preserve-display

Godot stdout/stderr:
Godot Engine v4.7.2.stable.official.ed1daf0bf - https://godotengine.org
Vulkan 1.4.318 - Forward+ - Using Device #0: Unknown - llvmpipe (LLVM 20.1.2, 256 bits)

ERROR: Controls shipping resume failed
   at: push_error (core/variant/variant_utility.cpp:1023)
   GDScript backtrace (most recent call first):
       [0] _run (res://tests/archive_owner_gallery_review.gd:41)
       [1] request_resume_stage (res://autoload/scene_router.gd:201)
       [2] _request_stage (res://autoload/scene_router.gd:298)
       [3] _preload_definition (res://autoload/scene_router.gd:97)
ERROR: Parse Error: Failed. [Resource file res://worlds/archive/modules/archive_bookcase.tscn:11]
   at: _parse_node_tag (scene/resources/resource_format_text.cpp:293)
ERROR: Failed loading resource: res://worlds/archive/modules/archive_bookcase.tscn.
   at: _load (core/io/resource_loader.cpp:317)
ERROR: Parse Error: Failed. [Resource file res://worlds/archive/wing01_books.tscn:7]
   at: _parse_node_tag (scene/resources/resource_format_text.cpp:293)
ERROR: Failed loading resource: res://worlds/archive/wing01_books.tscn.
   at: _load (core/io/resource_loader.cpp:317)
ERROR: res://worlds/archive/archive_main.tscn:68 - Parse Error: .
   at: _printerr (scene/resources/resource_format_text.cpp:41)
ERROR: Failed loading resource: res://worlds/archive/archive_main.tscn.
   at: _load (core/io/resource_loader.cpp:317)
WARNING: 9 ObjectDB instances were leaked at exit (run with `--verbose` for details).
   at: cleanup (core/object/object.cpp:2536)


Xvfb stdout/stderr:
Warning: getifaddrs returns Operation not permitted
Warning: getifaddrs returns Operation not permitted
The XKEYBOARD keymap compiler (xkbcomp) reports:
> Warning:          Could not resolve keysym XF86CameraAccessEnable
> Warning:          Could not resolve keysym XF86CameraAccessDisable
> Warning:          Could not resolve keysym XF86CameraAccessToggle
> Warning:          Could not resolve keysym XF86NextElement
> Warning:          Could not resolve keysym XF86PreviousElement
> Warning:          Could not resolve keysym XF86AutopilotEngageToggle
> Warning:          Could not resolve keysym XF86MarkWaypoint
> Warning:          Could not resolve keysym XF86Sos
> Warning:          Could not resolve keysym XF86NavChart
> Warning:          Could not resolve keysym XF86FishingChart
> Warning:          Could not resolve keysym XF86SingleRangeRadar
> Warning:          Could not resolve keysym XF86DualRangeRadar
> Warning:          Could not resolve keysym XF86RadarOverlay
> Warning:          Could not resolve keysym XF86TraditionalSonar
> Warning:          Could not resolve keysym XF86ClearvuSonar
> Warning:          Could not resolve keysym XF86SidevuSonar
> Warning:          Could not resolve keysym XF86NavInfo
Errors from xkbcomp are not fatal to the X server

Traceback (most recent call last):
  File "/workspace/scratch/0e91a73a58d2/repo/tools/run_graphical.py", line 145, in <module>
    main()
  File "/workspace/scratch/0e91a73a58d2/repo/tools/run_graphical.py", line 130, in main
    raise RuntimeError(f'Godot failed: exit={code}; see captured output')
RuntimeError: Godot failed: exit=1; see captured output
