Godot Engine v4.7.2.stable.official.ed1daf0bf - https://godotengine.org

ROUTE_PHYSICS: Gate1 state=0 forward_distance=-0.47092995047569 grounded=true
ROUTE_PHYSICS: Gate2 state=0 forward_distance=-0.47093063592911 grounded=true
ROUTE_PHYSICS: Gate3 state=0 forward_distance=-0.47070527076721 grounded=true
ROUTE_PHYSICS: Gate4 state=0 forward_distance=-0.47093063592911 grounded=true
ROUTE_PHYSICS: Gate5 state=0 forward_distance=-0.47093063592911 grounded=true
ROUTE_PHYSICS: Gate1 state=1 forward_distance=-0.47093063592911 grounded=true
ROUTE_PHYSICS: Gate2 state=1 forward_distance=-0.47093063592911 grounded=true
ROUTE_PHYSICS: Gate3 state=1 forward_distance=-0.47070527076721 grounded=true
ROUTE_PHYSICS: Gate4 state=1 forward_distance=-0.47093063592911 grounded=true
ROUTE_PHYSICS: Gate5 state=1 forward_distance=-0.47093063592911 grounded=true
ROUTE_PHYSICS: Gate1 state=2 forward_distance=5.51999759674072 grounded=true
ROUTE_PHYSICS: Gate2 state=2 forward_distance=5.51999807357788 grounded=true
ROUTE_PHYSICS: Gate3 state=2 forward_distance=5.51999759674072 grounded=true
ROUTE_PHYSICS: Gate4 state=2 forward_distance=5.51999950408936 grounded=true
ROUTE_PHYSICS: Gate5 state=2 forward_distance=5.51999759674072 grounded=true
ROUTE_PHYSICS: Gate1 state=3 forward_distance=5.51999759674072 grounded=true
ROUTE_PHYSICS: Gate2 state=3 forward_distance=5.51999807357788 grounded=true
ROUTE_PHYSICS: Gate3 state=3 forward_distance=5.51999759674072 grounded=true
ROUTE_PHYSICS: Gate4 state=3 forward_distance=5.51999950408936 grounded=true
ROUTE_PHYSICS: Gate5 state=3 forward_distance=5.51999759674072 grounded=true
ROUTE_PHYSICS: Gate3 state=0 forward_distance=-0.47093063592911 grounded=true
ROUTE_PHYSICS: Gate3 state=2 forward_distance=5.51999950408936 grounded=true
ROUTE_CASE PASS: all five gates and four states, real capsule/floor, rotated route
ROUTE_CASE PASS: instant reload, interrupted opening/pulse and no duplicate signals
ROUTE_CASE PASS: detach/reparent lifetime, missing/queued/replaced bindings, invalid states
ROUTE_CASE PASS: frozen candidate, reentrant state ownership, transformed forward/return pulse
ARCHIVE_ROUTE PASS: 147 assertions; five prefab instances, actual capsule/floor,
instant restore, pulse, ownership/lifetime and binding rejection; globals/physical files unchanged
