Input #0, ogg, from '/tmp/wlr-audio-encode-8i_kbu61/mus_s01_archive_fragment_v01.attempt0.ogg':
  Duration: 00:02:53.00, start: 0.000000, bitrate: 134 kb/s
  Stream #0:0: Audio: vorbis, 48000 Hz, stereo, fltp, 160 kb/s
    Metadata:
      encoder         : Lavc60.31.102 libvorbis
Stream mapping:
  Stream #0:0 -> #0:0 (vorbis (native) -> pcm_s16le (native))
Output #0, null, to 'pipe:':
  Metadata:
    encoder         : Lavf60.16.100
  Stream #0:0: Audio: pcm_s16le, 48000 Hz, stereo, s16, 1536 kb/s
    Metadata:
      encoder         : Lavc60.31.102 pcm_s16le
[out#0/null @ 0x558101264a80] video:0kB audio:32438kB subtitle:0kB other streams:0kB global headers:0kB muxing overhead: unknown
size=N/A time=00:02:52.90 bitrate=N/A speed= 142x    
[Parsed_ebur128_0 @ 0x558101291540] Summary:

  Integrated loudness:
    I:         -16.5 LUFS
    Threshold: -26.7 LUFS

  Loudness range:
    LRA:         5.2 LU
    Threshold: -36.7 LUFS
    LRA low:   -20.1 LUFS
    LRA high:  -14.9 LUFS

  True peak:
    Peak:       -4.1 dBFS
