[aist#0:0/pcm_s16le @ 0x5569e93d5f00] Guessed Channel Layout: stereo
Input #0, wav, from '/workspace/scratch/af1393cbbc18/where-the-light-remains/assets/audio/music/B_Wings/shared/080_Quiet Exhale Through Evergreens.wav':
  Metadata:
    comment         : made with suno; created=2026-02-11T09:13:01Z; id=c475f5a2-c947-4bb9-8274-af13406d838f
    encoder         : Lavf60.16.100
  Duration: 00:02:08.56, bitrate: 1536 kb/s
  Stream #0:0: Audio: pcm_s16le ([1][0][0][0] / 0x0001), 48000 Hz, 2 channels, s16, 1536 kb/s
Stream mapping:
  Stream #0:0 -> #0:0 (pcm_s16le (native) -> pcm_s16le (native))
Output #0, null, to 'pipe:':
  Metadata:
    comment         : made with suno; created=2026-02-11T09:13:01Z; id=c475f5a2-c947-4bb9-8274-af13406d838f
    encoder         : Lavf60.16.100
  Stream #0:0: Audio: pcm_s16le, 48000 Hz, stereo, s16, 1536 kb/s
    Metadata:
      encoder         : Lavc60.31.102 pcm_s16le
[out#0/null @ 0x5569e93e6b80] video:0kB audio:24105kB subtitle:0kB other streams:0kB global headers:0kB muxing overhead: unknown
size=N/A time=00:02:08.50 bitrate=N/A speed= 164x    
[Parsed_ebur128_0 @ 0x5569e9419cc0] Summary:

  Integrated loudness:
    I:         -13.7 LUFS
    Threshold: -24.9 LUFS

  Loudness range:
    LRA:        16.5 LU
    Threshold: -34.9 LUFS
    LRA low:   -26.4 LUFS
    LRA high:   -9.9 LUFS

  True peak:
    Peak:       -3.0 dBFS
