[aist#0:0/pcm_s16le @ 0x55e92a4e6f40] Guessed Channel Layout: stereo
Input #0, wav, from '/workspace/scratch/af1393cbbc18/where-the-light-remains/assets/audio/music/A_Archive/shared/Mechanism Light.wav':
  Metadata:
    comment         : made with suno; created=2026-09-18T12:44:42Z; id=eb350c34-04b3-4556-8d42-b1c7761367be
    encoder         : Lavf60.16.100
  Duration: 00:02:12.76, bitrate: 1536 kb/s
  Stream #0:0: Audio: pcm_s16le ([1][0][0][0] / 0x0001), 48000 Hz, 2 channels, s16, 1536 kb/s
Stream mapping:
  Stream #0:0 -> #0:0 (pcm_s16le (native) -> pcm_s16le (native))
Output #0, null, to 'pipe:':
  Metadata:
    comment         : made with suno; created=2026-09-18T12:44:42Z; id=eb350c34-04b3-4556-8d42-b1c7761367be
    encoder         : Lavf60.16.100
  Stream #0:0: Audio: pcm_s16le, 48000 Hz, stereo, s16, 1536 kb/s
    Metadata:
      encoder         : Lavc60.31.102 pcm_s16le
size=       0kB time=00:00:00.00 bitrate=N/A speed=   0x    size=N/A time=00:01:15.70 bitrate=N/A speed= 150x    [out#0/null @ 0x55e92a4f7bc0] video:0kB audio:24892kB subtitle:0kB other streams:0kB global headers:0kB muxing overhead: unknown
size=N/A time=00:02:12.70 bitrate=N/A speed= 151x    
[Parsed_ebur128_0 @ 0x55e92a52ad80] Summary:

  Integrated loudness:
    I:         -15.2 LUFS
    Threshold: -25.4 LUFS

  Loudness range:
    LRA:         8.0 LU
    Threshold: -35.3 LUFS
    LRA low:   -20.2 LUFS
    LRA high:  -12.3 LUFS

  True peak:
    Peak:       -2.8 dBFS
