[aist#0:0/pcm_s16le @ 0x556ecd670f00] Guessed Channel Layout: stereo
Input #0, wav, from '/workspace/scratch/af1393cbbc18/where-the-light-remains/assets/audio/music/A_Archive/stages/S01_Hub/unique/Archive Awakening.wav':
  Metadata:
    comment         : made with suno; created=2026-09-18T12:43:34Z; id=54466285-0246-4062-b56b-79716238fa94
    encoder         : Lavf60.16.100
  Duration: 00:02:09.72, bitrate: 1536 kb/s
  Stream #0:0: Audio: pcm_s16le ([1][0][0][0] / 0x0001), 48000 Hz, 2 channels, s16, 1536 kb/s
Stream mapping:
  Stream #0:0 -> #0:0 (pcm_s16le (native) -> pcm_s16le (native))
Output #0, null, to 'pipe:':
  Metadata:
    comment         : made with suno; created=2026-09-18T12:43:34Z; id=54466285-0246-4062-b56b-79716238fa94
    encoder         : Lavf60.16.100
  Stream #0:0: Audio: pcm_s16le, 48000 Hz, stereo, s16, 1536 kb/s
    Metadata:
      encoder         : Lavc60.31.102 pcm_s16le
size=       0kB time=00:00:00.00 bitrate=N/A speed=   0x    size=N/A time=00:01:24.60 bitrate=N/A speed= 168x    [out#0/null @ 0x556ecd681b80] video:0kB audio:24322kB subtitle:0kB other streams:0kB global headers:0kB muxing overhead: unknown
size=N/A time=00:02:09.70 bitrate=N/A speed= 165x    
[Parsed_ebur128_0 @ 0x556ecd6b4d40] Summary:

  Integrated loudness:
    I:         -15.9 LUFS
    Threshold: -26.0 LUFS

  Loudness range:
    LRA:         8.0 LU
    Threshold: -36.0 LUFS
    LRA low:   -21.5 LUFS
    LRA high:  -13.5 LUFS

  True peak:
    Peak:       -3.2 dBFS
