[aist#0:0/pcm_s16le @ 0x555dfafa7ec0] Guessed Channel Layout: stereo
Input #0, wav, from '/workspace/scratch/af1393cbbc18/where-the-light-remains/assets/audio/music/A_Archive/stages/S00_Prologue/supplemental/Sparse Awakening.wav':
  Metadata:
    comment         : made with suno; created=2026-09-19T16:14:20Z; id=0d9252c7-eb44-4cd1-91d1-8c088f30dfe6
    encoder         : Lavf60.16.100
  Duration: 00:02:44.00, bitrate: 1536 kb/s
  Stream #0:0: Audio: pcm_s16le ([1][0][0][0] / 0x0001), 48000 Hz, 2 channels, s16, 1536 kb/s
Stream mapping:
  Stream #0:0 -> #0:0 (pcm_s16le (native) -> pcm_s16le (native))
Output #0, null, to 'pipe:':
  Metadata:
    comment         : made with suno; created=2026-09-19T16:14:20Z; id=0d9252c7-eb44-4cd1-91d1-8c088f30dfe6
    encoder         : Lavf60.16.100
  Stream #0:0: Audio: pcm_s16le, 48000 Hz, stereo, s16, 1536 kb/s
    Metadata:
      encoder         : Lavc60.31.102 pcm_s16le
size=       0kB time=00:00:00.00 bitrate=N/A speed=   0x    size=N/A time=00:01:17.90 bitrate=N/A speed= 155x    size=N/A time=00:02:41.60 bitrate=N/A speed= 161x    [out#0/null @ 0x555dfafb8b40] video:0kB audio:30750kB subtitle:0kB other streams:0kB global headers:0kB muxing overhead: unknown
size=N/A time=00:02:43.90 bitrate=N/A speed= 161x    
[Parsed_ebur128_0 @ 0x555dfafebd00] Summary:

  Integrated loudness:
    I:         -16.1 LUFS
    Threshold: -26.4 LUFS

  Loudness range:
    LRA:         9.8 LU
    Threshold: -36.3 LUFS
    LRA low:   -23.1 LUFS
    LRA high:  -13.3 LUFS

  True peak:
    Peak:       -3.5 dBFS
