[aist#0:0/pcm_s16le @ 0x558ed91d1f00] Guessed Channel Layout: stereo
Input #0, wav, from '/workspace/scratch/af1393cbbc18/where-the-light-remains/assets/audio/music/B_Wings/shared/024_Silent Roads Beneath the Frost.wav':
  Metadata:
    comment         : made with suno; created=2026-02-07T04:26:58Z; id=2829197d-f8db-4262-a6d1-1df5c34daf86
    encoder         : Lavf60.16.100
  Duration: 00:01:59.96, bitrate: 1536 kb/s
  Stream #0:0: Audio: pcm_s16le ([1][0][0][0] / 0x0001), 48000 Hz, 2 channels, s16, 1536 kb/s
Stream mapping:
  Stream #0:0 -> #0:0 (pcm_s16le (native) -> pcm_s16le (native))
Output #0, null, to 'pipe:':
  Metadata:
    comment         : made with suno; created=2026-02-07T04:26:58Z; id=2829197d-f8db-4262-a6d1-1df5c34daf86
    encoder         : Lavf60.16.100
  Stream #0:0: Audio: pcm_s16le, 48000 Hz, stereo, s16, 1536 kb/s
    Metadata:
      encoder         : Lavc60.31.102 pcm_s16le
size=       0kB time=00:00:00.00 bitrate=N/A speed=   0x    size=N/A time=00:01:18.10 bitrate=N/A speed= 155x    [out#0/null @ 0x558ed91e2b80] video:0kB audio:22492kB subtitle:0kB other streams:0kB global headers:0kB muxing overhead: unknown
size=N/A time=00:01:59.90 bitrate=N/A speed= 157x    
[Parsed_ebur128_0 @ 0x558ed9215d40] Summary:

  Integrated loudness:
    I:         -14.7 LUFS
    Threshold: -25.6 LUFS

  Loudness range:
    LRA:        14.8 LU
    Threshold: -35.6 LUFS
    LRA low:   -26.2 LUFS
    LRA high:  -11.4 LUFS

  True peak:
    Peak:       -2.8 dBFS
