[aist#0:0/pcm_s16le @ 0x555c39d50f40] Guessed Channel Layout: stereo
Input #0, wav, from '/workspace/scratch/af1393cbbc18/where-the-light-remains/assets/audio/music/A_Archive/shared/Activation Sequence.wav':
  Metadata:
    comment         : made with suno; created=2026-09-18T12:37:59Z; id=29806eb7-bf4a-474f-8e1c-dbe66b63eddd
    encoder         : Lavf60.16.100
  Duration: 00:01:57.40, bitrate: 1536 kb/s
  Stream #0:0: Audio: pcm_s16le ([1][0][0][0] / 0x0001), 48000 Hz, 2 channels, s16, 1536 kb/s
Stream mapping:
  Stream #0:0 -> #0:0 (pcm_s16le (native) -> pcm_s16le (native))
Output #0, null, to 'pipe:':
  Metadata:
    comment         : made with suno; created=2026-09-18T12:37:59Z; id=29806eb7-bf4a-474f-8e1c-dbe66b63eddd
    encoder         : Lavf60.16.100
  Stream #0:0: Audio: pcm_s16le, 48000 Hz, stereo, s16, 1536 kb/s
    Metadata:
      encoder         : Lavc60.31.102 pcm_s16le
size=       0kB time=00:00:00.00 bitrate=N/A speed=   0x    size=N/A time=00:01:17.00 bitrate=N/A speed= 153x    [out#0/null @ 0x555c39d61bc0] video:0kB audio:22012kB subtitle:0kB other streams:0kB global headers:0kB muxing overhead: unknown
size=N/A time=00:01:57.30 bitrate=N/A speed= 153x    
[Parsed_ebur128_0 @ 0x555c39d94d80] Summary:

  Integrated loudness:
    I:         -16.2 LUFS
    Threshold: -26.6 LUFS

  Loudness range:
    LRA:         8.5 LU
    Threshold: -36.5 LUFS
    LRA low:   -22.0 LUFS
    LRA high:  -13.5 LUFS

  True peak:
    Peak:       -3.1 dBFS
