Godot Engine v4.7.2.stable.official.ed1daf0bf - https://godotengine.org

ERROR: ARCHIVE_RUG FAIL: Actual longitudinal cloth passage -1.1, -1.0
   at: push_error (core/variant/variant_utility.cpp:1023)
   GDScript backtrace (most recent call first):
       [0] _check (res://tests/archive_rug_smoke.gd:14)
       [1] _run (res://tests/archive_rug_smoke.gd:94)
ERROR: ARCHIVE_RUG FAIL: Actual longitudinal cloth passage -1.1, 1.0
   at: push_error (core/variant/variant_utility.cpp:1023)
   GDScript backtrace (most recent call first):
       [0] _check (res://tests/archive_rug_smoke.gd:14)
       [1] _run (res://tests/archive_rug_smoke.gd:94)
ERROR: ARCHIVE_RUG FAIL: Actual longitudinal cloth passage 1.1, -1.0
   at: push_error (core/variant/variant_utility.cpp:1023)
   GDScript backtrace (most recent call first):
       [0] _check (res://tests/archive_rug_smoke.gd:14)
       [1] _run (res://tests/archive_rug_smoke.gd:94)
ERROR: ARCHIVE_RUG FAIL: Actual longitudinal cloth passage 1.1, 1.0
   at: push_error (core/variant/variant_utility.cpp:1023)
   GDScript backtrace (most recent call first):
       [0] _check (res://tests/archive_rug_smoke.gd:14)
       [1] _run (res://tests/archive_rug_smoke.gd:94)
