$ ../toolchain/bin/blender --background --factory-startup --python-exit-code 1 --python tools/create_wing01_optics.py -- /workspace/scratch/4f0b36b4bb0e/wlr-art-integration
Info: Saved as "wing01_optics_sample.blend"
INFO Draco mesh compression is available, use library at /workspace/scratch/4f0b36b4bb0e/toolchain/blender-4.5.14-linux-x64/4.5/scripts/addons_core/io_scene_gltf2/libextern_draco.so
18:02:19 | INFO: Starting glTF 2.0 export
18:02:19 | INFO: Extracting primitive: sm_wing01_frame
18:02:19 | INFO: Primitives created: 4
18:02:19 | INFO: Finished glTF 2.0 export in 0.015991687774658203 s

WING01_AUTHORED: frame triangles= 2404 surfaces= 4
18:02:19 | INFO: Starting glTF 2.0 export
18:02:19 | INFO: Extracting primitive: sm_wing01_ring_outer
18:02:19 | INFO: Primitives created: 3
18:02:19 | INFO: Finished glTF 2.0 export in 0.012004852294921875 s

WING01_AUTHORED: outer triangles= 1588 surfaces= 3
18:02:19 | INFO: Starting glTF 2.0 export
18:02:19 | INFO: Extracting primitive: sm_wing01_ring_middle
18:02:19 | INFO: Primitives created: 3
18:02:19 | INFO: Finished glTF 2.0 export in 0.01203298568725586 s

WING01_AUTHORED: middle triangles= 1588 surfaces= 3
18:02:19 | INFO: Starting glTF 2.0 export
18:02:19 | INFO: Extracting primitive: sm_wing01_ring_inner
18:02:19 | INFO: Primitives created: 3
18:02:19 | INFO: Finished glTF 2.0 export in 0.010305643081665039 s

WING01_AUTHORED: inner triangles= 1588 surfaces= 3
18:02:19 | INFO: Starting glTF 2.0 export
18:02:19 | INFO: Extracting primitive: sm_wing01_focus
18:02:19 | INFO: Primitives created: 3
18:02:19 | INFO: Finished glTF 2.0 export in 0.009261369705200195 s

WING01_AUTHORED: focus triangles= 1108 surfaces= 3
WING01_AUTHORING PASS: original five-part source; local identity exports; six payload hashes
Blender 4.5.14 LTS (hash 62c1db4208e8 built 2026-09-15 01:31:19)

Blender quit
exit=0
