$ /workspace/scratch/4f0b36b4bb0e/toolchain/bin/blender --background /workspace/scratch/4f0b36b4bb0e/wlr-wing01-fresh/assets/3d/blender/wing01/wing01_optics_sample.blend --python-exit-code 1 --python /workspace/scratch/4f0b36b4bb0e/wlr-wing01-fresh/tools/verify_wing01_optics_source.py --python-expr 'import bpy,json,struct;from pathlib import Path
r=Path(bpy.data.filepath).resolve().parents[4];c=json.loads((r/'"'"'docs/production/wing01_optics_v1.json'"'"').read_text())
for part in c['"'"'parts'"'"']:
 obj=bpy.context.scene.objects[part['"'"'stem'"'"']]
 coords=[(v.co.x,v.co.z,-v.co.y) for v in obj.data.vertices]
 raw=(r/('"'"'game/art/meshes/wing01/'"'"'+part['"'"'stem'"'"']+'"'"'.glb'"'"')).read_bytes();size=struct.unpack_from('"'"'<I'"'"',raw,12)[0];d=json.loads(raw[20:20+size])
 a=[d['"'"'accessors'"'"'][p['"'"'attributes'"'"']['"'"'POSITION'"'"']] for p in d['"'"'meshes'"'"'][0]['"'"'primitives'"'"']]
 for axis in range(3):
  assert abs(min(x[axis] for x in coords)-min(x['"'"'min'"'"'][axis] for x in a))<2e-6,part['"'"'id'"'"']
  assert abs(max(x[axis] for x in coords)-max(x['"'"'max'"'"'][axis] for x in a))<2e-6,part['"'"'id'"'"']
 print('"'"'WING01_METERS PASS:'"'"',part['"'"'id'"'"'],'"'"'source/GLB local bounds agree on all axes within 2 micrometers'"'"')
'
WING01_FOCUS_MARKERS PASS: five actual raised stop centers and five empty intervals, stored triangle rays
WING01_SOURCE_PART PASS: frame 2764 triangles; 37 outward closed solids; joint/identity export; metric UVs/normals/tangents
WING01_SOURCE_PART PASS: outer 1588 triangles; 4 outward closed solids; joint/identity export; metric UVs/normals/tangents
WING01_SOURCE_PART PASS: middle 1588 triangles; 4 outward closed solids; joint/identity export; metric UVs/normals/tangents
WING01_SOURCE_PART PASS: inner 1588 triangles; 4 outward closed solids; joint/identity export; metric UVs/normals/tangents
WING01_SOURCE_PART PASS: focus 1108 triangles; 8 outward closed solids; joint/identity export; metric UVs/normals/tangents
WING01_SOURCE PASS: /workspace/scratch/4f0b36b4bb0e/wlr-wing01-fresh/assets/3d/blender/wing01/wing01_optics_sample.blend ; 5 parts; 8636 triangles; six payload hashes match
WING01_METERS PASS: frame source/GLB local bounds agree on all axes within 2 micrometers
WING01_METERS PASS: outer source/GLB local bounds agree on all axes within 2 micrometers
WING01_METERS PASS: middle source/GLB local bounds agree on all axes within 2 micrometers
WING01_METERS PASS: inner source/GLB local bounds agree on all axes within 2 micrometers
WING01_METERS PASS: focus source/GLB local bounds agree on all axes within 2 micrometers
Blender 4.5.14 LTS (hash 62c1db4208e8 built 2026-09-15 01:31:19)
Read blend: "/workspace/scratch/4f0b36b4bb0e/wlr-wing01-fresh/assets/3d/blender/wing01/wing01_optics_sample.blend"

Blender quit
exit=0
$ /workspace/scratch/4f0b36b4bb0e/toolchain/bin/godot --headless --path /workspace/scratch/4f0b36b4bb0e/wlr-wing01-fresh/game --editor --import
Godot Engine v4.7.2.stable.official.ed1daf0bf - https://godotengine.org

[   0% ] first_scan_filesystem | Started Project initialization (5 steps)
[   0% ] first_scan_filesystem | Scanning file structure...
[  16% ] first_scan_filesystem | Loading global class names...
[  33% ] first_scan_filesystem | Verifying GDExtensions...
[  50% ] first_scan_filesystem | Creating autoload scripts...
[  66% ] first_scan_filesystem | Initializing plugins...
[  83% ] first_scan_filesystem | Starting file scan...
[ DONE ] first_scan_filesystem

[   0% ] update_scripts_classes | Started Registering global classes... (22 steps)
[   0% ] update_scripts_classes |
[   4% ] update_scripts_classes |
[   8% ] update_scripts_classes |
[  13% ] update_scripts_classes |
[  17% ] update_scripts_classes |
[  21% ] update_scripts_classes |
[  26% ] update_scripts_classes |
[  30% ] update_scripts_classes |
[  34% ] update_scripts_classes |
[  39% ] update_scripts_classes |
[  43% ] update_scripts_classes |
[  47% ] update_scripts_classes |
[  52% ] update_scripts_classes |
[  56% ] update_scripts_classes |
[  60% ] update_scripts_classes |
[  65% ] update_scripts_classes |
[  69% ] update_scripts_classes |
[  73% ] update_scripts_classes |
[  78% ] update_scripts_classes |
[  82% ] update_scripts_classes |
[  86% ] update_scripts_classes |
[  91% ] update_scripts_classes |
[ DONE ] update_scripts_classes

[   0% ] _update_scan_actions | Started Scanning actions... (31 steps)
[   0% ] _update_scan_actions | sm_archive_arch_4m.glb
[   3% ] _update_scan_actions | sm_archive_floor_1m.glb
[   6% ] _update_scan_actions | sm_archive_pier_4m.glb
[   9% ] _update_scan_actions | sm_archive_wall_2m.glb
[  12% ] _update_scan_actions | sm_archive_wall_4m.glb
[  15% ] _update_scan_actions | sm_pipeline_meter_cube.glb
[  18% ] _update_scan_actions | sm_wing01_focus.glb
[  21% ] _update_scan_actions | sm_wing01_frame.glb
[  25% ] _update_scan_actions | sm_wing01_ring_inner.glb
[  28% ] _update_scan_actions | sm_wing01_ring_middle.glb
[  31% ] _update_scan_actions | sm_wing01_ring_outer.glb
[  34% ] _update_scan_actions | t_aged_brass_albedo.png
[  37% ] _update_scan_actions | t_aged_brass_normal.png
[  40% ] _update_scan_actions | t_aged_brass_orm.png
[  43% ] _update_scan_actions | t_aged_leather_albedo.png
[  46% ] _update_scan_actions | t_aged_leather_normal.png
[  50% ] _update_scan_actions | t_aged_leather_orm.png
[  53% ] _update_scan_actions | t_dark_iron_albedo.png
[  56% ] _update_scan_actions | t_dark_iron_normal.png
[  59% ] _update_scan_actions | t_dark_iron_orm.png
[  62% ] _update_scan_actions | t_dark_walnut_albedo.png
[  65% ] _update_scan_actions | t_dark_walnut_normal.png
[  68% ] _update_scan_actions | t_dark_walnut_orm.png
[  71% ] _update_scan_actions | t_memory_glass_normal.png
[  75% ] _update_scan_actions | t_memory_glass_roughness.png
[  78% ] _update_scan_actions | t_observatory_stone_albedo.png
[  81% ] _update_scan_actions | t_observatory_stone_normal.png
[  84% ] _update_scan_actions | t_observatory_stone_orm.png
[  87% ] _update_scan_actions | t_woven_textile_albedo.png
[  90% ] _update_scan_actions | t_woven_textile_normal.png
[  93% ] _update_scan_actions | t_woven_textile_orm.png
[ DONE ] _update_scan_actions

[   0% ] reimport | Started (Re)Importing Assets (31 steps)
[   0% ] reimport | Preparing files to reimport...
[   3% ] reimport | Preparing files to reimport...
[   6% ] reimport | Preparing files to reimport...
[   9% ] reimport | Preparing files to reimport...
[  12% ] reimport | Preparing files to reimport...
[  15% ] reimport | Preparing files to reimport...
[  18% ] reimport | Preparing files to reimport...
[  21% ] reimport | Preparing files to reimport...
[  25% ] reimport | Preparing files to reimport...
[  28% ] reimport | Preparing files to reimport...
[  31% ] reimport | Preparing files to reimport...
[  34% ] reimport | Preparing files to reimport...
[  37% ] reimport | Preparing files to reimport...
[  40% ] reimport | Preparing files to reimport...
[  43% ] reimport | Preparing files to reimport...
[  46% ] reimport | Preparing files to reimport...
[  50% ] reimport | Preparing files to reimport...
[  53% ] reimport | Preparing files to reimport...
[  56% ] reimport | Preparing files to reimport...
[  59% ] reimport | Preparing files to reimport...
[  62% ] reimport | Preparing files to reimport...
[  65% ] reimport | Preparing files to reimport...
[  68% ] reimport | Preparing files to reimport...
[  71% ] reimport | Preparing files to reimport...
[  75% ] reimport | Preparing files to reimport...
[  78% ] reimport | Preparing files to reimport...
[  81% ] reimport | Preparing files to reimport...
[  84% ] reimport | Preparing files to reimport...
[  87% ] reimport | Preparing files to reimport...
[  90% ] reimport | Preparing files to reimport...
[  93% ] reimport | Preparing files to reimport...
[   0% ] reimport | Executing pre-reimport operations...
[   0% ] preload_reimporting_scene | Started Preparing scenes for reload (1 steps)
[   0% ] preload_reimporting_scene | Analyzing scene [empty]
[  50% ] preload_reimporting_scene | Preparation done.
[ DONE ] preload_reimporting_scene

[   0% ] reimport | t_woven_textile_orm.png
[   3% ] reimport | t_woven_textile_normal.png
[   6% ] reimport | t_woven_textile_albedo.png
[   9% ] reimport | t_observatory_stone_orm.png
[  12% ] reimport | t_observatory_stone_normal.png
[  15% ] reimport | t_observatory_stone_albedo.png
[  18% ] reimport | t_memory_glass_roughness.png
[  21% ] reimport | t_memory_glass_normal.png
[  25% ] reimport | t_dark_walnut_orm.png
[  28% ] reimport | t_dark_walnut_normal.png
[  31% ] reimport | t_dark_walnut_albedo.png
[  34% ] reimport | t_dark_iron_orm.png
[  34% ] reimport | t_dark_iron_orm.png
[  37% ] reimport | t_dark_iron_normal.png
[  40% ] reimport | t_dark_iron_albedo.png
[  43% ] reimport | t_aged_leather_orm.png
[  46% ] reimport | t_aged_leather_normal.png
[  50% ] reimport | t_aged_leather_albedo.png
[  53% ] reimport | t_aged_brass_orm.png
[  53% ] reimport | t_aged_brass_orm.png
[  56% ] reimport | t_aged_brass_normal.png
[  59% ] reimport | t_aged_brass_albedo.png
[  62% ] reimport | sm_wing01_ring_outer.glb
[   0% ] import | Started Import Scene (104 steps)
[   0% ] import | Importing Scene...
[   1% ] import | Running Custom Script...
[  99% ] import | Saving...
[ DONE ] import

[  65% ] reimport | sm_wing01_ring_middle.glb
[   0% ] import | Started Import Scene (104 steps)
[   0% ] import | Importing Scene...
[   1% ] import | Running Custom Script...
[  99% ] import | Saving...
[ DONE ] import

[  68% ] reimport | sm_wing01_ring_inner.glb
[   0% ] import | Started Import Scene (104 steps)
[   0% ] import | Importing Scene...
[   1% ] import | Running Custom Script...
[  99% ] import | Saving...
[ DONE ] import

[  71% ] reimport | sm_wing01_frame.glb
[   0% ] import | Started Import Scene (104 steps)
[   0% ] import | Importing Scene...
[   1% ] import | Running Custom Script...
[  99% ] import | Saving...
[ DONE ] import

[  75% ] reimport | sm_wing01_focus.glb
[   0% ] import | Started Import Scene (104 steps)
[   0% ] import | Importing Scene...
[   1% ] import | Running Custom Script...
[  99% ] import | Saving...
[ DONE ] import

[  78% ] reimport | sm_pipeline_meter_cube.glb
[   0% ] import | Started Import Scene (104 steps)
[   0% ] import | Importing Scene...
[   1% ] import | Running Custom Script...
[  99% ] import | Saving...
[ DONE ] import

[  81% ] reimport | sm_archive_wall_4m.glb
[   0% ] import | Started Import Scene (104 steps)
[   0% ] import | Importing Scene...
[   1% ] import | Running Custom Script...
[  99% ] import | Saving...
[ DONE ] import

[  84% ] reimport | sm_archive_wall_2m.glb
[   0% ] import | Started Import Scene (104 steps)
[   0% ] import | Importing Scene...
[   1% ] import | Running Custom Script...
[  99% ] import | Saving...
[ DONE ] import

[  87% ] reimport | sm_archive_pier_4m.glb
[   0% ] import | Started Import Scene (104 steps)
[   0% ] import | Importing Scene...
[   1% ] import | Running Custom Script...
[  99% ] import | Saving...
[ DONE ] import

[  90% ] reimport | sm_archive_floor_1m.glb
[   0% ] import | Started Import Scene (104 steps)
[   0% ] import | Importing Scene...
[   1% ] import | Running Custom Script...
[  99% ] import | Saving...
[ DONE ] import

[  93% ] reimport | sm_archive_arch_4m.glb
[   0% ] import | Started Import Scene (104 steps)
[   0% ] import | Importing Scene...
[   1% ] import | Running Custom Script...
[  99% ] import | Saving...
[ DONE ] import

[  96% ] reimport | Finalizing Asset Import...
[ DONE ] reimport

[   0% ] reimport | Started (Re)Importing Assets (31 steps)
[   0% ] reimport | Executing post-reimport operations...
[ DONE ] reimport

[   0% ] loading_editor_layout | Started Loading editor (5 steps)
[   0% ] loading_editor_layout | Loading editor layout...
[  16% ] loading_editor_layout | Loading docks...
[ DONE ] loading_editor_layout

exit=0
$ /workspace/scratch/4f0b36b4bb0e/toolchain/bin/godot --headless --path /workspace/scratch/4f0b36b4bb0e/wlr-wing01-fresh/game --max-fps 60 --quit-after 1200 --script res://tests/wing01_optics_smoke.gd
Godot Engine v4.7.2.stable.official.ed1daf0bf - https://godotengine.org

WING01_IMPORT PASS: frame; triangles=2764; shared surfaces=4
WING01_IMPORT PASS: outer; triangles=1588; shared surfaces=3
WING01_IMPORT PASS: middle; triangles=1588; shared surfaces=3
WING01_IMPORT PASS: inner; triangles=1588; shared surfaces=3
WING01_IMPORT PASS: focus; triangles=1108; shared surfaces=3
WING01_ARTICULATION PASS: outer; yaw=0.0; independent poses=5
WING01_ARTICULATION PASS: middle; yaw=0.0; independent poses=5
WING01_ARTICULATION PASS: inner; yaw=0.0; independent poses=5
WING01_ARTICULATION PASS: focus; yaw=0.0; independent poses=5
WING01_ARTICULATION PASS: outer; yaw=1.5707963267949; independent poses=5
WING01_ARTICULATION PASS: middle; yaw=1.5707963267949; independent poses=5
WING01_ARTICULATION PASS: inner; yaw=1.5707963267949; independent poses=5
WING01_ARTICULATION PASS: focus; yaw=1.5707963267949; independent poses=5
WING01_SMOKE PASS: 8636 triangles / 16 shared surfaces; 40 independent poses; 48 actual Area rays; five focus stops; two assembly yaws; primitive blocking
exit=0
$ python /workspace/scratch/4f0b36b4bb0e/wlr-wing01-fresh/tools/run_graphical.py --graphics-prefix /workspace/scratch/4f0b36b4bb0e/toolchain/graphics --godot /workspace/scratch/4f0b36b4bb0e/toolchain/bin/godot --timeout 90 --expect 'ENGINE_PREFLIGHT PASS' -- --path /workspace/scratch/4f0b36b4bb0e/wlr-wing01-fresh/game --max-fps 30 --quit-after 1200 --script res://tests/engine_preflight.gd
$ /workspace/scratch/4f0b36b4bb0e/toolchain/graphics/usr/bin/Xvfb :100 -screen 0 1920x1080x24 -listen tcp -nolisten unix -nolisten local -noreset -auth /tmp/wlr-x11-li2zt8_d/Xauthority
DISPLAY=127.0.0.1:100; VK_ICD_FILENAMES=/workspace/scratch/4f0b36b4bb0e/toolchain/graphics/usr/share/vulkan/icd.d/lvp_icd.json
X11_TCP_AUTH PASS: valid cookie accepted; unauthenticated client rejected
$ /workspace/scratch/4f0b36b4bb0e/toolchain/godot-4.7.2/Godot_v4.7.2-stable_linux.x86_64 --display-driver x11 --rendering-driver vulkan --rendering-method forward_plus --audio-driver Dummy --path /workspace/scratch/4f0b36b4bb0e/wlr-wing01-fresh/game --max-fps 30 --quit-after 1200 --script res://tests/engine_preflight.gd
GRAPHICAL_RUN PASS: exit=0

Godot stdout/stderr:
Godot Engine v4.7.2.stable.official.ed1daf0bf - https://godotengine.org
Vulkan 1.4.318 - Forward+ - Using Device #0: Unknown - llvmpipe (LLVM 20.1.2, 256 bits)

ENGINE_PREFLIGHT runtime: {"csharp":false,"display":"X11","driver":"vulkan","executable":"/workspace/scratch/4f0b36b4bb0e/toolchain/godot-4.7.2/Godot_v4.7.2-stable_linux.x86_64","platform":"Linux","renderer":"forward_plus","version":{"build":"official","hash":"ed1daf0bf001b61586d9930840f2f1394092c079","hex":263938,"major":4,"minor":7,"patch":2,"status":"stable","string":"4.7.2-stable (official)","timestamp":0}}
ENGINE_PREFLIGHT PASS: GameRoot ready; 8 autoloads; baseline settings; requesting App safe exit


Xvfb stdout/stderr:
Warning: getifaddrs returns Operation not permitted
Warning: getifaddrs returns Operation not permitted
The XKEYBOARD keymap compiler (xkbcomp) reports:
> Warning:          Could not resolve keysym XF86CameraAccessEnable
> Warning:          Could not resolve keysym XF86CameraAccessDisable
> Warning:          Could not resolve keysym XF86CameraAccessToggle
> Warning:          Could not resolve keysym XF86NextElement
> Warning:          Could not resolve keysym XF86PreviousElement
> Warning:          Could not resolve keysym XF86AutopilotEngageToggle
> Warning:          Could not resolve keysym XF86MarkWaypoint
> Warning:          Could not resolve keysym XF86Sos
> Warning:          Could not resolve keysym XF86NavChart
> Warning:          Could not resolve keysym XF86FishingChart
> Warning:          Could not resolve keysym XF86SingleRangeRadar
> Warning:          Could not resolve keysym XF86DualRangeRadar
> Warning:          Could not resolve keysym XF86RadarOverlay
> Warning:          Could not resolve keysym XF86TraditionalSonar
> Warning:          Could not resolve keysym XF86ClearvuSonar
> Warning:          Could not resolve keysym XF86SidevuSonar
> Warning:          Could not resolve keysym XF86NavInfo
Errors from xkbcomp are not fatal to the X server
exit=0
$ git lfs fsck
Git LFS fsck OK
exit=0
$ git fsck --full

exit=0
$ git status --short

exit=0
$ git rev-parse HEAD
a3c11209d7218fe2ba08b402bac054d6d49f7cc8
exit=0
