$ python tools/run_graphical.py --graphics-prefix ../toolchain/graphics --godot ../toolchain/bin/godot --timeout 120 --expect 'WING01_REVIEW PASS' -- --path game --resolution 1920x1080 --max-fps 30 --quit-after 1200 --script res://tests/wing01_optics_review.gd -- --view=front --screenshot=/workspace/scratch/4f0b36b4bb0e/wlr-art-integration/docs/production/evidence/wing01_optics/front.png
$ /workspace/scratch/4f0b36b4bb0e/toolchain/graphics/usr/bin/Xvfb :100 -screen 0 1920x1080x24 -listen tcp -nolisten unix -nolisten local -noreset -auth /tmp/wlr-x11-to2g1c26/Xauthority
DISPLAY=127.0.0.1:100; VK_ICD_FILENAMES=/workspace/scratch/4f0b36b4bb0e/toolchain/graphics/usr/share/vulkan/icd.d/lvp_icd.json
X11_TCP_AUTH PASS: valid cookie accepted; unauthenticated client rejected
$ /workspace/scratch/4f0b36b4bb0e/toolchain/godot-4.7.2/Godot_v4.7.2-stable_linux.x86_64 --display-driver x11 --rendering-driver vulkan --rendering-method forward_plus --audio-driver Dummy --path game --resolution 1920x1080 --max-fps 30 --quit-after 1200 --script res://tests/wing01_optics_review.gd -- --view=front --screenshot=/workspace/scratch/4f0b36b4bb0e/wlr-art-integration/docs/production/evidence/wing01_optics/front.png
GRAPHICAL_RUN PASS: exit=0

Godot stdout/stderr:
Godot Engine v4.7.2.stable.official.ed1daf0bf - https://godotengine.org
Vulkan 1.4.318 - Forward+ - Using Device #0: Unknown - llvmpipe (LLVM 20.1.2, 256 bits)

WING01_FRAME_MOTION PASS: Outer; isolated={ "mean": 0.00617255490973, "changed_samples": 3064 }; motion={ "mean": 0.00060619146247, "changed_samples": 748 }
WING01_FRAME_MOTION PASS: Middle; isolated={ "mean": 0.00401799766894, "changed_samples": 2432 }; motion={ "mean": 0.00044694025603, "changed_samples": 668 }
WING01_FRAME_MOTION PASS: Inner; isolated={ "mean": 0.00293452831559, "changed_samples": 1753 }; motion={ "mean": 0.00035865982581, "changed_samples": 446 }
WING01_FRAME_MOTION PASS: Focus; isolated={ "mean": 0.00406651102776, "changed_samples": 697 }; motion={ "mean": 0.00120414895696, "changed_samples": 365 }
WING01_REVIEW PASS: view=front; contribution={ "mean": 0.05581406598686, "changed_samples": 19083 }; draw_calls=56.0; texture_bytes=127216128.0


Xvfb stdout/stderr:
Warning: getifaddrs returns Operation not permitted
Warning: getifaddrs returns Operation not permitted
The XKEYBOARD keymap compiler (xkbcomp) reports:
> Warning:          Could not resolve keysym XF86CameraAccessEnable
> Warning:          Could not resolve keysym XF86CameraAccessDisable
> Warning:          Could not resolve keysym XF86CameraAccessToggle
> Warning:          Could not resolve keysym XF86NextElement
> Warning:          Could not resolve keysym XF86PreviousElement
> Warning:          Could not resolve keysym XF86AutopilotEngageToggle
> Warning:          Could not resolve keysym XF86MarkWaypoint
> Warning:          Could not resolve keysym XF86Sos
> Warning:          Could not resolve keysym XF86NavChart
> Warning:          Could not resolve keysym XF86FishingChart
> Warning:          Could not resolve keysym XF86SingleRangeRadar
> Warning:          Could not resolve keysym XF86DualRangeRadar
> Warning:          Could not resolve keysym XF86RadarOverlay
> Warning:          Could not resolve keysym XF86TraditionalSonar
> Warning:          Could not resolve keysym XF86ClearvuSonar
> Warning:          Could not resolve keysym XF86SidevuSonar
> Warning:          Could not resolve keysym XF86NavInfo
Errors from xkbcomp are not fatal to the X server
exit=0
