$ git push --dry-run origin HEAD:refs/heads/feature/03-art-foundation/wing01-optics-sample
To https://github.com/MindDevastation/where-the-light-remains.git
 * [new branch]      HEAD -> feature/03-art-foundation/wing01-optics-sample
exit=0
$ git lfs env
git-lfs/3.4.1 (GitHub; linux amd64; go 1.22.2)
git version 2.51.1

Endpoint=https://github.com/MindDevastation/where-the-light-remains.git/info/lfs (auth=basic)
LocalWorkingDir=/workspace/scratch/4f0b36b4bb0e/wlr-art-integration
LocalGitDir=/workspace/scratch/4f0b36b4bb0e/where-the-light-remains/.git/worktrees/wlr-art-integration
LocalGitStorageDir=/workspace/scratch/4f0b36b4bb0e/where-the-light-remains/.git
LocalMediaDir=/workspace/scratch/4f0b36b4bb0e/where-the-light-remains/.git/lfs/objects
LocalReferenceDirs=
TempDir=/workspace/scratch/4f0b36b4bb0e/where-the-light-remains/.git/lfs/tmp
ConcurrentTransfers=8
TusTransfers=false
BasicTransfersOnly=false
SkipDownloadErrors=false
FetchRecentAlways=false
FetchRecentRefsDays=7
FetchRecentCommitsDays=0
FetchRecentRefsIncludeRemotes=true
PruneOffsetDays=3
PruneVerifyRemoteAlways=false
PruneRemoteName=origin
LfsStorageDir=/workspace/scratch/4f0b36b4bb0e/where-the-light-remains/.git/lfs
AccessDownload=basic
AccessUpload=basic
DownloadTransfers=basic,lfs-standalone-file,ssh
UploadTransfers=basic,lfs-standalone-file,ssh
GIT_EXEC_PATH=/usr/local/libexec/git-core
GIT_PAGER=cat
GIT_TERMINAL_PROMPT=0
git config filter.lfs.process = "git-lfs filter-process"
git config filter.lfs.smudge = "git-lfs smudge -- %f"
git config filter.lfs.clean = "git-lfs clean -- %f"
exit=0
$ python -c 'import shutil; f=shutil.disk_usage('"'"'.'"'"').free; assert f>4*1024**3; print('"'"'DISK PASS:'"'"',f,'"'"'free bytes; >4 GiB'"'"');'
DISK PASS: 23837577216 free bytes; >4 GiB
exit=0
$ git show-ref
e978c0d813b94d1299d8376879c75ec309012d3c refs/heads/epic/03-art-foundation
9e4a45b57e73f8757d707cbce5be0066186b24f3 refs/heads/feature/00-foundation/lfs-history-migration
5f1044e16c7035cefc4b012697dd98870c9d659c refs/heads/feature/03-art-foundation/graphics-preflight
d90b6edff25f1c02b31c4a94334cdc171a10d0a8 refs/heads/feature/03-art-foundation/material-library
774b50c52c062173d36a5f37f8ea07c05f393b16 refs/heads/feature/03-art-foundation/modular-archive-kit
4f3579ba60e91018ec4eee0b7bdce8317a697785 refs/heads/feature/03-art-foundation/modular-kit-contract
feb658a02c41d334804620b1b6ad303df83b864a refs/heads/feature/03-art-foundation/visual-rebaseline-v2
5c1e15e2ff0540f951382cdf9cad2d6d690ac777 refs/heads/feature/03-art-foundation/wing01-optics-sample
e978c0d813b94d1299d8376879c75ec309012d3c refs/heads/main
e978c0d813b94d1299d8376879c75ec309012d3c refs/remotes/origin/HEAD
9b24bed118d59c22ca78f74edbf09c5cf16d69a3 refs/remotes/origin/analysis/audio-audit
922ba3cf17515d246f4c28a9bd4f00e36be376ec refs/remotes/origin/analysis/audio-audit2
922ba3cf17515d246f4c28a9bd4f00e36be376ec refs/remotes/origin/analysis/audio-audit3
922ba3cf17515d246f4c28a9bd4f00e36be376ec refs/remotes/origin/analysis/audio-audit4
0eca934b28881e3cceb83fe0d9f76a889c1af37a refs/remotes/origin/analysis/audio-reaudit
66236f12c90f85dc8ddcb4c06592b26b07d21124 refs/remotes/origin/audio/curation-2026-09-19
57f86c20a5a81f107a1e0a7536e127b51f76ce1b refs/remotes/origin/audio/final-pool-structure
75bc33f0edd99c0d5e994574a6a4508766f142d2 refs/remotes/origin/epic/00-foundation
9969556897e2eddc1928b2209a30ee557b337f9d refs/remotes/origin/epic/03-art-foundation
b1ccc5cd1d8efaf2b9459dc9a5aabfb5e3b2d70e refs/remotes/origin/feature/00-foundation/audio-buses
c9f91d2b04352cd507fa868cce230fb3694d6cde refs/remotes/origin/feature/00-foundation/debug-tools
c09ccedb406c9720194a810853c17a859cb0b0b2 refs/remotes/origin/feature/00-foundation/engine-preflight
51834c47878e16d9ef8332c3bac1d3c8ae3576c9 refs/remotes/origin/feature/00-foundation/input-map
668a0590272b3478c77723667a7d459351a7f596 refs/remotes/origin/feature/00-foundation/lfs-forward-config
9e4a45b57e73f8757d707cbce5be0066186b24f3 refs/remotes/origin/feature/00-foundation/lfs-history-migration
e5e704fa25df118bcda0c6a83c41f8883985a0dc refs/remotes/origin/feature/03-art-foundation/blender-export
5f1044e16c7035cefc4b012697dd98870c9d659c refs/remotes/origin/feature/03-art-foundation/graphics-preflight
d90b6edff25f1c02b31c4a94334cdc171a10d0a8 refs/remotes/origin/feature/03-art-foundation/material-library
774b50c52c062173d36a5f37f8ea07c05f393b16 refs/remotes/origin/feature/03-art-foundation/modular-archive-kit
4f3579ba60e91018ec4eee0b7bdce8317a697785 refs/remotes/origin/feature/03-art-foundation/modular-kit-contract
ccc0e2153a3661b778c907adf27b88ab71e5b5f2 refs/remotes/origin/feature/03-art-foundation/pipeline-spec
feb658a02c41d334804620b1b6ad303df83b864a refs/remotes/origin/feature/03-art-foundation/visual-rebaseline-v2
e978c0d813b94d1299d8376879c75ec309012d3c refs/remotes/origin/main
exit=0
