$ ../toolchain/bin/blender --background /workspace/scratch/4f0b36b4bb0e/wlr-art-integration/assets/3d/blender/wing01/wing01_optics_sample.blend --python-exit-code 1 --python /workspace/scratch/4f0b36b4bb0e/wlr-art-integration/tools/verify_wing01_optics_source.py
WING01_SOURCE_PART PASS: frame 2404 triangles; 31 outward closed solids; joint/identity export; metric UVs/normals/tangents
WING01_SOURCE_PART PASS: outer 1588 triangles; 4 outward closed solids; joint/identity export; metric UVs/normals/tangents
WING01_SOURCE_PART PASS: middle 1588 triangles; 4 outward closed solids; joint/identity export; metric UVs/normals/tangents
WING01_SOURCE_PART PASS: inner 1588 triangles; 4 outward closed solids; joint/identity export; metric UVs/normals/tangents
WING01_SOURCE_PART PASS: focus 1108 triangles; 8 outward closed solids; joint/identity export; metric UVs/normals/tangents
WING01_SOURCE PASS: /workspace/scratch/4f0b36b4bb0e/wlr-art-integration/assets/3d/blender/wing01/wing01_optics_sample.blend ; 5 parts; 8276 triangles; six payload hashes match
Blender 4.5.14 LTS (hash 62c1db4208e8 built 2026-09-15 01:31:19)
Read blend: "/workspace/scratch/4f0b36b4bb0e/wlr-art-integration/assets/3d/blender/wing01/wing01_optics_sample.blend"

Blender quit
exit=0
$ python tools/assemble_wing01_optics.py
WING01_ASSEMBLED: script-free carrier, four independent +Z joints, four moving grip Areas, three blocking boxes
exit=0
$ ../toolchain/bin/godot --headless --path game --editor --import
Godot Engine v4.7.2.stable.official.ed1daf0bf - https://godotengine.org

[   0% ] first_scan_filesystem | Started Project initialization (5 steps)
[   0% ] first_scan_filesystem | Scanning file structure...
[  16% ] first_scan_filesystem | Loading global class names...
[  33% ] first_scan_filesystem | Verifying GDExtensions...
[  50% ] first_scan_filesystem | Creating autoload scripts...
[  66% ] first_scan_filesystem | Initializing plugins...
[  83% ] first_scan_filesystem | Starting file scan...
[ DONE ] first_scan_filesystem

[   0% ] update_scripts_classes | Started Registering global classes... (2 steps)
[   0% ] update_scripts_classes |
[  33% ] update_scripts_classes |
[ DONE ] update_scripts_classes

[   0% ] _update_scan_actions | Started Scanning actions... (10 steps)
[   0% ] _update_scan_actions | sm_archive_arch_4m.glb
[   9% ] _update_scan_actions | sm_archive_floor_1m.glb
[  18% ] _update_scan_actions | sm_archive_pier_4m.glb
[  27% ] _update_scan_actions | sm_archive_wall_2m.glb
[  36% ] _update_scan_actions | sm_archive_wall_4m.glb
[  45% ] _update_scan_actions | sm_wing01_focus.glb
[  54% ] _update_scan_actions | sm_wing01_frame.glb
[  63% ] _update_scan_actions | sm_wing01_ring_inner.glb
[  72% ] _update_scan_actions | sm_wing01_ring_middle.glb
[  81% ] _update_scan_actions | sm_wing01_ring_outer.glb
[ DONE ] _update_scan_actions

[   0% ] reimport | Started (Re)Importing Assets (5 steps)
[   0% ] reimport | Preparing files to reimport...
[  16% ] reimport | Preparing files to reimport...
[  33% ] reimport | Preparing files to reimport...
[  50% ] reimport | Preparing files to reimport...
[  66% ] reimport | Preparing files to reimport...
[   0% ] reimport | Executing pre-reimport operations...
[   0% ] reimport | sm_wing01_focus.glb
[   0% ] import | Started Import Scene (104 steps)
[   0% ] import | Importing Scene...
[   1% ] import | Running Custom Script...
[  99% ] import | Saving...
[ DONE ] import

[  16% ] reimport | sm_wing01_frame.glb
[   0% ] import | Started Import Scene (104 steps)
[   0% ] import | Importing Scene...
[   1% ] import | Running Custom Script...
[  99% ] import | Saving...
[ DONE ] import

[  33% ] reimport | sm_wing01_ring_inner.glb
[   0% ] import | Started Import Scene (104 steps)
[   0% ] import | Importing Scene...
[   1% ] import | Running Custom Script...
[  99% ] import | Saving...
[ DONE ] import

[  50% ] reimport | sm_wing01_ring_middle.glb
[   0% ] import | Started Import Scene (104 steps)
[   0% ] import | Importing Scene...
[   1% ] import | Running Custom Script...
[  99% ] import | Saving...
[ DONE ] import

[  66% ] reimport | sm_wing01_ring_outer.glb
[   0% ] import | Started Import Scene (104 steps)
[   0% ] import | Importing Scene...
[   1% ] import | Running Custom Script...
[  99% ] import | Saving...
[ DONE ] import

[  83% ] reimport | Finalizing Asset Import...
[ DONE ] reimport

[   0% ] reimport | Started (Re)Importing Assets (5 steps)
[   0% ] reimport | Executing post-reimport operations...
[ DONE ] reimport

[   0% ] loading_editor_layout | Started Loading editor (5 steps)
[   0% ] loading_editor_layout | Loading editor layout...
[  16% ] loading_editor_layout | Loading docks...
[ DONE ] loading_editor_layout

exit=0
