$ ../toolchain/bin/blender --background /workspace/scratch/4f0b36b4bb0e/wlr-art-integration/assets/3d/blender/wing01/wing01_optics_sample.blend --python-exit-code 1 --python /workspace/scratch/4f0b36b4bb0e/wlr-art-integration/tools/verify_wing01_optics_source.py
WING01_SOURCE_PART PASS: frame 2764 triangles; 37 outward closed solids; joint/identity export; metric UVs/normals/tangents
WING01_SOURCE_PART PASS: outer 1588 triangles; 4 outward closed solids; joint/identity export; metric UVs/normals/tangents
WING01_SOURCE_PART PASS: middle 1588 triangles; 4 outward closed solids; joint/identity export; metric UVs/normals/tangents
WING01_SOURCE_PART PASS: inner 1588 triangles; 4 outward closed solids; joint/identity export; metric UVs/normals/tangents
WING01_SOURCE_PART PASS: focus 1108 triangles; 8 outward closed solids; joint/identity export; metric UVs/normals/tangents
WING01_SOURCE PASS: /workspace/scratch/4f0b36b4bb0e/wlr-art-integration/assets/3d/blender/wing01/wing01_optics_sample.blend ; 5 parts; 8636 triangles; six payload hashes match
Blender 4.5.14 LTS (hash 62c1db4208e8 built 2026-09-15 01:31:19)
Read blend: "/workspace/scratch/4f0b36b4bb0e/wlr-art-integration/assets/3d/blender/wing01/wing01_optics_sample.blend"

Blender quit
exit=0
$ ../toolchain/bin/godot --headless --path game --editor --import
Godot Engine v4.7.2.stable.official.ed1daf0bf - https://godotengine.org

[   0% ] first_scan_filesystem | Started Project initialization (5 steps)
[   0% ] first_scan_filesystem | Scanning file structure...
[  16% ] first_scan_filesystem | Loading global class names...
[  33% ] first_scan_filesystem | Verifying GDExtensions...
[  50% ] first_scan_filesystem | Creating autoload scripts...
[  66% ] first_scan_filesystem | Initializing plugins...
[  83% ] first_scan_filesystem | Starting file scan...
[ DONE ] first_scan_filesystem

[   0% ] _update_scan_actions | Started Scanning actions... (5 steps)
[   0% ] _update_scan_actions | sm_wing01_focus.glb
[  16% ] _update_scan_actions | sm_wing01_frame.glb
[  33% ] _update_scan_actions | sm_wing01_ring_inner.glb
[  50% ] _update_scan_actions | sm_wing01_ring_middle.glb
[  66% ] _update_scan_actions | sm_wing01_ring_outer.glb
[ DONE ] _update_scan_actions

[   0% ] reimport | Started (Re)Importing Assets (1 steps)
[   0% ] reimport | Preparing files to reimport...
[   0% ] reimport | Executing pre-reimport operations...
[   0% ] preload_reimporting_scene | Started Preparing scenes for reload (1 steps)
[   0% ] preload_reimporting_scene | Analyzing scene [empty]
[  50% ] preload_reimporting_scene | Preparation done.
[ DONE ] preload_reimporting_scene

[   0% ] reimport | sm_wing01_frame.glb
[   0% ] import | Started Import Scene (104 steps)
[   0% ] import | Importing Scene...
[   1% ] import | Running Custom Script...
[  99% ] import | Saving...
[ DONE ] import

[  50% ] reimport | Finalizing Asset Import...
[ DONE ] reimport

[   0% ] reimport | Started (Re)Importing Assets (1 steps)
[   0% ] reimport | Executing post-reimport operations...
[ DONE ] reimport

[   0% ] loading_editor_layout | Started Loading editor (5 steps)
[   0% ] loading_editor_layout | Loading editor layout...
[  16% ] loading_editor_layout | Loading docks...
[ DONE ] loading_editor_layout

exit=0
$ ../toolchain/bin/godot --headless --path game --max-fps 60 --quit-after 1200 --script res://tests/wing01_optics_smoke.gd
Godot Engine v4.7.2.stable.official.ed1daf0bf - https://godotengine.org

WING01_IMPORT PASS: frame; triangles=2764; shared surfaces=4
WING01_IMPORT PASS: outer; triangles=1588; shared surfaces=3
WING01_IMPORT PASS: middle; triangles=1588; shared surfaces=3
WING01_IMPORT PASS: inner; triangles=1588; shared surfaces=3
WING01_IMPORT PASS: focus; triangles=1108; shared surfaces=3
WING01_ARTICULATION PASS: outer; yaw=0.0; independent poses=5
WING01_ARTICULATION PASS: middle; yaw=0.0; independent poses=5
WING01_ARTICULATION PASS: inner; yaw=0.0; independent poses=5
WING01_ARTICULATION PASS: focus; yaw=0.0; independent poses=5
WING01_ARTICULATION PASS: outer; yaw=1.5707963267949; independent poses=5
WING01_ARTICULATION PASS: middle; yaw=1.5707963267949; independent poses=5
WING01_ARTICULATION PASS: inner; yaw=1.5707963267949; independent poses=5
WING01_ARTICULATION PASS: focus; yaw=1.5707963267949; independent poses=5
WING01_SMOKE PASS: 8636 triangles / 16 shared surfaces; 40 independent poses; 48 actual Area rays; five focus stops; two assembly yaws; primitive blocking
exit=0
