[aist#0:0/pcm_s16le @ 0x564e264cef40] Guessed Channel Layout: stereo
Input #0, wav, from '/workspace/scratch/af1393cbbc18/where-the-light-remains/assets/audio/music/A_Archive/shared/Hub Motif.wav':
  Metadata:
    comment         : made with suno; created=2026-09-18T12:29:08Z; id=422d00b1-0d47-40a4-885d-44522f1dedff
    encoder         : Lavf60.16.100
  Duration: 00:01:58.00, bitrate: 1536 kb/s
  Stream #0:0: Audio: pcm_s16le ([1][0][0][0] / 0x0001), 48000 Hz, 2 channels, s16, 1536 kb/s
Stream mapping:
  Stream #0:0 -> #0:0 (pcm_s16le (native) -> pcm_s16le (native))
Output #0, null, to 'pipe:':
  Metadata:
    comment         : made with suno; created=2026-09-18T12:29:08Z; id=422d00b1-0d47-40a4-885d-44522f1dedff
    encoder         : Lavf60.16.100
  Stream #0:0: Audio: pcm_s16le, 48000 Hz, stereo, s16, 1536 kb/s
    Metadata:
      encoder         : Lavc60.31.102 pcm_s16le
[out#0/null @ 0x564e264dfbc0] video:0kB audio:22125kB subtitle:0kB other streams:0kB global headers:0kB muxing overhead: unknown
size=N/A time=00:01:57.90 bitrate=N/A speed= 159x    
[Parsed_ebur128_0 @ 0x564e26512d00] Summary:

  Integrated loudness:
    I:         -15.6 LUFS
    Threshold: -25.6 LUFS

  Loudness range:
    LRA:         7.9 LU
    Threshold: -35.5 LUFS
    LRA low:   -20.6 LUFS
    LRA high:  -12.8 LUFS

  True peak:
    Peak:       -2.7 dBFS
