$ /workspace/scratch/4f0b36b4bb0e/toolchain/bin/godot --headless --path game --editor --import
Godot Engine v4.7.2.stable.official.ed1daf0bf - https://godotengine.org

[   0% ] [90m[1mfirst_scan_filesystem[22m | Started Project initialization (5 steps)[39m[0m
[   0% ] [90m[1mfirst_scan_filesystem[22m | Scanning file structure...[39m[0m
[  16% ] [90m[1mfirst_scan_filesystem[22m | Loading global class names...[39m[0m
[  33% ] [90m[1mfirst_scan_filesystem[22m | Verifying GDExtensions...[39m[0m
[  50% ] [90m[1mfirst_scan_filesystem[22m | Creating autoload scripts...[39m[0m
[  66% ] [90m[1mfirst_scan_filesystem[22m | Initializing plugins...[39m[0m
[  83% ] [90m[1mfirst_scan_filesystem[22m | Starting file scan...[39m[0m
[92m[ DONE ][39m [1mfirst_scan_filesystem[22m
[0m
[   0% ] [90m[1m_update_scan_actions[22m | Started Scanning actions... (10 steps)[39m[0m
[   0% ] [90m[1m_update_scan_actions[22m | t_aged_leather_albedo.png[39m[0m
[   9% ] [90m[1m_update_scan_actions[22m | t_aged_leather_normal.png[39m[0m
[  18% ] [90m[1m_update_scan_actions[22m | t_aged_leather_orm.png[39m[0m
[  27% ] [90m[1m_update_scan_actions[22m | t_dark_iron_normal.png[39m[0m
[  36% ] [90m[1m_update_scan_actions[22m | t_dark_iron_orm.png[39m[0m
[  45% ] [90m[1m_update_scan_actions[22m | t_memory_glass_normal.png[39m[0m
[  54% ] [90m[1m_update_scan_actions[22m | t_memory_glass_roughness.png[39m[0m
[  63% ] [90m[1m_update_scan_actions[22m | t_woven_textile_albedo.png[39m[0m
[  72% ] [90m[1m_update_scan_actions[22m | t_woven_textile_normal.png[39m[0m
[  81% ] [90m[1m_update_scan_actions[22m | t_woven_textile_orm.png[39m[0m
[92m[ DONE ][39m [1m_update_scan_actions[22m
[0m
[   0% ] [90m[1mreimport[22m | Started (Re)Importing Assets (8 steps)[39m[0m
[   0% ] [90m[1mreimport[22m | Preparing files to reimport...[39m[0m
[  11% ] [90m[1mreimport[22m | Preparing files to reimport...[39m[0m
[  22% ] [90m[1mreimport[22m | Preparing files to reimport...[39m[0m
[  33% ] [90m[1mreimport[22m | Preparing files to reimport...[39m[0m
[  44% ] [90m[1mreimport[22m | Preparing files to reimport...[39m[0m
[  55% ] [90m[1mreimport[22m | Preparing files to reimport...[39m[0m
[  66% ] [90m[1mreimport[22m | Preparing files to reimport...[39m[0m
[  77% ] [90m[1mreimport[22m | Preparing files to reimport...[39m[0m
[   0% ] [90m[1mreimport[22m | Executing pre-reimport operations...[39m[0m
[   0% ] [90m[1mreimport[22m | t_aged_leather_albedo.png[39m[0m
[  11% ] [90m[1mreimport[22m | t_aged_leather_normal.png[39m[0m
[  22% ] [90m[1mreimport[22m | t_aged_leather_orm.png[39m[0m
[  33% ] [90m[1mreimport[22m | t_dark_iron_normal.png[39m[0m
[  44% ] [90m[1mreimport[22m | t_dark_iron_orm.png[39m[0m
[  55% ] [90m[1mreimport[22m | t_woven_textile_albedo.png[39m[0m
[  66% ] [90m[1mreimport[22m | t_woven_textile_normal.png[39m[0m
[  77% ] [90m[1mreimport[22m | t_woven_textile_orm.png[39m[0m
[  88% ] [90m[1mreimport[22m | Finalizing Asset Import...[39m[0m
[92m[ DONE ][39m [1mreimport[22m
[0m
[   0% ] [90m[1mreimport[22m | Started (Re)Importing Assets (8 steps)[39m[0m
[   0% ] [90m[1mreimport[22m | Executing post-reimport operations...[39m[0m
[92m[ DONE ][39m [1mreimport[22m
[0m
[   0% ] [90m[1mloading_editor_layout[22m | Started Loading editor (5 steps)[39m[0m
[   0% ] [90m[1mloading_editor_layout[22m | Loading editor layout...[39m[0m
[  16% ] [90m[1mloading_editor_layout[22m | Loading docks...[39m[0m
[92m[ DONE ][39m [1mloading_editor_layout[22m
[0m

exit=0
$ /workspace/scratch/4f0b36b4bb0e/toolchain/bin/godot --headless --path game --script res://tests/lfs_export_smoke.gd
Godot Engine v4.7.2.stable.official.ed1daf0bf - https://godotengine.org

LFS_EXPORT PASS: GLB import; meters; Y-up; bottom-center pivot; normals; UV; one material; script-free wrapper

exit=0
$ /workspace/scratch/4f0b36b4bb0e/toolchain/bin/godot --headless --path game --script res://tests/engine_preflight.gd
Godot Engine v4.7.2.stable.official.ed1daf0bf - https://godotengine.org

ENGINE_PREFLIGHT runtime: {"csharp":false,"display":"headless","driver":"vulkan","executable":"/workspace/scratch/4f0b36b4bb0e/toolchain/godot-4.7.2/Godot_v4.7.2-stable_linux.x86_64","platform":"Linux","renderer":"forward_plus","version":{"build":"official","hash":"ed1daf0bf001b61586d9930840f2f1394092c079","hex":263938,"major":4,"minor":7,"patch":2,"status":"stable","string":"4.7.2-stable (official)","timestamp":0}}
ENGINE_PREFLIGHT PASS: GameRoot ready; 8 autoloads; baseline settings; requesting App safe exit

exit=0
