Input #0, ogg, from '/tmp/wlr-audio-encode-bynfp6h3/mus_s01_mechanism_light_v01.attempt0.ogg':
  Duration: 00:02:12.76, start: 0.000000, bitrate: 148 kb/s
  Stream #0:0: Audio: vorbis, 48000 Hz, stereo, fltp, 160 kb/s
    Metadata:
      encoder         : Lavc60.31.102 libvorbis
Stream mapping:
  Stream #0:0 -> #0:0 (vorbis (native) -> pcm_s16le (native))
Output #0, null, to 'pipe:':
  Metadata:
    encoder         : Lavf60.16.100
  Stream #0:0: Audio: pcm_s16le, 48000 Hz, stereo, s16, 1536 kb/s
    Metadata:
      encoder         : Lavc60.31.102 pcm_s16le
[out#0/null @ 0x5612746caa80] video:0kB audio:24892kB subtitle:0kB other streams:0kB global headers:0kB muxing overhead: unknown
size=N/A time=00:02:12.70 bitrate=N/A speed= 141x    
[Parsed_ebur128_0 @ 0x5612746f7540] Summary:

  Integrated loudness:
    I:         -15.2 LUFS
    Threshold: -25.4 LUFS

  Loudness range:
    LRA:         7.9 LU
    Threshold: -35.3 LUFS
    LRA low:   -20.2 LUFS
    LRA high:  -12.3 LUFS

  True peak:
    Peak:       -2.7 dBFS
