$ python3 tools/run_graphical.py --graphics-prefix ../toolchain/graphics --godot ../toolchain/bin/godot --timeout 75 --expect 'SETTINGS PASS' -- --path /workspace/scratch/4f0b36b4bb0e/wlr-art-integration/../toolchain/shell/settings-final/game --resolution 1280x720 --max-fps 30 res://tests/settings_smoke.tscn -- --settings-review=/workspace/scratch/4f0b36b4bb0e/wlr-art-integration/../toolchain/shell/settings_final_1280.png
$ /workspace/scratch/4f0b36b4bb0e/toolchain/graphics/usr/bin/Xvfb :100 -screen 0 1920x1080x24 -listen tcp -nolisten unix -nolisten local -noreset -auth /tmp/wlr-x11-h3sn75ne/Xauthority
DISPLAY=127.0.0.1:100; VK_ICD_FILENAMES=/workspace/scratch/4f0b36b4bb0e/toolchain/graphics/usr/share/vulkan/icd.d/lvp_icd.json
X11_TCP_AUTH PASS: valid cookie accepted; unauthenticated client rejected
$ /workspace/scratch/4f0b36b4bb0e/toolchain/godot-4.7.2/Godot_v4.7.2-stable_linux.x86_64 --display-driver x11 --rendering-driver vulkan --rendering-method forward_plus --audio-driver Dummy --path /workspace/scratch/4f0b36b4bb0e/wlr-art-integration/../toolchain/shell/settings-final/game --resolution 1280x720 --max-fps 30 res://tests/settings_smoke.tscn -- --settings-review=/workspace/scratch/4f0b36b4bb0e/wlr-art-integration/../toolchain/shell/settings_final_1280.png --preserve-display
GRAPHICAL_RUN PASS: exit=0

Godot stdout/stderr:
Godot Engine v4.7.2.stable.official.ed1daf0bf - https://godotengine.org
Vulkan 1.4.318 - Forward+ - Using Device #0: Unknown - llvmpipe (LLVM 20.1.2, 256 bits)

SETTINGS runtime: 4.7.2-stable (official); display=X11
SETTINGS checked: missing, typed round-trip/replacement, clamps, invalid types/nonfinite/resolution/preset, versions, missing fields, oversize, write/rename failure; malformed parser case=headless only
SETTINGS checked: authored environment/light isolation and restoration, Low/High profiles, replacement and later world
SETTINGS checked: actual fullscreen/windowed, render-height target; startup CLI size=(1280, 720)
SETTINGS modal geometry: viewport=(1280.0, 720.0); panel=[P: (260.0, 30.0), S: (760.0, 660.0)]; cancel=[P: (525.0, 635.0), S: (229.0, 31.0)]
SETTINGS graphical modal: (1280, 720); panel=[P: (260.0, 30.0), S: (760.0, 660.0)]
SETTINGS checked: real mouse Cancel, draft defaults, error Apply, persisted Apply, paused modal, later input lock, Russian glyphs and bounds
SETTINGS PASS: validated atomic preferences, actual audio/graphics, Russian modal draft/apply/cancel and file integrity


Xvfb stdout/stderr:
Warning: getifaddrs returns Operation not permitted
Warning: getifaddrs returns Operation not permitted
The XKEYBOARD keymap compiler (xkbcomp) reports:
> Warning:          Could not resolve keysym XF86CameraAccessEnable
> Warning:          Could not resolve keysym XF86CameraAccessDisable
> Warning:          Could not resolve keysym XF86CameraAccessToggle
> Warning:          Could not resolve keysym XF86NextElement
> Warning:          Could not resolve keysym XF86PreviousElement
> Warning:          Could not resolve keysym XF86AutopilotEngageToggle
> Warning:          Could not resolve keysym XF86MarkWaypoint
> Warning:          Could not resolve keysym XF86Sos
> Warning:          Could not resolve keysym XF86NavChart
> Warning:          Could not resolve keysym XF86FishingChart
> Warning:          Could not resolve keysym XF86SingleRangeRadar
> Warning:          Could not resolve keysym XF86DualRangeRadar
> Warning:          Could not resolve keysym XF86RadarOverlay
> Warning:          Could not resolve keysym XF86TraditionalSonar
> Warning:          Could not resolve keysym XF86ClearvuSonar
> Warning:          Could not resolve keysym XF86SidevuSonar
> Warning:          Could not resolve keysym XF86NavInfo
Errors from xkbcomp are not fatal to the X server


exit=0
