$ bash -c '../toolchain/bin/godot --headless --path ../toolchain/shell/settings-final/game res://tests/player_interaction_smoke.tscn && ../toolchain/bin/godot --headless --audio-driver Dummy --path ../toolchain/shell/settings-final/game --script res://tests/audio_bus_smoke.gd'
Godot Engine v4.7.2.stable.official.ed1daf0bf - https://godotengine.org

PLAYER_INTERACTION runtime: 4.7.2-stable (official); display=headless
PLAYER_ARCHIVE_WALK: yaw=0.0; lane=-0.75; feet=(-0.75, 0.000338, -1.533334); height=0.00033789058216..0.00033789058216
PLAYER_ARCHIVE_WALK: yaw=0.0; lane=0.0; feet=(0.0, 0.000338, -1.533333); height=0.00033789058216..0.00033789058216
PLAYER_ARCHIVE_WALK: yaw=0.0; lane=0.75; feet=(0.75, 0.000338, -1.533334); height=0.00033789058216..0.00033789058216
PLAYER_ARCHIVE_WALK: yaw=1.5707963267949; lane=-0.75; feet=(-0.75, 0.000338, -1.533334); height=0.00033789058216..0.00033789058216
PLAYER_ARCHIVE_WALK: yaw=1.5707963267949; lane=0.0; feet=(-0.0, 0.000338, -1.533333); height=0.00033789058216..0.00033789058216
PLAYER_ARCHIVE_WALK: yaw=1.5707963267949; lane=0.75; feet=(0.75, 0.000338, -1.533334); height=0.00033789058216..0.00033789058216
PLAYER_ARCHIVE PASS: six actual controller traversals at two yaws; world wall stopping
PLAYER_MOVE_LOOK PASS: normalized speed, heading, pause/focus/held key, unscaled sensitivity, pitch, invert-Y, FOV and LIMITED_LOOK
PLAYER_INTERACTION_RAY PASS: range, nearest solid, single E/echo, disable/delete/move/pause races, inside-solid occlusion
PLAYER_INTERACTION PASS: actual player traversal, walk/look gates, physics picks/occlusion/races, Russian HUD
Godot Engine v4.7.2.stable.official.ed1daf0bf - https://godotengine.org

AUDIO_BUS runtime: 4.7.2-stable (official); display=headless; audio=Dummy
AUDIO_BUS source: project default layout; generated PCM through the real mixer; no speaker test
AUDIO_BUS route: Master -> output; peaks={"Master":0.0999786406755447,"Music":0.0,"SFX":0.0}
AUDIO_BUS route: Music -> Master; peaks={"Master":0.0999786406755447,"Music":0.0999786406755447,"SFX":0.0}
AUDIO_BUS route: Music_Main -> Music; peaks={"Master":0.0999786406755447,"Music":0.0999786406755447,"SFX":0.0}
AUDIO_BUS route: Music_Stems -> Music; peaks={"Master":0.0999786406755447,"Music":0.0999786406755447,"SFX":0.0}
AUDIO_BUS route: SFX -> Master; peaks={"Master":0.0999786406755447,"Music":0.0,"SFX":0.0999786406755447}
AUDIO_BUS route: SFX_Critical -> SFX; peaks={"Master":0.0999786406755447,"Music":0.0,"SFX":0.0999786406755447}
AUDIO_BUS route: SFX_World -> SFX; peaks={"Master":0.0999786406755447,"Music":0.0,"SFX":0.0999786406755447}
AUDIO_BUS route: Ambience -> Master; peaks={"Master":0.0999786406755447,"Music":0.0,"SFX":0.0}
AUDIO_BUS route: UI -> Master; peaks={"Master":0.0999786406755447,"Music":0.0,"SFX":0.0}
AUDIO_BUS route: VO_RESERVED -> Master; peaks={"Master":0.0999786406755447,"Music":0.0,"SFX":0.0}
AUDIO_BUS gain: Music_Main; half-gain ratio=0.5
AUDIO_BUS gain: Music_Stems; half-gain ratio=0.5
AUDIO_BUS mute: Music_Main; Master peak=0.0
AUDIO_BUS mute: Music_Stems; Master peak=0.0
AUDIO_BUS checked parent gain/mute and branch independence: Music
AUDIO_BUS gain: SFX_Critical; half-gain ratio=0.5
AUDIO_BUS gain: SFX_World; half-gain ratio=0.5
AUDIO_BUS mute: SFX_Critical; Master peak=0.0
AUDIO_BUS mute: SFX_World; Master peak=0.0
AUDIO_BUS checked parent gain/mute and branch independence: SFX
AUDIO_BUS PASS: automatic layout, startup preferences, all routes, parent gain/mute and restored preference state

exit=0
