Info: Saved as "s01_hub_controls.blend"
INFO Draco mesh compression is available, use library at /workspace/scratch/0152d86aa631/toolchain/blender-4.5.14-linux-x64/4.5/scripts/addons_core/io_scene_gltf2/libextern_draco.so
12:08:46 | INFO: Starting glTF 2.0 export
12:08:46 | INFO: Extracting primitive: sm_s01_panel_base
12:08:46 | INFO: Primitives created: 2
12:08:46 | INFO: Finished glTF 2.0 export in 0.008050918579101562 s

12:08:46 | INFO: Starting glTF 2.0 export
12:08:46 | INFO: Extracting primitive: sm_s01_panel_cover
12:08:46 | INFO: Primitives created: 2
12:08:46 | INFO: Finished glTF 2.0 export in 0.007515907287597656 s

12:08:46 | INFO: Starting glTF 2.0 export
12:08:46 | INFO: Extracting primitive: sm_s01_lever_base
12:08:46 | INFO: Primitives created: 2
12:08:46 | INFO: Finished glTF 2.0 export in 0.007722616195678711 s

12:08:46 | INFO: Starting glTF 2.0 export
12:08:46 | INFO: Extracting primitive: sm_s01_lever_handle
12:08:46 | INFO: Primitives created: 2
12:08:46 | INFO: Finished glTF 2.0 export in 0.0062673091888427734 s

S01_CONTROLS_CREATED PASS: [{'stem': 'sm_s01_panel_base', 'triangles': 664, 'surfaces': 2}, {'stem': 'sm_s01_panel_cover', 'triangles': 360, 'surfaces': 2}, {'stem': 'sm_s01_lever_base', 'triangles': 484, 'surfaces': 2}, {'stem': 'sm_s01_lever_handle', 'triangles': 432, 'surfaces': 2}]
Blender 4.5.14 LTS (hash 62c1db4208e8 built 2026-09-15 01:31:19)

Blender quit
