$ blender --background /workspace/scratch/4f0b36b4bb0e/wlr-blender-export/assets/3d/blender/validation/sm_pipeline_meter_cube.blend --python-exit-code 1 --python /workspace/scratch/4f0b36b4bb0e/wlr-blender-export/tools/verify_export_source.py
BLENDER_SOURCE PASS: meters; unit transforms; bottom-center pivot; outward normals; UV; one material
Blender 4.5.14 LTS (hash 62c1db4208e8 built 2026-09-15 01:31:19)
Read blend: "/workspace/scratch/4f0b36b4bb0e/wlr-blender-export/assets/3d/blender/validation/sm_pipeline_meter_cube.blend"

Blender quit
Exit: 0

$ godot --headless --path /workspace/scratch/4f0b36b4bb0e/wlr-blender-export/game --editor --import
Godot Engine v4.7.2.stable.official.ed1daf0bf - https://godotengine.org

[   0% ] first_scan_filesystem | Started Project initialization (5 steps)
[   0% ] first_scan_filesystem | Scanning file structure...
[  16% ] first_scan_filesystem | Loading global class names...
[  33% ] first_scan_filesystem | Verifying GDExtensions...
[  50% ] first_scan_filesystem | Creating autoload scripts...
[  66% ] first_scan_filesystem | Initializing plugins...
[  83% ] first_scan_filesystem | Starting file scan...
[ DONE ] first_scan_filesystem

[   0% ] update_scripts_classes | Started Registering global classes... (16 steps)
[   0% ] update_scripts_classes |
[   5% ] update_scripts_classes |
[  11% ] update_scripts_classes |
[  17% ] update_scripts_classes |
[  23% ] update_scripts_classes |
[  29% ] update_scripts_classes |
[  35% ] update_scripts_classes |
[  41% ] update_scripts_classes |
[  47% ] update_scripts_classes |
[  52% ] update_scripts_classes |
[  58% ] update_scripts_classes |
[  64% ] update_scripts_classes |
[  70% ] update_scripts_classes |
[  76% ] update_scripts_classes |
[  82% ] update_scripts_classes |
[  88% ] update_scripts_classes |
[ DONE ] update_scripts_classes

[   0% ] reimport | Started (Re)Importing Assets (1 steps)
[   0% ] reimport | Preparing files to reimport...
[   0% ] reimport | Executing pre-reimport operations...
[   0% ] preload_reimporting_scene | Started Preparing scenes for reload (1 steps)
[   0% ] preload_reimporting_scene | Analyzing scene [empty]
[  50% ] preload_reimporting_scene | Preparation done.
[ DONE ] preload_reimporting_scene

[   0% ] reimport | sm_pipeline_meter_cube.glb
[   0% ] import | Started Import Scene (104 steps)
[   0% ] import | Importing Scene...
[   1% ] import | Running Custom Script...
[  99% ] import | Saving...
[ DONE ] import

[  50% ] reimport | Finalizing Asset Import...
[ DONE ] reimport

[   0% ] reimport | Started (Re)Importing Assets (1 steps)
[   0% ] reimport | Executing post-reimport operations...
[ DONE ] reimport

[   0% ] loading_editor_layout | Started Loading editor (5 steps)
[   0% ] loading_editor_layout | Loading editor layout...
[  16% ] loading_editor_layout | Loading docks...
[ DONE ] loading_editor_layout

Exit: 0

$ godot --headless --path /workspace/scratch/4f0b36b4bb0e/wlr-blender-export/game --script res://tests/lfs_export_smoke.gd
Godot Engine v4.7.2.stable.official.ed1daf0bf - https://godotengine.org

LFS_EXPORT PASS: GLB import; meters; Y-up; bottom-center pivot; normals; UV; one material; script-free wrapper
Exit: 0

$ godot --headless --path /workspace/scratch/4f0b36b4bb0e/wlr-blender-export/game --script res://tests/engine_preflight.gd
Godot Engine v4.7.2.stable.official.ed1daf0bf - https://godotengine.org

ENGINE_PREFLIGHT runtime: {"csharp":false,"display":"headless","driver":"vulkan","executable":"/workspace/scratch/4f0b36b4bb0e/toolchain/godot-4.7.2/Godot_v4.7.2-stable_linux.x86_64","platform":"Linux","renderer":"forward_plus","version":{"build":"official","hash":"ed1daf0bf001b61586d9930840f2f1394092c079","hex":263938,"major":4,"minor":7,"patch":2,"status":"stable","string":"4.7.2-stable (official)","timestamp":0}}
ENGINE_PREFLIGHT PASS: GameRoot ready; 8 autoloads; baseline settings; requesting App safe exit
Exit: 0

$ godot --headless --path /workspace/scratch/4f0b36b4bb0e/wlr-blender-export/game --script res://tests/input_map_smoke.gd
Godot Engine v4.7.2.stable.official.ed1daf0bf - https://godotengine.org

INPUT_MAP runtime: 4.7.2-stable (official); display=headless
INPUT_MAP source: project.godot; injected keyboard events, not OS keyboard input
INPUT_MAP checked: W/S/A/D/E/H press and release with Latin and Cyrillic labels
INPUT_MAP checked: physical/logical mismatch and release after modifier change
INPUT_MAP checked: forward direction, normalized diagonal, opposite keys and release
INPUT_MAP checked: shared Esc, repeat events, ui_cancel and ui_accept
INPUT_MAP PASS: persisted bindings, layout-independent matching and input lifecycle
Exit: 0

$ godot --headless --path /workspace/scratch/4f0b36b4bb0e/wlr-blender-export/game --script res://tests/audio_bus_smoke.gd
Godot Engine v4.7.2.stable.official.ed1daf0bf - https://godotengine.org

AUDIO_BUS runtime: 4.7.2-stable (official); display=headless; audio=Dummy
AUDIO_BUS source: project default layout; generated PCM through the real mixer; no speaker test
AUDIO_BUS route: Master -> output; peaks={"Master":0.0999786406755447,"Music":0.0,"SFX":0.0}
AUDIO_BUS route: Music -> Master; peaks={"Master":0.0999786406755447,"Music":0.0999786406755447,"SFX":0.0}
AUDIO_BUS route: Music_Main -> Music; peaks={"Master":0.0999786406755447,"Music":0.0999786406755447,"SFX":0.0}
AUDIO_BUS route: Music_Stems -> Music; peaks={"Master":0.0999786406755447,"Music":0.0999786406755447,"SFX":0.0}
AUDIO_BUS route: SFX -> Master; peaks={"Master":0.0999786406755447,"Music":0.0,"SFX":0.0999786406755447}
AUDIO_BUS route: SFX_Critical -> SFX; peaks={"Master":0.0999786406755447,"Music":0.0,"SFX":0.0999786406755447}
AUDIO_BUS route: SFX_World -> SFX; peaks={"Master":0.0999786406755447,"Music":0.0,"SFX":0.0999786406755447}
AUDIO_BUS route: Ambience -> Master; peaks={"Master":0.0999786406755447,"Music":0.0,"SFX":0.0}
AUDIO_BUS route: UI -> Master; peaks={"Master":0.0999786406755447,"Music":0.0,"SFX":0.0}
AUDIO_BUS route: VO_RESERVED -> Master; peaks={"Master":0.0999786406755447,"Music":0.0,"SFX":0.0}
AUDIO_BUS gain: Music_Main; half-gain ratio=0.5
AUDIO_BUS gain: Music_Stems; half-gain ratio=0.5
AUDIO_BUS mute: Music_Main; Master peak=0.0
AUDIO_BUS mute: Music_Stems; Master peak=0.0
AUDIO_BUS checked parent gain/mute and branch independence: Music
AUDIO_BUS gain: SFX_Critical; half-gain ratio=0.5
AUDIO_BUS gain: SFX_World; half-gain ratio=0.5
AUDIO_BUS mute: SFX_Critical; Master peak=0.0
AUDIO_BUS mute: SFX_World; Master peak=0.0
AUDIO_BUS checked parent gain/mute and branch independence: SFX
AUDIO_BUS PASS: automatic layout, all routes, parent gain/mute and restored neutral state
Exit: 0

$ godot --headless --path /workspace/scratch/4f0b36b4bb0e/wlr-blender-export/game res://tests/debug_tools_smoke.tscn
Godot Engine v4.7.2.stable.official.ed1daf0bf - https://godotengine.org

DEBUG_TOOLS runtime: 4.7.2-stable (official); debug=true; display=headless; expected_overlay=false
DEBUG_TOOLS checked: disabled path does not load development resources
DEBUG_TOOLS PASS: gate, state/file integrity, autoloads; requesting App safe exit
Exit: 0
