ENGINE PREFLIGHT - actual execution evidence - 2026-09-19
Godot source/configuration commit: feb061bc97803d17f1915c87a4209e679d70a000
Verified game subtree: cf6be34266e3fd81bfac63fa3979c30bc68d5394
Final runs used a clean git archive of game/, initially without .godot cache.
ANSI terminal color codes and trailing whitespace removed from copied output.

CHECK {"duration_seconds": 3.986, "errors": [], "exit_code": 0, "name": "final-clean-import"}
Godot Engine v4.7.2.stable.official.ed1daf0bf - https://godotengine.org

[   0% ] first_scan_filesystem | Started Project initialization (5 steps)
[   0% ] first_scan_filesystem | Scanning file structure...
[  16% ] first_scan_filesystem | Loading global class names...
[  33% ] first_scan_filesystem | Verifying GDExtensions...
[  50% ] first_scan_filesystem | Creating autoload scripts...
[  66% ] first_scan_filesystem | Initializing plugins...
[  83% ] first_scan_filesystem | Starting file scan...
[ DONE ] first_scan_filesystem

[   0% ] update_scripts_classes | Started Registering global classes... (10 steps)
[   0% ] update_scripts_classes |
[   9% ] update_scripts_classes |
[  18% ] update_scripts_classes |
[  27% ] update_scripts_classes |
[  36% ] update_scripts_classes |
[  45% ] update_scripts_classes |
[  54% ] update_scripts_classes |
[  63% ] update_scripts_classes |
[  72% ] update_scripts_classes |
[  81% ] update_scripts_classes |
[ DONE ] update_scripts_classes

[   0% ] loading_editor_layout | Started Loading editor (5 steps)
[   0% ] loading_editor_layout | Loading editor layout...
[  16% ] loading_editor_layout | Loading docks...
[ DONE ] loading_editor_layout



CHECK {"duration_seconds": 1.177, "errors": [], "exit_code": 0, "name": "final-clean-headless-smoke"}
Godot Engine v4.7.2.stable.official.ed1daf0bf - https://godotengine.org

ENGINE_PREFLIGHT runtime: {"csharp":false,"display":"headless","driver":"vulkan","executable":"/workspace/scratch/4f0b36b4bb0e/toolchain/godot-4.7.2/Godot_v4.7.2-stable_linux.x86_64","platform":"Linux","renderer":"forward_plus","version":{"build":"official","hash":"ed1daf0bf001b61586d9930840f2f1394092c079","hex":263938,"major":4,"minor":7,"patch":2,"status":"stable","string":"4.7.2-stable (official)","timestamp":0}}
ENGINE_PREFLIGHT PASS: GameRoot ready; 8 autoloads; baseline settings; requesting App safe exit


CHECK {"duration_seconds": 1.005, "errors": [], "exit_code": 0, "name": "final-clean-normal-headless"}
Godot Engine v4.7.2.stable.official.ed1daf0bf - https://godotengine.org



CHECK graphical-asserted-smoke: wrapper recorded exit_code=0
Godot Engine v4.7.2.stable.official.ed1daf0bf - https://godotengine.org
Vulkan 1.4.318 - Forward+ - Using Device #0: Unknown - llvmpipe (LLVM 20.1.2, 256 bits)

ENGINE_PREFLIGHT runtime: {"csharp":false,"display":"X11","driver":"vulkan","executable":"/workspace/scratch/4f0b36b4bb0e/toolchain/godot-4.7.2/Godot_v4.7.2-stable_linux.x86_64","platform":"Linux","renderer":"forward_plus","version":{"build":"official","hash":"ed1daf0bf001b61586d9930840f2f1394092c079","hex":263938,"major":4,"minor":7,"patch":2,"status":"stable","string":"4.7.2-stable (official)","timestamp":0}}
ENGINE_PREFLIGHT PASS: GameRoot ready; 8 autoloads; baseline settings; requesting App safe exit


CHECK graphical-normal-startup: {"alive_for_seconds_after_window": 5, "device": "Mesa lavapipe (software Vulkan)", "exit_code": 0, "renderer": "Forward+", "shutdown": "WM_DELETE_WINDOW", "window_found": true}
Godot Engine v4.7.2.stable.official.ed1daf0bf - https://godotengine.org
Vulkan 1.4.318 - Forward+ - Using Device #0: Unknown - llvmpipe (LLVM 20.1.2, 256 bits)



Native window properties before closing:
WM_PROTOCOLS(ATOM): protocols  WM_DELETE_WINDOW
_NET_WM_PID(CARDINAL) = 56
WM_NAME(STRING) = "Where the Light Remains (DEBUG)"
WM_CLASS(STRING) = "Godot_Engine", "Where the Light Remains"
