Actual toolchain verification — 2026-09-23

gpgv: Signature made Thu Apr 25 18:11:21 2024 EEST
gpgv:                using RSA key F6ECB3762474EDA9D21B7022871920D1991BC93C
gpgv: Good signature from "Ubuntu Archive Automatic Signing Key (2018) <ftpmaster@ubuntu.com>"
Signed index PASS: noble main
gpgv: Signature made Thu Aug 27 23:15:29 2026 EEST
gpgv:                using RSA key F6ECB3762474EDA9D21B7022871920D1991BC93C
gpgv: Good signature from "Ubuntu Archive Automatic Signing Key (2018) <ftpmaster@ubuntu.com>"
Signed index PASS: noble-updates main
Signed index PASS: noble-updates universe
PACKAGE LOCK READY
xvfb 2:21.1.12-1ubuntu1.6 checksum/extraction PASS
xserver-common 2:21.1.12-1ubuntu1.6 checksum/extraction PASS
x11-xkb-utils 7.7+8build2 checksum/extraction PASS
libxkbfile1 1:1.1.0-1build4 checksum/extraction PASS
libxfont2 1:2.0.6-1+deb13u1build0.24.04.2 checksum/extraction PASS
xauth 1:1.1.2-1build1 checksum/extraction PASS
libxmuu1 2:1.1.3-3build2 checksum/extraction PASS
mesa-vulkan-drivers 25.2.8-0ubuntu0.24.04.2 checksum/extraction PASS
libllvm20 verified system package
libdrm2 verified system package
libdrm-amdgpu1 verified system package
libdrm-common verified system package
libvulkan1 verified system package
GRAPHICS_RESTORE PASS

$ python tools/setup_linux_graphics.py --prefix ../toolchain/graphics
xvfb 2:21.1.12-1ubuntu1.6: checksum/extraction PASS
xserver-common 2:21.1.12-1ubuntu1.6: checksum/extraction PASS
x11-xkb-utils 7.7+8build2: checksum/extraction PASS
libxkbfile1 1:1.1.0-1build4: checksum/extraction PASS
libxfont2 1:2.0.6-1+deb13u1build0.24.04.2: checksum/extraction PASS
xauth 1:1.1.2-1build1: checksum/extraction PASS
libxmuu1 2:1.1.3-3build2: checksum/extraction PASS
mesa-vulkan-drivers 25.2.8-0ubuntu0.24.04.2: checksum/extraction PASS
libllvm20 1:20.1.2-0ubuntu1~24.04.3: verified system package
libdrm2 2.4.125-1ubuntu0.1~24.04.2: verified system package
libdrm-amdgpu1 2.4.125-1ubuntu0.1~24.04.2: verified system package
libdrm-common 2.4.125-1ubuntu0.1~24.04.2: verified system package
libvulkan1 1.3.275.0-1build1: verified system package
GRAPHICS_SETUP PASS: local packages; lavapipe ICD; xkbcomp=/workspace/scratch/4f0b36b4bb0e/toolchain/graphics/usr/bin/xkbcomp

Exit: 0

LFS GLB retrieval: git lfs smudge; 1992 bytes; SHA256 245d2866efb6e44d1e7cea3eda98ed3119584850e5be4981a451723eac7d4893 verified.
No LFS payload or production asset changed in this feature.
