Material library final validation — 2026-10-02T02:40:00.407508+00:00
$ git rev-parse HEAD
e304796599404e530798f932a71e589683f01809

exit=0
$ git diff --exit-code -- game tools/generate_material_maps.py

exit=0
Environment: authenticated Xvfb TCP + MIT-MAGIC-COOKIE; Godot X11/Vulkan/Forward+; software llvmpipe. No target-GPU FPS claim.
Resolved during development: two GDScript parse errors (reflection enum and inferred String); BC1 brass banding and hard patina thresholds; incomplete scratch PNG copies caught by regeneration comparison. PNG publication is now atomic.
$ python tools/generate_material_maps.py --output /workspace/scratch/4f0b36b4bb0e/toolchain/material-repro-atomic
MATERIAL_MAPS PASS: 11 original 1024px periodic maps; 6853964 PNG bytes

exit=0
MATERIAL_REGEN PASS: all 11 PNGs and manifest byte-identical to committed sources
NumPy 2.3.5; Pillow 12.3.0
$ /workspace/scratch/4f0b36b4bb0e/toolchain/bin/godot --headless --path game --editor --import
Godot Engine v4.7.2.stable.official.ed1daf0bf - https://godotengine.org

[   0% ] [90m[1mfirst_scan_filesystem[22m | Started Project initialization (5 steps)[39m[0m
[   0% ] [90m[1mfirst_scan_filesystem[22m | Scanning file structure...[39m[0m
[  16% ] [90m[1mfirst_scan_filesystem[22m | Loading global class names...[39m[0m
[  33% ] [90m[1mfirst_scan_filesystem[22m | Verifying GDExtensions...[39m[0m
[  50% ] [90m[1mfirst_scan_filesystem[22m | Creating autoload scripts...[39m[0m
[  66% ] [90m[1mfirst_scan_filesystem[22m | Initializing plugins...[39m[0m
[  83% ] [90m[1mfirst_scan_filesystem[22m | Starting file scan...[39m[0m
[92m[ DONE ][39m [1mfirst_scan_filesystem[22m
[0m
[   0% ] [90m[1mloading_editor_layout[22m | Started Loading editor (5 steps)[39m[0m
[   0% ] [90m[1mloading_editor_layout[22m | Loading editor layout...[39m[0m
[  16% ] [90m[1mloading_editor_layout[22m | Loading docks...[39m[0m
[92m[ DONE ][39m [1mloading_editor_layout[22m
[0m

exit=0
$ /workspace/scratch/4f0b36b4bb0e/toolchain/bin/godot --headless --path game --check-only --script res://tests/material_library_smoke.gd
Godot Engine v4.7.2.stable.official.ed1daf0bf - https://godotengine.org


exit=0
$ python tools/run_graphical.py --graphics-prefix ../toolchain/graphics --godot ../toolchain/bin/godot --timeout 180 --expect 'ENGINE_PREFLIGHT PASS' -- --path game --script res://tests/engine_preflight.gd
$ /workspace/scratch/4f0b36b4bb0e/toolchain/graphics/usr/bin/Xvfb :100 -screen 0 1920x1080x24 -listen tcp -nolisten unix -nolisten local -noreset -auth /tmp/wlr-x11-tg66y7gx/Xauthority
DISPLAY=127.0.0.1:100; VK_ICD_FILENAMES=/workspace/scratch/4f0b36b4bb0e/toolchain/graphics/usr/share/vulkan/icd.d/lvp_icd.json
X11_TCP_AUTH PASS: valid cookie accepted; unauthenticated client rejected
$ /workspace/scratch/4f0b36b4bb0e/toolchain/godot-4.7.2/Godot_v4.7.2-stable_linux.x86_64 --display-driver x11 --rendering-driver vulkan --rendering-method forward_plus --audio-driver Dummy --path game --script res://tests/engine_preflight.gd
GRAPHICAL_RUN PASS: exit=0

Godot stdout/stderr:
Godot Engine v4.7.2.stable.official.ed1daf0bf - https://godotengine.org
Vulkan 1.4.318 - Forward+ - Using Device #0: Unknown - llvmpipe (LLVM 20.1.2, 256 bits)

ENGINE_PREFLIGHT runtime: {"csharp":false,"display":"X11","driver":"vulkan","executable":"/workspace/scratch/4f0b36b4bb0e/toolchain/godot-4.7.2/Godot_v4.7.2-stable_linux.x86_64","platform":"Linux","renderer":"forward_plus","version":{"build":"official","hash":"ed1daf0bf001b61586d9930840f2f1394092c079","hex":263938,"major":4,"minor":7,"patch":2,"status":"stable","string":"4.7.2-stable (official)","timestamp":0}}
ENGINE_PREFLIGHT PASS: GameRoot ready; 8 autoloads; baseline settings; requesting App safe exit


Xvfb stdout/stderr:
Warning: getifaddrs returns Operation not permitted
Warning: getifaddrs returns Operation not permitted
The XKEYBOARD keymap compiler (xkbcomp) reports:
> Warning:          Could not resolve keysym XF86CameraAccessEnable
> Warning:          Could not resolve keysym XF86CameraAccessDisable
> Warning:          Could not resolve keysym XF86CameraAccessToggle
> Warning:          Could not resolve keysym XF86NextElement
> Warning:          Could not resolve keysym XF86PreviousElement
> Warning:          Could not resolve keysym XF86AutopilotEngageToggle
> Warning:          Could not resolve keysym XF86MarkWaypoint
> Warning:          Could not resolve keysym XF86Sos
> Warning:          Could not resolve keysym XF86NavChart
> Warning:          Could not resolve keysym XF86FishingChart
> Warning:          Could not resolve keysym XF86SingleRangeRadar
> Warning:          Could not resolve keysym XF86DualRangeRadar
> Warning:          Could not resolve keysym XF86RadarOverlay
> Warning:          Could not resolve keysym XF86TraditionalSonar
> Warning:          Could not resolve keysym XF86ClearvuSonar
> Warning:          Could not resolve keysym XF86SidevuSonar
> Warning:          Could not resolve keysym XF86NavInfo
Errors from xkbcomp are not fatal to the X server


exit=0
$ python tools/run_graphical.py --graphics-prefix ../toolchain/graphics --godot ../toolchain/bin/godot --timeout 180 --expect 'MATERIAL_LIBRARY PASS' -- --path game --resolution 1920x1080 --script res://tests/material_library_smoke.gd -- --screenshot=/workspace/scratch/4f0b36b4bb0e/wlr-art-integration/docs/production/evidence/material_library_neutral_2026-10-02.png --light=neutral
$ /workspace/scratch/4f0b36b4bb0e/toolchain/graphics/usr/bin/Xvfb :100 -screen 0 1920x1080x24 -listen tcp -nolisten unix -nolisten local -noreset -auth /tmp/wlr-x11-mmm5tim8/Xauthority
DISPLAY=127.0.0.1:100; VK_ICD_FILENAMES=/workspace/scratch/4f0b36b4bb0e/toolchain/graphics/usr/share/vulkan/icd.d/lvp_icd.json
X11_TCP_AUTH PASS: valid cookie accepted; unauthenticated client rejected
$ /workspace/scratch/4f0b36b4bb0e/toolchain/godot-4.7.2/Godot_v4.7.2-stable_linux.x86_64 --display-driver x11 --rendering-driver vulkan --rendering-method forward_plus --audio-driver Dummy --path game --resolution 1920x1080 --script res://tests/material_library_smoke.gd -- --screenshot=/workspace/scratch/4f0b36b4bb0e/wlr-art-integration/docs/production/evidence/material_library_neutral_2026-10-02.png --light=neutral
GRAPHICAL_RUN PASS: exit=0

Godot stdout/stderr:
Godot Engine v4.7.2.stable.official.ed1daf0bf - https://godotengine.org
Vulkan 1.4.318 - Forward+ - Using Device #0: Unknown - llvmpipe (LLVM 20.1.2, 256 bits)

MATERIAL_LIBRARY rendered: observatory_stone; rgb_delta=0.79943321839285
MATERIAL_LIBRARY rendered: aged_brass; rgb_delta=0.34960682848274
MATERIAL_LIBRARY rendered: dark_walnut; rgb_delta=0.15116421900893
MATERIAL_LIBRARY rendered: memory_glass; rgb_delta=0.34566482893812
MATERIAL_LIBRARY rendered: crystal_glass; rgb_delta=0.26220384034483
MATERIAL_LIBRARY rendered: archive_emissive_gold; rgb_delta=0.73672386080337
MATERIAL_LIBRARY counters (preview only): draw_calls=24; texture_bytes=127269760
MATERIAL_LIBRARY PASS: six shared resources; authored maps; actual X11/Vulkan/Forward+; Cyrillic; light=neutral; tiles=false; image=(1920, 1080); screenshot=/workspace/scratch/4f0b36b4bb0e/wlr-art-integration/docs/production/evidence/material_library_neutral_2026-10-02.png


Xvfb stdout/stderr:
Warning: getifaddrs returns Operation not permitted
Warning: getifaddrs returns Operation not permitted
The XKEYBOARD keymap compiler (xkbcomp) reports:
> Warning:          Could not resolve keysym XF86CameraAccessEnable
> Warning:          Could not resolve keysym XF86CameraAccessDisable
> Warning:          Could not resolve keysym XF86CameraAccessToggle
> Warning:          Could not resolve keysym XF86NextElement
> Warning:          Could not resolve keysym XF86PreviousElement
> Warning:          Could not resolve keysym XF86AutopilotEngageToggle
> Warning:          Could not resolve keysym XF86MarkWaypoint
> Warning:          Could not resolve keysym XF86Sos
> Warning:          Could not resolve keysym XF86NavChart
> Warning:          Could not resolve keysym XF86FishingChart
> Warning:          Could not resolve keysym XF86SingleRangeRadar
> Warning:          Could not resolve keysym XF86DualRangeRadar
> Warning:          Could not resolve keysym XF86RadarOverlay
> Warning:          Could not resolve keysym XF86TraditionalSonar
> Warning:          Could not resolve keysym XF86ClearvuSonar
> Warning:          Could not resolve keysym XF86SidevuSonar
> Warning:          Could not resolve keysym XF86NavInfo
Errors from xkbcomp are not fatal to the X server


exit=0
SHA256 material_library_neutral_2026-10-02.png ca3babe3677609f702dfb68420c47caff64ffa12f86db5638c6678bc6ddd02c9
$ python tools/run_graphical.py --graphics-prefix ../toolchain/graphics --godot ../toolchain/bin/godot --timeout 180 --expect 'MATERIAL_LIBRARY PASS' -- --path game --resolution 1920x1080 --script res://tests/material_library_smoke.gd -- --screenshot=/workspace/scratch/4f0b36b4bb0e/wlr-art-integration/docs/production/evidence/material_library_warm_2026-10-02.png --light=warm
$ /workspace/scratch/4f0b36b4bb0e/toolchain/graphics/usr/bin/Xvfb :100 -screen 0 1920x1080x24 -listen tcp -nolisten unix -nolisten local -noreset -auth /tmp/wlr-x11-vyahvafe/Xauthority
DISPLAY=127.0.0.1:100; VK_ICD_FILENAMES=/workspace/scratch/4f0b36b4bb0e/toolchain/graphics/usr/share/vulkan/icd.d/lvp_icd.json
X11_TCP_AUTH PASS: valid cookie accepted; unauthenticated client rejected
$ /workspace/scratch/4f0b36b4bb0e/toolchain/godot-4.7.2/Godot_v4.7.2-stable_linux.x86_64 --display-driver x11 --rendering-driver vulkan --rendering-method forward_plus --audio-driver Dummy --path game --resolution 1920x1080 --script res://tests/material_library_smoke.gd -- --screenshot=/workspace/scratch/4f0b36b4bb0e/wlr-art-integration/docs/production/evidence/material_library_warm_2026-10-02.png --light=warm
GRAPHICAL_RUN PASS: exit=0

Godot stdout/stderr:
Godot Engine v4.7.2.stable.official.ed1daf0bf - https://godotengine.org
Vulkan 1.4.318 - Forward+ - Using Device #0: Unknown - llvmpipe (LLVM 20.1.2, 256 bits)

MATERIAL_LIBRARY rendered: observatory_stone; rgb_delta=0.69145221992706
MATERIAL_LIBRARY rendered: aged_brass; rgb_delta=0.30438113340885
MATERIAL_LIBRARY rendered: dark_walnut; rgb_delta=0.13218954532203
MATERIAL_LIBRARY rendered: memory_glass; rgb_delta=0.33217933137591
MATERIAL_LIBRARY rendered: crystal_glass; rgb_delta=0.24889195372816
MATERIAL_LIBRARY rendered: archive_emissive_gold; rgb_delta=0.71648284750214
MATERIAL_LIBRARY counters (preview only): draw_calls=24; texture_bytes=127269760
MATERIAL_LIBRARY PASS: six shared resources; authored maps; actual X11/Vulkan/Forward+; Cyrillic; light=warm; tiles=false; image=(1920, 1080); screenshot=/workspace/scratch/4f0b36b4bb0e/wlr-art-integration/docs/production/evidence/material_library_warm_2026-10-02.png


Xvfb stdout/stderr:
Warning: getifaddrs returns Operation not permitted
Warning: getifaddrs returns Operation not permitted
The XKEYBOARD keymap compiler (xkbcomp) reports:
> Warning:          Could not resolve keysym XF86CameraAccessEnable
> Warning:          Could not resolve keysym XF86CameraAccessDisable
> Warning:          Could not resolve keysym XF86CameraAccessToggle
> Warning:          Could not resolve keysym XF86NextElement
> Warning:          Could not resolve keysym XF86PreviousElement
> Warning:          Could not resolve keysym XF86AutopilotEngageToggle
> Warning:          Could not resolve keysym XF86MarkWaypoint
> Warning:          Could not resolve keysym XF86Sos
> Warning:          Could not resolve keysym XF86NavChart
> Warning:          Could not resolve keysym XF86FishingChart
> Warning:          Could not resolve keysym XF86SingleRangeRadar
> Warning:          Could not resolve keysym XF86DualRangeRadar
> Warning:          Could not resolve keysym XF86RadarOverlay
> Warning:          Could not resolve keysym XF86TraditionalSonar
> Warning:          Could not resolve keysym XF86ClearvuSonar
> Warning:          Could not resolve keysym XF86SidevuSonar
> Warning:          Could not resolve keysym XF86NavInfo
Errors from xkbcomp are not fatal to the X server


exit=0
SHA256 material_library_warm_2026-10-02.png f61063b07550fed6877bd8de9c33de7105e34647827b2e9280ae1ad6edde0640
$ python tools/run_graphical.py --graphics-prefix ../toolchain/graphics --godot ../toolchain/bin/godot --timeout 180 --expect 'MATERIAL_LIBRARY PASS' -- --path game --resolution 1920x1080 --script res://tests/material_library_smoke.gd -- --screenshot=/workspace/scratch/4f0b36b4bb0e/wlr-art-integration/docs/production/evidence/material_library_cool_2026-10-02.png --light=cool
$ /workspace/scratch/4f0b36b4bb0e/toolchain/graphics/usr/bin/Xvfb :100 -screen 0 1920x1080x24 -listen tcp -nolisten unix -nolisten local -noreset -auth /tmp/wlr-x11-byzmpcwa/Xauthority
DISPLAY=127.0.0.1:100; VK_ICD_FILENAMES=/workspace/scratch/4f0b36b4bb0e/toolchain/graphics/usr/share/vulkan/icd.d/lvp_icd.json
X11_TCP_AUTH PASS: valid cookie accepted; unauthenticated client rejected
$ /workspace/scratch/4f0b36b4bb0e/toolchain/godot-4.7.2/Godot_v4.7.2-stable_linux.x86_64 --display-driver x11 --rendering-driver vulkan --rendering-method forward_plus --audio-driver Dummy --path game --resolution 1920x1080 --script res://tests/material_library_smoke.gd -- --screenshot=/workspace/scratch/4f0b36b4bb0e/wlr-art-integration/docs/production/evidence/material_library_cool_2026-10-02.png --light=cool
GRAPHICAL_RUN PASS: exit=0

Godot stdout/stderr:
Godot Engine v4.7.2.stable.official.ed1daf0bf - https://godotengine.org
Vulkan 1.4.318 - Forward+ - Using Device #0: Unknown - llvmpipe (LLVM 20.1.2, 256 bits)

MATERIAL_LIBRARY rendered: observatory_stone; rgb_delta=0.701863779764
MATERIAL_LIBRARY rendered: aged_brass; rgb_delta=0.26541054526266
MATERIAL_LIBRARY rendered: dark_walnut; rgb_delta=0.10122038668487
MATERIAL_LIBRARY rendered: memory_glass; rgb_delta=0.33491115268165
MATERIAL_LIBRARY rendered: crystal_glass; rgb_delta=0.25736825978189
MATERIAL_LIBRARY rendered: archive_emissive_gold; rgb_delta=0.7258476356122
MATERIAL_LIBRARY counters (preview only): draw_calls=24; texture_bytes=127269760
MATERIAL_LIBRARY PASS: six shared resources; authored maps; actual X11/Vulkan/Forward+; Cyrillic; light=cool; tiles=false; image=(1920, 1080); screenshot=/workspace/scratch/4f0b36b4bb0e/wlr-art-integration/docs/production/evidence/material_library_cool_2026-10-02.png


Xvfb stdout/stderr:
Warning: getifaddrs returns Operation not permitted
Warning: getifaddrs returns Operation not permitted
The XKEYBOARD keymap compiler (xkbcomp) reports:
> Warning:          Could not resolve keysym XF86CameraAccessEnable
> Warning:          Could not resolve keysym XF86CameraAccessDisable
> Warning:          Could not resolve keysym XF86CameraAccessToggle
> Warning:          Could not resolve keysym XF86NextElement
> Warning:          Could not resolve keysym XF86PreviousElement
> Warning:          Could not resolve keysym XF86AutopilotEngageToggle
> Warning:          Could not resolve keysym XF86MarkWaypoint
> Warning:          Could not resolve keysym XF86Sos
> Warning:          Could not resolve keysym XF86NavChart
> Warning:          Could not resolve keysym XF86FishingChart
> Warning:          Could not resolve keysym XF86SingleRangeRadar
> Warning:          Could not resolve keysym XF86DualRangeRadar
> Warning:          Could not resolve keysym XF86RadarOverlay
> Warning:          Could not resolve keysym XF86TraditionalSonar
> Warning:          Could not resolve keysym XF86ClearvuSonar
> Warning:          Could not resolve keysym XF86SidevuSonar
> Warning:          Could not resolve keysym XF86NavInfo
Errors from xkbcomp are not fatal to the X server


exit=0
SHA256 material_library_cool_2026-10-02.png a9126b813ea0e1d9843b5f5fed0454e6d0d01c764e9d20a1f769722ad9fb6e63
$ python tools/run_graphical.py --graphics-prefix ../toolchain/graphics --godot ../toolchain/bin/godot --timeout 180 --expect 'MATERIAL_LIBRARY PASS' -- --path game --resolution 1920x1080 --script res://tests/material_library_smoke.gd -- --screenshot=/workspace/scratch/4f0b36b4bb0e/wlr-art-integration/docs/production/evidence/material_library_tiles_2026-10-02.png --light=neutral --tiles
$ /workspace/scratch/4f0b36b4bb0e/toolchain/graphics/usr/bin/Xvfb :100 -screen 0 1920x1080x24 -listen tcp -nolisten unix -nolisten local -noreset -auth /tmp/wlr-x11-whp1pxjn/Xauthority
DISPLAY=127.0.0.1:100; VK_ICD_FILENAMES=/workspace/scratch/4f0b36b4bb0e/toolchain/graphics/usr/share/vulkan/icd.d/lvp_icd.json
X11_TCP_AUTH PASS: valid cookie accepted; unauthenticated client rejected
$ /workspace/scratch/4f0b36b4bb0e/toolchain/godot-4.7.2/Godot_v4.7.2-stable_linux.x86_64 --display-driver x11 --rendering-driver vulkan --rendering-method forward_plus --audio-driver Dummy --path game --resolution 1920x1080 --script res://tests/material_library_smoke.gd -- --screenshot=/workspace/scratch/4f0b36b4bb0e/wlr-art-integration/docs/production/evidence/material_library_tiles_2026-10-02.png --light=neutral --tiles
GRAPHICAL_RUN PASS: exit=0

Godot stdout/stderr:
Godot Engine v4.7.2.stable.official.ed1daf0bf - https://godotengine.org
Vulkan 1.4.318 - Forward+ - Using Device #0: Unknown - llvmpipe (LLVM 20.1.2, 256 bits)

MATERIAL_LIBRARY rendered: observatory_stone; rgb_delta=0.81736622385991
MATERIAL_LIBRARY rendered: aged_brass; rgb_delta=0.2764399626952
MATERIAL_LIBRARY rendered: dark_walnut; rgb_delta=0.10193525612218
MATERIAL_LIBRARY counters (preview only): draw_calls=5; texture_bytes=118975360
MATERIAL_LIBRARY PASS: six shared resources; authored maps; actual X11/Vulkan/Forward+; Cyrillic; light=neutral; tiles=true; image=(1920, 1080); screenshot=/workspace/scratch/4f0b36b4bb0e/wlr-art-integration/docs/production/evidence/material_library_tiles_2026-10-02.png


Xvfb stdout/stderr:
Warning: getifaddrs returns Operation not permitted
Warning: getifaddrs returns Operation not permitted
The XKEYBOARD keymap compiler (xkbcomp) reports:
> Warning:          Could not resolve keysym XF86CameraAccessEnable
> Warning:          Could not resolve keysym XF86CameraAccessDisable
> Warning:          Could not resolve keysym XF86CameraAccessToggle
> Warning:          Could not resolve keysym XF86NextElement
> Warning:          Could not resolve keysym XF86PreviousElement
> Warning:          Could not resolve keysym XF86AutopilotEngageToggle
> Warning:          Could not resolve keysym XF86MarkWaypoint
> Warning:          Could not resolve keysym XF86Sos
> Warning:          Could not resolve keysym XF86NavChart
> Warning:          Could not resolve keysym XF86FishingChart
> Warning:          Could not resolve keysym XF86SingleRangeRadar
> Warning:          Could not resolve keysym XF86DualRangeRadar
> Warning:          Could not resolve keysym XF86RadarOverlay
> Warning:          Could not resolve keysym XF86TraditionalSonar
> Warning:          Could not resolve keysym XF86ClearvuSonar
> Warning:          Could not resolve keysym XF86SidevuSonar
> Warning:          Could not resolve keysym XF86NavInfo
Errors from xkbcomp are not fatal to the X server


exit=0
SHA256 material_library_tiles_2026-10-02.png ace23055f5be204495cebad96d3179fe98cc3d092d266329725582d5cafbb6f1
FINAL_VALIDATION PASS: committed material sources; visual inspection recorded separately in MATERIAL_PREFLIGHT.md
