Modular kit design contract validation — 2026-10-02T12:23:23.663102+00:00
$ git rev-parse HEAD
805a2503145cf8bcc270a4bbbfe2f73718059f7e

exit=0
$ git diff --exit-code origin/main -- game

exit=0
$ python tools/render_modular_kit_contract.py --output /workspace/scratch/4f0b36b4bb0e/toolchain/modular-contract-reproduced.svg
CONTRACT_ANALYTICAL PASS: 56 floor cells, supported piers, straight/replacement/corner anchors at four yaws
PASSAGE_ARITHMETIC PASS: side margin 0.100 m; head margin 0.200 m; curve chord deviation <= 0.001348 m
AUTHORING_CEILING (not measured): 23568 triangles; replacement 24168; 68 surfaces before rendering passes
PENDING: actual meshes, import, physics traversal, visual acceptance, LFS payloads and representative hardware profiling
SVG: /workspace/scratch/4f0b36b4bb0e/toolchain/modular-contract-reproduced.svg

exit=0
SVG_REPRODUCTION PASS: byte-identical to committed diagram
SHA256 docs/production/modular_archive_kit_v1.json 4a98f6ada446f0787408bb84d3cd1146c01b5537ddbcc25969a234209945d3f3
SHA256 tools/render_modular_kit_contract.py 6b964c35e10fcef4a14558eb3e1335931a6bbb993c6cf9f32ab4f8efc2ce5ece
SHA256 docs/production/evidence/modular_kit_contract_2026-10-02.svg 615816043550e1562cadd18d2bf020509852beda1f48fb51b0fe24cceed1a6fe
SHA256 docs/production/evidence/modular_kit_contract_2026-10-02.png 947c40a2b75d45c6162c4cfa40b23ef96146a5a8303e78c912bf2040358d3078
VISUAL_REVIEW: final SVG rendered by CairoSVG 2.8.2; PNG inspected; Russian text/dimensions/layout legible. Engineering diagram, not art runtime.

Session recovery transcript excerpts (no credential value recorded):
$ gh api user --jq .login [initial restricted sandbox]
Get "https://api.github.com/user": proxyconnect tcp: dial tcp 172.31.1.92:8889: socket: operation not permitted
exit=1
The initial gh auth status reported invalid token because transport was denied. Approved network execution retry succeeded:
$ gh api user --jq .login
MindDevastation
exit=0
$ git push origin epic/03-art-foundation [before helper recovery]
fatal: could not read Username for 'https://github.com': No such device or address
exit=128
$ gh auth setup-git --hostname github.com
exit=0
Git push dry-run and actual epic/feature pushes then exited 0. Previous credential-helper recovery reused.

Graphics capability recovery reused the pinned local prefix and xkbcomp link. Commands ran in the approved execution context permitting X11 TCP sockets.
$ python tools/setup_linux_graphics.py --prefix ../toolchain/graphics
xvfb 2:21.1.12-1ubuntu1.6: checksum/extraction PASS
xserver-common 2:21.1.12-1ubuntu1.6: checksum/extraction PASS
x11-xkb-utils 7.7+8build2: checksum/extraction PASS
libxkbfile1 1:1.1.0-1build4: checksum/extraction PASS
libxfont2 1:2.0.6-1+deb13u1build0.24.04.2: checksum/extraction PASS
xauth 1:1.1.2-1build1: checksum/extraction PASS
libxmuu1 2:1.1.3-3build2: checksum/extraction PASS
mesa-vulkan-drivers 25.2.8-0ubuntu0.24.04.2: checksum/extraction PASS
libllvm20 1:20.1.2-0ubuntu1~24.04.3: verified system package
libdrm2 2.4.125-1ubuntu0.1~24.04.2: verified system package
libdrm-amdgpu1 2.4.125-1ubuntu0.1~24.04.2: verified system package
libdrm-common 2.4.125-1ubuntu0.1~24.04.2: verified system package
libvulkan1 1.3.275.0-1build1: verified system package
GRAPHICS_SETUP PASS: local packages; lavapipe ICD; xkbcomp=/workspace/scratch/4f0b36b4bb0e/toolchain/graphics/usr/bin/xkbcomp

$ python tools/run_graphical.py --graphics-prefix ../toolchain/graphics --godot ../toolchain/bin/godot --expect 'ENGINE_PREFLIGHT PASS' -- --path game --script res://tests/engine_preflight.gd
$ /workspace/scratch/4f0b36b4bb0e/toolchain/graphics/usr/bin/Xvfb :100 -screen 0 1920x1080x24 -listen tcp -nolisten unix -nolisten local -noreset -auth /tmp/wlr-x11-zdqtlnr2/Xauthority
DISPLAY=127.0.0.1:100; VK_ICD_FILENAMES=/workspace/scratch/4f0b36b4bb0e/toolchain/graphics/usr/share/vulkan/icd.d/lvp_icd.json
X11_TCP_AUTH PASS: valid cookie accepted; unauthenticated client rejected
$ /workspace/scratch/4f0b36b4bb0e/toolchain/godot-4.7.2/Godot_v4.7.2-stable_linux.x86_64 --display-driver x11 --rendering-driver vulkan --rendering-method forward_plus --audio-driver Dummy --path game --script res://tests/engine_preflight.gd
GRAPHICAL_RUN PASS: exit=0

Godot stdout/stderr:
Godot Engine v4.7.2.stable.official.ed1daf0bf - https://godotengine.org
Vulkan 1.4.318 - Forward+ - Using Device #0: Unknown - llvmpipe (LLVM 20.1.2, 256 bits)

ENGINE_PREFLIGHT runtime: {"csharp":false,"display":"X11","driver":"vulkan","executable":"/workspace/scratch/4f0b36b4bb0e/toolchain/godot-4.7.2/Godot_v4.7.2-stable_linux.x86_64","platform":"Linux","renderer":"forward_plus","version":{"build":"official","hash":"ed1daf0bf001b61586d9930840f2f1394092c079","hex":263938,"major":4,"minor":7,"patch":2,"status":"stable","string":"4.7.2-stable (official)","timestamp":0}}
ENGINE_PREFLIGHT PASS: GameRoot ready; 8 autoloads; baseline settings; requesting App safe exit


Xvfb stdout/stderr:
The XKEYBOARD keymap compiler (xkbcomp) reports:
> Warning:          Could not resolve keysym XF86CameraAccessEnable
> Warning:          Could not resolve keysym XF86CameraAccessDisable
> Warning:          Could not resolve keysym XF86CameraAccessToggle
> Warning:          Could not resolve keysym XF86NextElement
> Warning:          Could not resolve keysym XF86PreviousElement
> Warning:          Could not resolve keysym XF86AutopilotEngageToggle
> Warning:          Could not resolve keysym XF86MarkWaypoint
> Warning:          Could not resolve keysym XF86Sos
> Warning:          Could not resolve keysym XF86NavChart
> Warning:          Could not resolve keysym XF86FishingChart
> Warning:          Could not resolve keysym XF86SingleRangeRadar
> Warning:          Could not resolve keysym XF86DualRangeRadar
> Warning:          Could not resolve keysym XF86RadarOverlay
> Warning:          Could not resolve keysym XF86TraditionalSonar
> Warning:          Could not resolve keysym XF86ClearvuSonar
> Warning:          Could not resolve keysym XF86SidevuSonar
> Warning:          Could not resolve keysym XF86NavInfo
Errors from xkbcomp are not fatal to the X server


SCOPE: design arithmetic and unchanged-runtime startup PASS. No Blender model/export, new LFS payload, gameplay collision test or target-GPU benchmark performed in this contract step.
