$ python /workspace/scratch/4f0b36b4bb0e/wlr-blender-export/tools/hydrate_head_blobs.py --repo /workspace/scratch/4f0b36b4bb0e/wlr-blender-export --scratch /workspace/scratch/4f0b36b4bb0e/toolchain/object-repair --jobs 8
HEAD: e7ebf92b3ff2a136b638c0a894917b18ba4a1d30; missing blobs: 107; bytes: 1110877466
Restored 1/107: 86bdef5def20d70547f4db622f41f071476c7d49 (439 bytes)
Restored 2/107: 922c6a2c8fb94f60d6b81602b458682900cb0688 (208 bytes)
Restored 3/107: 7fad2bf4d86565c57ecd7a886b2c9b6b7cad0af1 (820 bytes)
Restored 4/107: cc040e289f0368807f5384681458cd721643f9dc (500 bytes)
Restored 5/107: 3e54de115c69de8539ce81d02dcd1930172556f1 (22554640 bytes)
Restored 6/107: d7fb27c0050f1ed7eb0efc4be8a241dd0d61fb44 (22669834 bytes)
Restored 7/107: 589c73e92baa4f924b049a129f7a3af8b48c9529 (25503760 bytes)
Restored 8/107: 17fc37330e99ea2245153e8d41f52db02910b49d (33229840 bytes)
Restored 9/107: 6e0573ac26e6ded3264e56c936dbb521fce371d1 (15329448 bytes)
Restored 10/107: 64a0117dccf7c09eb285a01129d3e681bba3a658 (17823760 bytes)
Restored 11/107: 52d536e576e0bfd8d782987900be5463a460dc76 (23032488 bytes)
Restored 12/107: 00145ae104eb711e4c5d3ec8ee7a728955f38fc5 (25665040 bytes)
Restored 13/107: cbfa0323470ee8d593a96f423d4aaa64b8e5a646 (24920080 bytes)
Restored 14/107: e5a6aa7c7da6494e735ca3ccfbff88e76dcb8ec3 (31501840 bytes)
Restored 15/107: 117a1cc4c59cb0ebb1a99586986280045028ac65 (32300560 bytes)
Restored 16/107: ac2e6ecb8e179d94f9e028cbb3fd548a24f2fcfe (34266640 bytes)
Restored 17/107: 893a30b40652445732af8779cb609ba4ad30f117 (13077532 bytes)
Restored 18/107: e611817b5b72307369e2ed30fe45d3a7f2cb06e2 (19743760 bytes)
Restored 19/107: c29e92d77896cdea5126cef28930f039b03c2706 (23938728 bytes)
Restored 20/107: d09c2fb94c91cc93e7299bf894c075a0d108a86a (24683688 bytes)
Restored 21/107: 35d747e3cba726f9ca4811e2f72a582f8b3f73cd (25275048 bytes)
Restored 22/107: 4a8069929972af86720945b99d36a64a19a740e2 (24582160 bytes)
Restored 23/107: 4094aeaa00102f3262557c709e0d116cf117804a (34537132 bytes)
Restored 24/107: 9eec166bbe54a4da2f7ab0d679c818f05ea74c2b (37115920 bytes)
Restored 25/107: d238297e5e2752be7b12c83a57fda8d4b49a879a (24559120 bytes)
Restored 26/107: 1e54f8b967cba07822cc3b4040aa2f403f15e32f (27815440 bytes)
Restored 27/107: 9a5fc5bdb3cb234b0bfc016412d53e5d4c42be5b (25588240 bytes)
Restored 28/107: ac66917679a34f53884f2896c88aca0203c18fd0 (25582248 bytes)
Restored 29/107: 9a00e19e2568083f7a6b4b03333dfe2e02ee4bed (28737040 bytes)
Restored 30/107: f5ded4878d3cc09dffe6ac1465aef6cd8a13db92 (33613840 bytes)
Restored 31/107: 1ffa9d8aba1508027a929de513af1f6875ad72b5 (31340560 bytes)
Restored 32/107: e17043097e83f2f69569beda666e0f2a9374ae87 (38314000 bytes)
Restored 33/107: e6510d642203af80387b6e7ddb0863c17305653d (1691 bytes)
Restored 34/107: add596d572b7686f443628e773cd8a1fcdf87b93 (18954408 bytes)
Restored 35/107: 2f499dfcdf632e36555b7512dbb8cabc7d4412f7 (24484008 bytes)
Restored 36/107: bdb6e1178a091cbf6d4c3b9d46c1b990b119ef0a (32646160 bytes)
Restored 37/107: 17a9c3078fbf72748f9252c3c4e7c22ca180950c (30572560 bytes)
Restored 38/107: 37b030386ee9249d35b7ef97341975cdb4c9c71d (31386640 bytes)
Restored 39/107: 3b1aee9e968a4981dcf4ebee908cf2aa03e0b67c (35303440 bytes)
Restored 40/107: ad7066f5ab2ccd5426a4184ebee9f83dc32dc7cd (33805840 bytes)
Restored 41/107: 26cd41202d8de2b5f859c52ac70104ed222c5f4c (2679 bytes)
Restored 42/107: 92bc2e5e670e922d0bd51d7a13cf7c740bd70eed (758 bytes)
Restored 43/107: 5a2c9fcdabb68c57f753230aa0ab426d312e394c (292 bytes)
Restored 44/107: df50d1cb08b31204dd626a47449e1a377a00260b (601 bytes)
Restored 45/107: cb02e2389686b3f19a2258c3f2dcb3e2e97b0f34 (434 bytes)
Restored 46/107: ff9e85e7a40263707f91a03248ae53da19b3ac1c (2329619 bytes)
Restored 47/107: 90c8518cd284913ca46985e44ffce6ca773c9b20 (2392963 bytes)
Restored 48/107: 509538bc775da6ec49aeb9366987ba61c4d8e883 (2550566 bytes)
Restored 49/107: 9e1bfb71e3fb82b802909e8b673c8ffb6d5142a1 (2632998 bytes)
Restored 50/107: 51fbda76e7a95fabfe56f3e256f61643bb701561 (2327824 bytes)
Restored 51/107: 6f40945d081cbada99d707f0e1f6267b8d5c8f02 (2479440 bytes)
Restored 52/107: 15e9e00124c9cfd17ea43b9e29ccf0e2e938187e (2599608 bytes)
Restored 53/107: ce739009101575173879d63cd2db1a51f153c197 (2372698 bytes)
Restored 54/107: 79aa4ce0a81680fab0feb6e7305729219a3ce1f1 (2601194 bytes)
Restored 55/107: daf1670693600e9473e15be43f3eb69dd3e1d766 (2503933 bytes)
Restored 56/107: 9b7d1c4c7f08055516b80941bdceda4fe625cf2a (2827700 bytes)
Restored 57/107: 74aeeb7a1705d23de558acc3b3eb116a8b6c20aa (2711750 bytes)
Restored 58/107: b1fcdcdf9ca38e7e8c7c5a4ada7e3a776cf24387 (2948553 bytes)
Restored 59/107: cce0caa4c4dc9f8f05516eda19d27dfc1c3b59ef (2803056 bytes)
Restored 60/107: 0af5a3288debd28a4942a0b7ba5e6ee27c1a436f (2318606 bytes)
Restored 61/107: 590a7d6acb33538f6f0dc969c628d6825a12cfda (2799136 bytes)
Restored 62/107: f6e0bdb4a5c2116301194e75b037e4e52f55e57f (2656304 bytes)
Restored 63/107: 6f96030e86b8ff3744a31e7c1717892c2dd8dcbe (2774995 bytes)
Restored 64/107: 4cb3afc9ac30888ae92c0a4e00203d1a1eca05d8 (2804101 bytes)
Restored 65/107: c911e813fe86eda52e0f96fbf9ff8d3f24e39dfd (2741481 bytes)
Restored 66/107: 4905fe328c600cbe7cce83884365b84174b11bf2 (2924739 bytes)
Restored 67/107: 938556f0085ba085b094380e7443be49fef5f90e (2690774 bytes)
Restored 68/107: a682ec3bd14a1097dcc0087f3e7fb5050b1880d8 (2855292 bytes)
Restored 69/107: 832331ee1265169b2c3b04555d4bd1f1b28e24aa (2598482 bytes)
Restored 70/107: 24f9a67d5c0c49518f948d2cf6f35162ebcd3f4f (2616276 bytes)
Restored 71/107: 769d00f29d28acb4ff9e3dabd8972bad02660de5 (2904251 bytes)
Restored 72/107: 29b22ca51822b87950d58f13222a7b6aa9cbf25d (2789155 bytes)
Restored 73/107: 1638cdd44de89992226ccaf3c5b31805408d5bfc (2809017 bytes)
Restored 74/107: 1b052f3288d4bf7115db4dd15cbddbfda9953f15 (2334806 bytes)
Restored 75/107: 4e2ffb05d2d8f50dda09749d2abbcab1645ad5af (2556160 bytes)
Restored 76/107: ef79685f7a790ef239918b1b93d60aec8d21c74b (2632259 bytes)
Restored 77/107: 953c1e6f37d5370470999b26bd3fca57b26b88d9 (2894250 bytes)
Restored 78/107: a6b39324d8f779efdae2ec14e7937278fb733eda (2556098 bytes)
Restored 79/107: c134a1af506f5301ed17e813e0c24ab7fc0ad391 (2726335 bytes)
Restored 80/107: 77c41307fadfb11d820a71e0c09f7cca0a3deda2 (2761081 bytes)
Restored 81/107: 0c805455c29578d09dab5a9139d00b2e453d8ad0 (2295676 bytes)
Restored 82/107: 725867bd1613d8d08e61c1c38da89271fd657770 (2145670 bytes)
Restored 83/107: 0fcd0802052abaaff868acc1ea09c90c998688fa (2365193 bytes)
Restored 84/107: 6cb2cc4e1597478f6d4444db60835e743d7abe77 (2502100 bytes)
Restored 85/107: 5bcb17207564c0ead78fd0c47cb08dcf00db0502 (2517239 bytes)
Restored 86/107: 3ecf7ae0f35189029bda0978f6d1a0c00057f5ea (2340400 bytes)
Restored 87/107: b9fd99c2ca63a4f38e198a10d1f3ddd40e3061f3 (2644877 bytes)
Restored 88/107: 61704b83a9d8ce11dd7c3e50620882276eda3a6b (2231501 bytes)
Restored 89/107: e4538c62792ef0c1804b3b88518e4e975c822995 (1930812 bytes)
Restored 90/107: c139124eedfb3181291850b97e6a9c160995ffc9 (2193516 bytes)
Restored 91/107: 46c16b5c0e6da40667ea9372560c3be816ba3567 (2188988 bytes)
Restored 92/107: 64ad9e12f633e1ee3ccb6af7d4612af7233efb40 (2005615 bytes)
Restored 93/107: b29bb15c1cb7fd229f67a36cf894efdb86a0d09c (2424164 bytes)
Restored 94/107: ef6671fe534f2cea284d4142d1bf4918e72bae88 (2478519 bytes)
Restored 95/107: 960485886f7e5546ce68f4fbd17ec71953acab58 (2055338 bytes)
Restored 96/107: 049f0f72c781bdaae267a59abca4ffd60dbed2db (2502822 bytes)
Restored 97/107: 40bf5e7f5f23b61c487fd93ac7721ffadb153e13 (2294831 bytes)
Restored 98/107: 8c3affd15be5ad39f02c3c9dc10b86158199715b (2369445 bytes)
Restored 99/107: 118293ecc53d48b17dc7a72475f4853e8048ff7e (2381704 bytes)
Restored 100/107: 8a11bd15dfbce17e8a263e7c1b8d3bd125e47fa2 (2465651 bytes)
Restored 101/107: 2298197f529e65d44df798788cd658dc339845da (2495764 bytes)
Restored 102/107: 9a6ae67867c22527c3981b71b20b0c74e022df7e (2425151 bytes)
Restored 103/107: 40f85280b02c15bc9da76de68939c2a0fec4c0f7 (2684639 bytes)
Restored 104/107: 698918356a29885e727c59fc826ad858b979f916 (2709757 bytes)
Restored 105/107: 3f802e355708492223fc532dcb1d4b905b8e0e7b (2104875 bytes)
Restored 106/107: 9bee7088e31c526881750135b9c08c1ea6b05cb9 (2408006 bytes)
Restored 107/107: f84c370b649ac1a7b25f5dd8748728f5a4c39bfc (2425849 bytes)
HYDRATION PASS: all 179 HEAD blobs available; refs unchanged
Exit: 0

$ git lfs ls-files
Exit: 0

$ git lfs fsck
Git LFS fsck OK
Exit: 0

$ git fsck --connectivity-only
dangling commit 09a0ba6f69200734c4cf5dea539bcdda10fce740
dangling tree 4358adf27b904014a0f608b60e06825e37b71f79
dangling commit 4e701ede6cc33f35d10ad87f0e207d9dd8207f10
dangling commit b210326da445bc7cc35337e3f27599f504399e30
dangling tree c220b205f6f6f85664b1757cd76ba4c6e2927463
dangling commit feb061bc97803d17f1915c87a4209e679d70a000
dangling commit 486933fd8eaa97ed153ba670da8a03a7c9df2d8c
dangling tree 7d79cfb8997d7a27341d1a8cf1f7a1d6b44a4414
dangling tree a099fb11543ab382cc9e20c665c245c1ea4cb0ec
dangling commit 915abb3586b8b4c4ef3f8b5bc8dfe78a55eea23a
dangling commit aa7a2ca948de60166297e4e0ac882a011d070e2c
dangling commit bc72748de3b03e13418518c963aa40979afe7386
dangling tree 6ce3f4bf63edc548e758e217ed2c632121479c9e
dangling tree 9d9b4fa8edfa664f51069b43ec2c48d22bf6c3f1
dangling commit f074890667ecbd7fda519814f2e0b0807c055093
dangling commit 439daa5a2ee46b9ebe052a7f25aa09529f7114f1
dangling commit 8a0dd453cc2d8e8d7bba6ec728723687989be5df
dangling tree 6f462d5a1e07317d91dab387b8ee9c595bc9c0a9
dangling tree 7bae0fbe8ea2743b3aa0758f814924c518ac8343
dangling tree 83b663b1f8c4f99f5bd50cd7f63a1b152783ef3b
dangling tree c90e3354d026ba4e832728a1014490fc4b394a31
dangling commit 95c71a5f50c1d523f8f5292a4d5e60aff1ff538c
Exit: 0

