[aist#0:0/pcm_s16le @ 0x55cee944ef00] Guessed Channel Layout: stereo
Input #0, wav, from '/workspace/scratch/af1393cbbc18/where-the-light-remains/assets/audio/music/B_Wings/shared/034_Muted Pulse Under Falling White.wav':
  Metadata:
    comment         : made with suno; created=2026-02-07T06:05:19Z; id=c1414b7b-2405-4044-82bd-072c51e3630b
    encoder         : Lavf60.16.100
  Duration: 00:01:19.84, bitrate: 1536 kb/s
  Stream #0:0: Audio: pcm_s16le ([1][0][0][0] / 0x0001), 48000 Hz, 2 channels, s16, 1536 kb/s
Stream mapping:
  Stream #0:0 -> #0:0 (pcm_s16le (native) -> pcm_s16le (native))
Output #0, null, to 'pipe:':
  Metadata:
    comment         : made with suno; created=2026-02-07T06:05:19Z; id=c1414b7b-2405-4044-82bd-072c51e3630b
    encoder         : Lavf60.16.100
  Stream #0:0: Audio: pcm_s16le, 48000 Hz, stereo, s16, 1536 kb/s
    Metadata:
      encoder         : Lavc60.31.102 pcm_s16le
[out#0/null @ 0x55cee945fb80] video:0kB audio:14970kB subtitle:0kB other streams:0kB global headers:0kB muxing overhead: unknown
size=N/A time=00:01:19.80 bitrate=N/A speed= 179x    
[Parsed_ebur128_0 @ 0x55cee9492cc0] Summary:

  Integrated loudness:
    I:         -17.3 LUFS
    Threshold: -27.5 LUFS

  Loudness range:
    LRA:        10.9 LU
    Threshold: -37.4 LUFS
    LRA low:   -24.4 LUFS
    LRA high:  -13.5 LUFS

  True peak:
    Peak:       -3.8 dBFS
