Input #0, ogg, from '/tmp/wlr-audio-encode-focl127_/mus_s02_muted_pulse_v01.attempt0.ogg':
  Duration: 00:01:19.84, start: 0.000000, bitrate: 135 kb/s
  Stream #0:0: Audio: vorbis, 48000 Hz, stereo, fltp, 160 kb/s
    Metadata:
      encoder         : Lavc60.31.102 libvorbis
Stream mapping:
  Stream #0:0 -> #0:0 (vorbis (native) -> pcm_s16le (native))
Output #0, null, to 'pipe:':
  Metadata:
    encoder         : Lavf60.16.100
  Stream #0:0: Audio: pcm_s16le, 48000 Hz, stereo, s16, 1536 kb/s
    Metadata:
      encoder         : Lavc60.31.102 pcm_s16le
[out#0/null @ 0x55bc2c237a80] video:0kB audio:14970kB subtitle:0kB other streams:0kB global headers:0kB muxing overhead: unknown
size=N/A time=00:01:19.80 bitrate=N/A speed= 161x    
[Parsed_ebur128_0 @ 0x55bc2c264540] Summary:

  Integrated loudness:
    I:         -17.3 LUFS
    Threshold: -27.5 LUFS

  Loudness range:
    LRA:        10.9 LU
    Threshold: -37.4 LUFS
    LRA low:   -24.4 LUFS
    LRA high:  -13.5 LUFS

  True peak:
    Peak:       -3.8 dBFS
