[aist#0:0/pcm_s16le @ 0x55832a59ff40] Guessed Channel Layout: stereo
Input #0, wav, from '/workspace/scratch/af1393cbbc18/where-the-light-remains/assets/audio/music/A_Archive/shared/Resonant Puzzle.wav':
  Metadata:
    comment         : made with suno; created=2026-09-18T13:21:10Z; id=a86df213-56b2-4a63-b9a0-780f3adc271a
    encoder         : Lavf60.16.100
  Duration: 00:02:58.40, bitrate: 1536 kb/s
  Stream #0:0: Audio: pcm_s16le ([1][0][0][0] / 0x0001), 48000 Hz, 2 channels, s16, 1536 kb/s
Stream mapping:
  Stream #0:0 -> #0:0 (pcm_s16le (native) -> pcm_s16le (native))
Output #0, null, to 'pipe:':
  Metadata:
    comment         : made with suno; created=2026-09-18T13:21:10Z; id=a86df213-56b2-4a63-b9a0-780f3adc271a
    encoder         : Lavf60.16.100
  Stream #0:0: Audio: pcm_s16le, 48000 Hz, stereo, s16, 1536 kb/s
    Metadata:
      encoder         : Lavc60.31.102 pcm_s16le
[out#0/null @ 0x55832a5b0bc0] video:0kB audio:33450kB subtitle:0kB other streams:0kB global headers:0kB muxing overhead: unknown
size=N/A time=00:02:58.30 bitrate=N/A speed= 154x    
[Parsed_ebur128_0 @ 0x55832a5e3d00] Summary:

  Integrated loudness:
    I:         -16.3 LUFS
    Threshold: -26.4 LUFS

  Loudness range:
    LRA:         6.4 LU
    Threshold: -36.3 LUFS
    LRA low:   -20.5 LUFS
    LRA high:  -14.0 LUFS

  True peak:
    Peak:       -3.7 dBFS
