4.7.2.stable.official.ed1daf0bf
godot: verified and installed at /workspace/scratch/e4dba9b6d2e8/wlr-tools/godot-4.7.2/Godot_v4.7.2-stable_linux.x86_64
Blender 4.5.14 LTS
	build date: 2026-09-15
	build time: 01:31:19
	build commit date: 2026-09-14
	build commit time: 14:54
	build hash: 62c1db4208e8
	build branch: blender-v4.5-release
	build platform: Linux
	build type: Release
	build c flags:  -Wall -Werror=implicit-function-declaration -Wstrict-prototypes -Werror=return-type -Werror=vla -Wmissing-prototypes -Wno-char-subscripts -Wno-unknown-pragmas -Wpointer-arith -Wunused-parameter -Wwrite-strings -Wlogical-op -Wundef -Winit-self -Wmissing-include-dirs -Wno-div-by-zero -Wtype-limits -Wformat-signedness -Wrestrict -Wno-stringop-overread -Wno-stringop-overflow -Wnonnull -Wabsolute-value -Wuninitialized -Wredundant-decls -Wshadow -Wimplicit-fallthrough=5 -Wno-error=unused-but-set-variable  -march=x86-64-v2 -std=gnu11 -pipe -fPIC -funsigned-char -fno-strict-aliasing -ffp-contract=off  
	build c++ flags:  -Wuninitialized -Wredundant-decls -Wall -Wno-invalid-offsetof -Wno-sign-compare -Wlogical-op -Winit-self -Wmissing-include-dirs -Wno-div-by-zero -Wtype-limits -Werror=return-type -Wno-char-subscripts -Wno-unknown-pragmas -Wpointer-arith -Wunused-parameter -Wwrite-strings -Wundef -Wcomma-subscript -Wformat-signedness -Wrestrict -Wno-suggest-override -Wuninitialized -Wno-stringop-overread -Wno-stringop-overflow -Wimplicit-fallthrough=5 -Wundef -Wmissing-declarations  -march=x86-64-v2 -pipe -fPIC -funsigned-char -fno-strict-aliasing -ffp-contract=off  
	build link flags:  -Wl,--version-script='/home/blender/git/blender-v450/blender.git/source/creator/symbols_unix.map'
	build system: CMake
blender: verified and installed at /workspace/scratch/e4dba9b6d2e8/wlr-tools/blender-4.5.14-linux-x64/blender
gh version 2.101.0 (2026-09-15)
https://github.com/cli/cli/releases/tag/v2.101.0
gh: verified and installed at /workspace/scratch/e4dba9b6d2e8/wlr-tools/gh_2.101.0_linux_amd64/bin/gh
git-lfs/3.4.1 (GitHub; linux amd64; go 1.22.2)
Add this directory to PATH for the current shell: /workspace/scratch/e4dba9b6d2e8/wlr-tools/bin
