Source: 1b30a7af44469e141c0fa63eba29b2822916b424
$ python3 /workspace/scratch/4f0b36b4bb0e/toolchain/router-clean-accepted/tools/verify_router_exit.py --project /workspace/scratch/4f0b36b4bb0e/toolchain/router-clean-accepted/game --godot /workspace/scratch/4f0b36b4bb0e/toolchain/bin/godot --scratch /workspace/scratch/4f0b36b4bb0e/toolchain/router-verified-exit-tests --failure --native --graphics-prefix /workspace/scratch/4f0b36b4bb0e/toolchain/graphics
$ /workspace/scratch/4f0b36b4bb0e/toolchain/graphics/usr/bin/Xvfb :100 -screen 0 1920x1080x24 -listen tcp -nolisten unix -nolisten local -noreset -auth /tmp/wlr-x11-fga07jhr/Xauthority
DISPLAY=127.0.0.1:100; VK_ICD_FILENAMES=/workspace/scratch/4f0b36b4bb0e/toolchain/graphics/usr/share/vulkan/icd.d/lvp_icd.json
X11_TCP_AUTH PASS: valid cookie accepted; unauthenticated client rejected
$ /workspace/scratch/4f0b36b4bb0e/toolchain/godot-4.7.2/Godot_v4.7.2-stable_linux.x86_64 --display-driver x11 --rendering-driver vulkan --rendering-method forward_plus --audio-driver Dummy --path /workspace/scratch/4f0b36b4bb0e/toolchain/router-clean-accepted/game --audio-driver Dummy res://tests/router_exit_smoke.tscn -- --save-exit-root=/workspace/scratch/4f0b36b4bb0e/toolchain/router-verified-exit-tests/router-exit-newkxyhz --exit-failure --native-close
GRAPHICAL_RUN PASS: exit=0

Godot stdout/stderr:
Godot Engine v4.7.2.stable.official.ed1daf0bf - https://godotengine.org
Vulkan 1.4.318 - Forward+ - Using Device #0: Unknown - llvmpipe (LLVM 20.1.2, 256 bits)

X11_NATIVE_CLOSE request sent
ROUTER_EXIT failure recovery PASS: native=true; rollback precedes failed flush; actual GUI Stay restores original gameplay
ROUTER_EXIT PASS: original s01_fixture persisted after transactional cancellation; native=true; failure=true


Xvfb stdout/stderr:
Warning: getifaddrs returns Operation not permitted
Warning: getifaddrs returns Operation not permitted
The XKEYBOARD keymap compiler (xkbcomp) reports:
> Warning:          Could not resolve keysym XF86CameraAccessEnable
> Warning:          Could not resolve keysym XF86CameraAccessDisable
> Warning:          Could not resolve keysym XF86CameraAccessToggle
> Warning:          Could not resolve keysym XF86NextElement
> Warning:          Could not resolve keysym XF86PreviousElement
> Warning:          Could not resolve keysym XF86AutopilotEngageToggle
> Warning:          Could not resolve keysym XF86MarkWaypoint
> Warning:          Could not resolve keysym XF86Sos
> Warning:          Could not resolve keysym XF86NavChart
> Warning:          Could not resolve keysym XF86FishingChart
> Warning:          Could not resolve keysym XF86SingleRangeRadar
> Warning:          Could not resolve keysym XF86DualRangeRadar
> Warning:          Could not resolve keysym XF86RadarOverlay
> Warning:          Could not resolve keysym XF86TraditionalSonar
> Warning:          Could not resolve keysym XF86ClearvuSonar
> Warning:          Could not resolve keysym XF86SidevuSonar
> Warning:          Could not resolve keysym XF86NavInfo
Errors from xkbcomp are not fatal to the X server


ROUTER_EXIT_FILES PASS: native=True; failure=True; sha256=dfd10332d0cc6b86e841d4bf3ac135f591be5077c9a216c9adb2b0d0c32af2c8

Exit: 0
