Source: a1aedb9d21a37efeafbaffd53e1f8e1dfa1f839d
$ python3 /workspace/scratch/4f0b36b4bb0e/toolchain/router-clean-verified/tools/run_graphical.py --graphics-prefix /workspace/scratch/4f0b36b4bb0e/toolchain/graphics --godot /workspace/scratch/4f0b36b4bb0e/toolchain/bin/godot --timeout 65 --expect 'PAUSE_FADE PASS' -- --path /workspace/scratch/4f0b36b4bb0e/toolchain/router-clean-verified/game --max-fps 30 res://tests/pause_fade_smoke.tscn
$ /workspace/scratch/4f0b36b4bb0e/toolchain/graphics/usr/bin/Xvfb :100 -screen 0 1920x1080x24 -listen tcp -nolisten unix -nolisten local -noreset -auth /tmp/wlr-x11-udlnx7_a/Xauthority
DISPLAY=127.0.0.1:100; VK_ICD_FILENAMES=/workspace/scratch/4f0b36b4bb0e/toolchain/graphics/usr/share/vulkan/icd.d/lvp_icd.json
X11_TCP_AUTH PASS: valid cookie accepted; unauthenticated client rejected
$ /workspace/scratch/4f0b36b4bb0e/toolchain/godot-4.7.2/Godot_v4.7.2-stable_linux.x86_64 --display-driver x11 --rendering-driver vulkan --rendering-method forward_plus --audio-driver Dummy --path /workspace/scratch/4f0b36b4bb0e/toolchain/router-clean-verified/game --max-fps 30 res://tests/pause_fade_smoke.tscn
GRAPHICAL_RUN PASS: exit=0

Godot stdout/stderr:
Godot Engine v4.7.2.stable.official.ed1daf0bf - https://godotengine.org
Vulkan 1.4.318 - Forward+ - Using Device #0: Unknown - llvmpipe (LLVM 20.1.2, 256 bits)

PAUSE_FADE runtime: 4.7.2-stable (official); display=X11
PAUSE settings return: modal=false; pause=true; tree_paused=true; settings_fov=96.0; camera_fov=96.0; message=
PAUSE checked: inactive/unsupported/focus gates, physical controller stop, echo, settings Esc/Apply nesting, mouse/Esc resume, held W/recapture, LIMITED_LOOK and external lock/release
FADE checked: pause-independent animation, awaited completion, overlap/invalid rejection, clear/free cancellation and actual GUI/key blocking
PAUSE_FADE PASS: controller pause/resume, nested Russian settings, locks, awaited fade/cancel/input blocking and App safe-exit dispatch


Xvfb stdout/stderr:
Warning: getifaddrs returns Operation not permitted
Warning: getifaddrs returns Operation not permitted
The XKEYBOARD keymap compiler (xkbcomp) reports:
> Warning:          Could not resolve keysym XF86CameraAccessEnable
> Warning:          Could not resolve keysym XF86CameraAccessDisable
> Warning:          Could not resolve keysym XF86CameraAccessToggle
> Warning:          Could not resolve keysym XF86NextElement
> Warning:          Could not resolve keysym XF86PreviousElement
> Warning:          Could not resolve keysym XF86AutopilotEngageToggle
> Warning:          Could not resolve keysym XF86MarkWaypoint
> Warning:          Could not resolve keysym XF86Sos
> Warning:          Could not resolve keysym XF86NavChart
> Warning:          Could not resolve keysym XF86FishingChart
> Warning:          Could not resolve keysym XF86SingleRangeRadar
> Warning:          Could not resolve keysym XF86DualRangeRadar
> Warning:          Could not resolve keysym XF86RadarOverlay
> Warning:          Could not resolve keysym XF86TraditionalSonar
> Warning:          Could not resolve keysym XF86ClearvuSonar
> Warning:          Could not resolve keysym XF86SidevuSonar
> Warning:          Could not resolve keysym XF86NavInfo
Errors from xkbcomp are not fatal to the X server


Exit: 0
