Godot Engine v4.7.2.stable.official.ed1daf0bf - https://godotengine.org

[   0% ] [90m[1mfirst_scan_filesystem[22m | Started Project initialization (5 steps)[39m[0m
[   0% ] [90m[1mfirst_scan_filesystem[22m | Scanning file structure...[39m[0m
[  16% ] [90m[1mfirst_scan_filesystem[22m | Loading global class names...[39m[0m
[  33% ] [90m[1mfirst_scan_filesystem[22m | Verifying GDExtensions...[39m[0m
[  50% ] [90m[1mfirst_scan_filesystem[22m | Creating autoload scripts...[39m[0m
[  66% ] [90m[1mfirst_scan_filesystem[22m | Initializing plugins...[39m[0m
[  83% ] [90m[1mfirst_scan_filesystem[22m | Starting file scan...[39m[0m
[92m[ DONE ][39m [1mfirst_scan_filesystem[22m
[0m
[   0% ] [90m[1mupdate_scripts_classes[22m | Started Registering global classes... (48 steps)[39m[0m
[   0% ] [90m[1mupdate_scripts_classes[22m | [39m[0m
[   2% ] [90m[1mupdate_scripts_classes[22m | [39m[0m
[   4% ] [90m[1mupdate_scripts_classes[22m | [39m[0m
[   6% ] [90m[1mupdate_scripts_classes[22m | [39m[0m
[   8% ] [90m[1mupdate_scripts_classes[22m | [39m[0m
[  10% ] [90m[1mupdate_scripts_classes[22m | [39m[0m
[  12% ] [90m[1mupdate_scripts_classes[22m | [39m[0m
[  14% ] [90m[1mupdate_scripts_classes[22m | [39m[0m
[  16% ] [90m[1mupdate_scripts_classes[22m | [39m[0m
[  18% ] [90m[1mupdate_scripts_classes[22m | [39m[0m
[  20% ] [90m[1mupdate_scripts_classes[22m | [39m[0m
[  22% ] [90m[1mupdate_scripts_classes[22m | InteractionHUD[39m[0m
[  24% ] [90m[1mupdate_scripts_classes[22m | InteractionTarget[39m[0m
[  26% ] [90m[1mupdate_scripts_classes[22m | FirstPersonPlayer[39m[0m
[  28% ] [90m[1mupdate_scripts_classes[22m | StageDefinition[39m[0m
[  30% ] [90m[1mupdate_scripts_classes[22m | WorldScene[39m[0m
[  32% ] [90m[1mupdate_scripts_classes[22m | SaveGame[39m[0m
[  34% ] [90m[1mupdate_scripts_classes[22m | FadeOverlay[39m[0m
[  36% ] [90m[1mupdate_scripts_classes[22m | ExitFailureDialog[39m[0m
[  38% ] [90m[1mupdate_scripts_classes[22m | PauseMenu[39m[0m
[  40% ] [90m[1mupdate_scripts_classes[22m | SettingsMenu[39m[0m
[  42% ] [90m[1mupdate_scripts_classes[22m | [39m[0m
[  44% ] [90m[1mupdate_scripts_classes[22m | [39m[0m
[  46% ] [90m[1mupdate_scripts_classes[22m | [39m[0m
[  48% ] [90m[1mupdate_scripts_classes[22m | [39m[0m
[  51% ] [90m[1mupdate_scripts_classes[22m | [39m[0m
[  53% ] [90m[1mupdate_scripts_classes[22m | [39m[0m
[  55% ] [90m[1mupdate_scripts_classes[22m | [39m[0m
[  57% ] [90m[1mupdate_scripts_classes[22m | [39m[0m
[  59% ] [90m[1mupdate_scripts_classes[22m | [39m[0m
[  61% ] [90m[1mupdate_scripts_classes[22m | [39m[0m
[  63% ] [90m[1mupdate_scripts_classes[22m | [39m[0m
[  65% ] [90m[1mupdate_scripts_classes[22m | [39m[0m
[  67% ] [90m[1mupdate_scripts_classes[22m | [39m[0m
[  69% ] [90m[1mupdate_scripts_classes[22m | [39m[0m
[  71% ] [90m[1mupdate_scripts_classes[22m | [39m[0m
[  73% ] [90m[1mupdate_scripts_classes[22m | [39m[0m
[  75% ] [90m[1mupdate_scripts_classes[22m | [39m[0m
[  77% ] [90m[1mupdate_scripts_classes[22m | [39m[0m
[  79% ] [90m[1mupdate_scripts_classes[22m | [39m[0m
[  81% ] [90m[1mupdate_scripts_classes[22m | [39m[0m
[  83% ] [90m[1mupdate_scripts_classes[22m | [39m[0m
[  85% ] [90m[1mupdate_scripts_classes[22m | [39m[0m
[  87% ] [90m[1mupdate_scripts_classes[22m | [39m[0m
[  89% ] [90m[1mupdate_scripts_classes[22m | [39m[0m
[  91% ] [90m[1mupdate_scripts_classes[22m | [39m[0m
[  93% ] [90m[1mupdate_scripts_classes[22m | [39m[0m
[  95% ] [90m[1mupdate_scripts_classes[22m | [39m[0m
[92m[ DONE ][39m [1mupdate_scripts_classes[22m
[0m
[   0% ] [90m[1m_update_scan_actions[22m | Started Scanning actions... (31 steps)[39m[0m
[   0% ] [90m[1m_update_scan_actions[22m | sm_archive_arch_4m.glb[39m[0m
[   3% ] [90m[1m_update_scan_actions[22m | sm_archive_floor_1m.glb[39m[0m
[   6% ] [90m[1m_update_scan_actions[22m | sm_archive_pier_4m.glb[39m[0m
[   9% ] [90m[1m_update_scan_actions[22m | sm_archive_wall_2m.glb[39m[0m
[  12% ] [90m[1m_update_scan_actions[22m | sm_archive_wall_4m.glb[39m[0m
[  15% ] [90m[1m_update_scan_actions[22m | sm_pipeline_meter_cube.glb[39m[0m
[  18% ] [90m[1m_update_scan_actions[22m | sm_wing01_focus.glb[39m[0m
[  21% ] [90m[1m_update_scan_actions[22m | sm_wing01_frame.glb[39m[0m
[  25% ] [90m[1m_update_scan_actions[22m | sm_wing01_ring_inner.glb[39m[0m
[  28% ] [90m[1m_update_scan_actions[22m | sm_wing01_ring_middle.glb[39m[0m
[  31% ] [90m[1m_update_scan_actions[22m | sm_wing01_ring_outer.glb[39m[0m
[  34% ] [90m[1m_update_scan_actions[22m | t_aged_brass_albedo.png[39m[0m
[  37% ] [90m[1m_update_scan_actions[22m | t_aged_brass_normal.png[39m[0m
[  40% ] [90m[1m_update_scan_actions[22m | t_aged_brass_orm.png[39m[0m
[  43% ] [90m[1m_update_scan_actions[22m | t_aged_leather_albedo.png[39m[0m
[  46% ] [90m[1m_update_scan_actions[22m | t_aged_leather_normal.png[39m[0m
[  50% ] [90m[1m_update_scan_actions[22m | t_aged_leather_orm.png[39m[0m
[  53% ] [90m[1m_update_scan_actions[22m | t_dark_iron_albedo.png[39m[0m
[  56% ] [90m[1m_update_scan_actions[22m | t_dark_iron_normal.png[39m[0m
[  59% ] [90m[1m_update_scan_actions[22m | t_dark_iron_orm.png[39m[0m
[  62% ] [90m[1m_update_scan_actions[22m | t_dark_walnut_albedo.png[39m[0m
[  65% ] [90m[1m_update_scan_actions[22m | t_dark_walnut_normal.png[39m[0m
[  68% ] [90m[1m_update_scan_actions[22m | t_dark_walnut_orm.png[39m[0m
[  71% ] [90m[1m_update_scan_actions[22m | t_memory_glass_normal.png[39m[0m
[  75% ] [90m[1m_update_scan_actions[22m | t_memory_glass_roughness.png[39m[0m
[  78% ] [90m[1m_update_scan_actions[22m | t_observatory_stone_albedo.png[39m[0m
[  81% ] [90m[1m_update_scan_actions[22m | t_observatory_stone_normal.png[39m[0m
[  84% ] [90m[1m_update_scan_actions[22m | t_observatory_stone_orm.png[39m[0m
[  87% ] [90m[1m_update_scan_actions[22m | t_woven_textile_albedo.png[39m[0m
[  90% ] [90m[1m_update_scan_actions[22m | t_woven_textile_normal.png[39m[0m
[  93% ] [90m[1m_update_scan_actions[22m | t_woven_textile_orm.png[39m[0m
[92m[ DONE ][39m [1m_update_scan_actions[22m
[0m
[   0% ] [90m[1mreimport[22m | Started (Re)Importing Assets (31 steps)[39m[0m
[   0% ] [90m[1mreimport[22m | Preparing files to reimport...[39m[0m
[   3% ] [90m[1mreimport[22m | Preparing files to reimport...[39m[0m
[   6% ] [90m[1mreimport[22m | Preparing files to reimport...[39m[0m
[   9% ] [90m[1mreimport[22m | Preparing files to reimport...[39m[0m
[  12% ] [90m[1mreimport[22m | Preparing files to reimport...[39m[0m
[  15% ] [90m[1mreimport[22m | Preparing files to reimport...[39m[0m
[  18% ] [90m[1mreimport[22m | Preparing files to reimport...[39m[0m
[  21% ] [90m[1mreimport[22m | Preparing files to reimport...[39m[0m
[  25% ] [90m[1mreimport[22m | Preparing files to reimport...[39m[0m
[  28% ] [90m[1mreimport[22m | Preparing files to reimport...[39m[0m
[  31% ] [90m[1mreimport[22m | Preparing files to reimport...[39m[0m
[  34% ] [90m[1mreimport[22m | Preparing files to reimport...[39m[0m
[  37% ] [90m[1mreimport[22m | Preparing files to reimport...[39m[0m
[  40% ] [90m[1mreimport[22m | Preparing files to reimport...[39m[0m
[  43% ] [90m[1mreimport[22m | Preparing files to reimport...[39m[0m
[  46% ] [90m[1mreimport[22m | Preparing files to reimport...[39m[0m
[  50% ] [90m[1mreimport[22m | Preparing files to reimport...[39m[0m
[  53% ] [90m[1mreimport[22m | Preparing files to reimport...[39m[0m
[  56% ] [90m[1mreimport[22m | Preparing files to reimport...[39m[0m
[  59% ] [90m[1mreimport[22m | Preparing files to reimport...[39m[0m
[  62% ] [90m[1mreimport[22m | Preparing files to reimport...[39m[0m
[  65% ] [90m[1mreimport[22m | Preparing files to reimport...[39m[0m
[  68% ] [90m[1mreimport[22m | Preparing files to reimport...[39m[0m
[  71% ] [90m[1mreimport[22m | Preparing files to reimport...[39m[0m
[  75% ] [90m[1mreimport[22m | Preparing files to reimport...[39m[0m
[  78% ] [90m[1mreimport[22m | Preparing files to reimport...[39m[0m
[  81% ] [90m[1mreimport[22m | Preparing files to reimport...[39m[0m
[  84% ] [90m[1mreimport[22m | Preparing files to reimport...[39m[0m
[  87% ] [90m[1mreimport[22m | Preparing files to reimport...[39m[0m
[  90% ] [90m[1mreimport[22m | Preparing files to reimport...[39m[0m
[  93% ] [90m[1mreimport[22m | Preparing files to reimport...[39m[0m
[   0% ] [90m[1mreimport[22m | Executing pre-reimport operations...[39m[0m
[   0% ] [90m[1mpreload_reimporting_scene[22m | Started Preparing scenes for reload (1 steps)[39m[0m
[   0% ] [90m[1mpreload_reimporting_scene[22m | Analyzing scene [empty][39m[0m
[  50% ] [90m[1mpreload_reimporting_scene[22m | Preparation done.[39m[0m
[92m[ DONE ][39m [1mpreload_reimporting_scene[22m
[0m
[   0% ] [90m[1mreimport[22m | t_woven_textile_orm.png[39m[0m
[   3% ] [90m[1mreimport[22m | t_woven_textile_normal.png[39m[0m
[   6% ] [90m[1mreimport[22m | t_woven_textile_albedo.png[39m[0m
[   9% ] [90m[1mreimport[22m | t_observatory_stone_orm.png[39m[0m
[  12% ] [90m[1mreimport[22m | t_observatory_stone_normal.png[39m[0m
[  15% ] [90m[1mreimport[22m | t_observatory_stone_albedo.png[39m[0m
[  18% ] [90m[1mreimport[22m | t_memory_glass_roughness.png[39m[0m
[  21% ] [90m[1mreimport[22m | t_memory_glass_normal.png[39m[0m
[  25% ] [90m[1mreimport[22m | t_dark_walnut_orm.png[39m[0m
[  28% ] [90m[1mreimport[22m | t_dark_walnut_normal.png[39m[0m
[  31% ] [90m[1mreimport[22m | t_dark_walnut_albedo.png[39m[0m
[  34% ] [90m[1mreimport[22m | t_dark_iron_orm.png[39m[0m
[  37% ] [90m[1mreimport[22m | t_dark_iron_normal.png[39m[0m
[  40% ] [90m[1mreimport[22m | t_dark_iron_albedo.png[39m[0m
[  43% ] [90m[1mreimport[22m | t_aged_leather_orm.png[39m[0m
[  46% ] [90m[1mreimport[22m | t_aged_leather_normal.png[39m[0m
[  50% ] [90m[1mreimport[22m | t_aged_leather_albedo.png[39m[0m
[  53% ] [90m[1mreimport[22m | t_aged_brass_orm.png[39m[0m
[  56% ] [90m[1mreimport[22m | t_aged_brass_normal.png[39m[0m
[  59% ] [90m[1mreimport[22m | t_aged_brass_albedo.png[39m[0m
