$ /workspace/scratch/4f0b36b4bb0e/toolchain/graphics/usr/bin/Xvfb :100 -screen 0 1920x1080x24 -listen tcp -nolisten unix -nolisten local -noreset -auth /tmp/wlr-x11-zba85_i0/Xauthority
DISPLAY=127.0.0.1:100; VK_ICD_FILENAMES=/workspace/scratch/4f0b36b4bb0e/toolchain/graphics/usr/share/vulkan/icd.d/lvp_icd.json
X11_TCP_AUTH PASS: valid cookie accepted; unauthenticated client rejected
$ /workspace/scratch/4f0b36b4bb0e/toolchain/godot-4.7.2/Godot_v4.7.2-stable_linux.x86_64 --display-driver x11 --rendering-driver vulkan --rendering-method forward_plus --audio-driver Dummy --path ../toolchain/router-clean-final/game --max-fps 30 res://tests/router_lifetime_smoke.tscn

Godot stdout/stderr:
Godot Engine v4.7.2.stable.official.ed1daf0bf - https://godotengine.org
Vulkan 1.4.318 - Forward+ - Using Device #0: Unknown - llvmpipe (LLVM 20.1.2, 256 bits)

ERROR: ROUTER_LIFETIME FAIL: Missed active phase: physics
   at: push_error (core/variant/variant_utility.cpp:1023)
   GDScript backtrace (most recent call first):
       [0] _check (res://tests/router_lifetime_smoke.gd:39)
       [1] _wait_phase (res://tests/router_lifetime_smoke.gd:63)
ERROR: ROUTER_LIFETIME FAIL: physics/remove: complete transaction cleanup
   at: push_error (core/variant/variant_utility.cpp:1023)
   GDScript backtrace (most recent call first):
       [0] _check (res://tests/router_lifetime_smoke.gd:39)
       [1] _run (res://tests/router_lifetime_smoke.gd:115)
       [2] _wait_phase (res://tests/router_lifetime_smoke.gd:63)
ERROR: ROUTER_LIFETIME FAIL: physics/remove: no target event (new root only)
   at: push_error (core/variant/variant_utility.cpp:1023)
   GDScript backtrace (most recent call first):
       [0] _check (res://tests/router_lifetime_smoke.gd:39)
       [1] _run (res://tests/router_lifetime_smoke.gd:116)
       [2] _wait_phase (res://tests/router_lifetime_smoke.gd:63)
ERROR: ROUTER_LIFETIME FAIL: Missed active phase: physics
   at: push_error (core/variant/variant_utility.cpp:1023)
   GDScript backtrace (most recent call first):
       [0] _check (res://tests/router_lifetime_smoke.gd:39)
       [1] _wait_phase (res://tests/router_lifetime_smoke.gd:63)
ERROR: ROUTER_LIFETIME FAIL: physics/rebind: complete transaction cleanup
   at: push_error (core/variant/variant_utility.cpp:1023)
   GDScript backtrace (most recent call first):
       [0] _check (res://tests/router_lifetime_smoke.gd:39)
       [1] _run (res://tests/router_lifetime_smoke.gd:115)
       [2] _wait_phase (res://tests/router_lifetime_smoke.gd:63)
ERROR: ROUTER_LIFETIME FAIL: physics/rebind: no target event (new root only)
   at: push_error (core/variant/variant_utility.cpp:1023)
   GDScript backtrace (most recent call first):
       [0] _check (res://tests/router_lifetime_smoke.gd:39)
       [1] _run (res://tests/router_lifetime_smoke.gd:116)
       [2] _wait_phase (res://tests/router_lifetime_smoke.gd:63)
ERROR: ROUTER_LIFETIME FAIL: Rebind preserves old world without populating new root
   at: push_error (core/variant/variant_utility.cpp:1023)
   GDScript backtrace (most recent call first):
       [0] _check (res://tests/router_lifetime_smoke.gd:39)
       [1] _run (res://tests/router_lifetime_smoke.gd:118)
       [2] _wait_phase (res://tests/router_lifetime_smoke.gd:63)
ERROR: ROUTER_LIFETIME FAIL: Missed active phase: physics
   at: push_error (core/variant/variant_utility.cpp:1023)
   GDScript backtrace (most recent call first):
       [0] _check (res://tests/router_lifetime_smoke.gd:39)
       [1] _wait_phase (res://tests/router_lifetime_smoke.gd:63)
ERROR: ROUTER_LIFETIME FAIL: Freed player releases capture to UI
   at: push_error (core/variant/variant_utility.cpp:1023)
   GDScript backtrace (most recent call first):
       [0] _check (res://tests/router_lifetime_smoke.gd:39)
       [1] _run (res://tests/router_lifetime_smoke.gd:146)
       [2] _wait_phase (res://tests/router_lifetime_smoke.gd:63)
ERROR: ROUTER_LIFETIME FAIL: HUD and pause tolerate removed player
   at: push_error (core/variant/variant_utility.cpp:1023)
   GDScript backtrace (most recent call first):
       [0] _check (res://tests/router_lifetime_smoke.gd:39)
       [1] _run (res://tests/router_lifetime_smoke.gd:147)
       [2] _wait_phase (res://tests/router_lifetime_smoke.gd:63)


Xvfb stdout/stderr:
Warning: getifaddrs returns Operation not permitted
Warning: getifaddrs returns Operation not permitted
The XKEYBOARD keymap compiler (xkbcomp) reports:
> Warning:          Could not resolve keysym XF86CameraAccessEnable
> Warning:          Could not resolve keysym XF86CameraAccessDisable
> Warning:          Could not resolve keysym XF86CameraAccessToggle
> Warning:          Could not resolve keysym XF86NextElement
> Warning:          Could not resolve keysym XF86PreviousElement
> Warning:          Could not resolve keysym XF86AutopilotEngageToggle
> Warning:          Could not resolve keysym XF86MarkWaypoint
> Warning:          Could not resolve keysym XF86Sos
> Warning:          Could not resolve keysym XF86NavChart
> Warning:          Could not resolve keysym XF86FishingChart
> Warning:          Could not resolve keysym XF86SingleRangeRadar
> Warning:          Could not resolve keysym XF86DualRangeRadar
> Warning:          Could not resolve keysym XF86RadarOverlay
> Warning:          Could not resolve keysym XF86TraditionalSonar
> Warning:          Could not resolve keysym XF86ClearvuSonar
> Warning:          Could not resolve keysym XF86SidevuSonar
> Warning:          Could not resolve keysym XF86NavInfo
Errors from xkbcomp are not fatal to the X server

Traceback (most recent call last):
  File "/workspace/scratch/4f0b36b4bb0e/wlr-art-integration/../toolchain/router-clean-final/tools/run_graphical.py", line 145, in <module>
    main()
  File "/workspace/scratch/4f0b36b4bb0e/wlr-art-integration/../toolchain/router-clean-final/tools/run_graphical.py", line 130, in main
    raise RuntimeError(f'Godot failed: exit={code}; see captured output')
RuntimeError: Godot failed: exit=1; see captured output
