WorkerThreadPool: 9 threads, 2 max low-priority.
Godot Engine v4.7.2.stable.official.ed1daf0bf - https://godotengine.org
TextServer: Added interface "Dummy"
TextServer: Added interface "ICU / HarfBuzz / Graphite (Built-in)"
SDL: Init OK!
Using "default" pen tablet driver...

TextServer: Primary interface set to: "ICU / HarfBuzz / Graphite (Built-in)".
Loading resource: res://audio/default_bus_layout.tres remapped: res://audio/default_bus_layout.tres
Completed load for: 'res://audio/default_bus_layout.tres' remapped 'res://audio/default_bus_layout.tres' at thread -1
CORE API HASH: 2004498165
EDITOR API HASH: 1696660745
SceneTreeFTI: traversal method DEFAULT
Loading resource: res://autoload/app.gd remapped: res://autoload/app.gd
Completed load for: 'res://autoload/app.gd' remapped 'res://autoload/app.gd' at thread -1
Loaded system CA certificates
Loading resource: res://tests/archive_slice_smoke.tscn remapped: res://tests/archive_slice_smoke.tscn
Loading resource: res://tests/archive_slice_smoke.gd remapped: res://tests/archive_slice_smoke.gd
Loading resource: res://core/game_root/game_root.tscn remapped: res://core/game_root/game_root.tscn
Loading resource: res://core/game_root/game_root.gd remapped: res://core/game_root/game_root.gd
Completed load for: 'res://core/game_root/game_root.gd' remapped 'res://core/game_root/game_root.gd' at thread -1
Loading resource: res://core/player/player.tscn remapped: res://core/player/player.tscn
Completed load for: 'res://core/player/player.tscn' remapped 'res://core/player/player.tscn' at thread -1
Loading resource: res://core/interaction/interaction_hud.tscn remapped: res://core/interaction/interaction_hud.tscn
Loading resource: res://core/interaction/interaction_hud.gd remapped: res://core/interaction/interaction_hud.gd
Completed load for: 'res://core/interaction/interaction_hud.gd' remapped 'res://core/interaction/interaction_hud.gd' at thread -1
Completed load for: 'res://core/interaction/interaction_hud.tscn' remapped 'res://core/interaction/interaction_hud.tscn' at thread -1
Loading resource: res://core/ui/settings_menu.tscn remapped: res://core/ui/settings_menu.tscn
Loading resource: res://core/ui/settings_menu.gd remapped: res://core/ui/settings_menu.gd
Completed load for: 'res://core/ui/settings_menu.gd' remapped 'res://core/ui/settings_menu.gd' at thread -1
Completed load for: 'res://core/ui/settings_menu.tscn' remapped 'res://core/ui/settings_menu.tscn' at thread -1
Loading resource: res://core/ui/pause_menu.tscn remapped: res://core/ui/pause_menu.tscn
Loading resource: res://core/ui/pause_menu.gd remapped: res://core/ui/pause_menu.gd
Completed load for: 'res://core/ui/pause_menu.gd' remapped 'res://core/ui/pause_menu.gd' at thread -1
Completed load for: 'res://core/ui/pause_menu.tscn' remapped 'res://core/ui/pause_menu.tscn' at thread -1
Loading resource: res://core/transitions/fade_overlay.tscn remapped: res://core/transitions/fade_overlay.tscn
Completed load for: 'res://core/transitions/fade_overlay.tscn' remapped 'res://core/transitions/fade_overlay.tscn' at thread -1
Loading resource: res://core/ui/exit_failure_dialog.tscn remapped: res://core/ui/exit_failure_dialog.tscn
Loading resource: res://core/ui/exit_failure_dialog.gd remapped: res://core/ui/exit_failure_dialog.gd
Completed load for: 'res://core/ui/exit_failure_dialog.gd' remapped 'res://core/ui/exit_failure_dialog.gd' at thread -1
Completed load for: 'res://core/ui/exit_failure_dialog.tscn' remapped 'res://core/ui/exit_failure_dialog.tscn' at thread -1
Completed load for: 'res://core/game_root/game_root.tscn' remapped 'res://core/game_root/game_root.tscn' at thread -1
Completed load for: 'res://tests/archive_slice_smoke.gd' remapped 'res://tests/archive_slice_smoke.gd' at thread -1
Completed load for: 'res://tests/archive_slice_smoke.tscn' remapped 'res://tests/archive_slice_smoke.tscn' at thread -1
Loading resource: res://worlds/archive/archive_main.tscn remapped: res://worlds/archive/archive_main.tscn
Loading resource: res://worlds/archive/common/archive_gate.tscn remapped: res://worlds/archive/common/archive_gate.tscn
Completed load for: 'res://worlds/archive/common/archive_gate.tscn' remapped 'res://worlds/archive/common/archive_gate.tscn' at thread 0
Loading resource: res://worlds/archive/common/archive_light_channel.tscn remapped: res://worlds/archive/common/archive_light_channel.tscn
Completed load for: 'res://worlds/archive/common/archive_light_channel.tscn' remapped 'res://worlds/archive/common/archive_light_channel.tscn' at thread 0
Loading resource: res://gameplay/puzzles/wing01/wing01_optics_sample.tscn remapped: res://gameplay/puzzles/wing01/wing01_optics_sample.tscn
Loading resource: res://art/meshes/wing01/sm_wing01_frame.glb remapped: res://art/meshes/wing01/sm_wing01_frame.glb
Loading resource: res://.godot/imported/sm_wing01_frame.glb-d979c5a84deda3d1e11ad89ae3a78146.scn remapped: res://.godot/imported/sm_wing01_frame.glb-d979c5a84deda3d1e11ad89ae3a78146.scn
Loading resource: res://art/materials/m_observatory_stone.tres remapped: res://art/materials/m_observatory_stone.tres
Loading resource: res://art/textures/material_library/t_observatory_stone_albedo.png remapped: res://art/textures/material_library/t_observatory_stone_albedo.png
Loading resource: res://.godot/imported/t_observatory_stone_albedo.png-43349643c0875f5ace3ffdb2d210c57f.s3tc.ctex remapped: res://.godot/imported/t_observatory_stone_albedo.png-43349643c0875f5ace3ffdb2d210c57f.s3tc.ctex
Completed load for: 'res://art/textures/material_library/t_observatory_stone_albedo.png' remapped 'res://art/textures/material_library/t_observatory_stone_albedo.png' at thread 0
Loading resource: res://art/textures/material_library/t_observatory_stone_normal.png remapped: res://art/textures/material_library/t_observatory_stone_normal.png
Loading resource: res://.godot/imported/t_observatory_stone_normal.png-47e0f6bff75f2896b77ed27a272dde2f.s3tc.ctex remapped: res://.godot/imported/t_observatory_stone_normal.png-47e0f6bff75f2896b77ed27a272dde2f.s3tc.ctex
Completed load for: 'res://art/textures/material_library/t_observatory_stone_normal.png' remapped 'res://art/textures/material_library/t_observatory_stone_normal.png' at thread 0
Loading resource: res://art/textures/material_library/t_observatory_stone_orm.png remapped: res://art/textures/material_library/t_observatory_stone_orm.png
Loading resource: res://.godot/imported/t_observatory_stone_orm.png-4da19abca2400c1ea60157ddc8b2fe43.s3tc.ctex remapped: res://.godot/imported/t_observatory_stone_orm.png-4da19abca2400c1ea60157ddc8b2fe43.s3tc.ctex
Completed load for: 'res://art/textures/material_library/t_observatory_stone_orm.png' remapped 'res://art/textures/material_library/t_observatory_stone_orm.png' at thread 0
Completed load for: 'res://art/materials/m_observatory_stone.tres' remapped 'res://art/materials/m_observatory_stone.tres' at thread 0
Loading resource: res://art/materials/m_aged_brass.tres remapped: res://art/materials/m_aged_brass.tres
Loading resource: res://art/textures/material_library/t_aged_brass_albedo.png remapped: res://art/textures/material_library/t_aged_brass_albedo.png
Loading resource: res://.godot/imported/t_aged_brass_albedo.png-abc56163ac1f88b0fdc87aa9855967f6.bptc.ctex remapped: res://.godot/imported/t_aged_brass_albedo.png-abc56163ac1f88b0fdc87aa9855967f6.bptc.ctex
Completed load for: 'res://art/textures/material_library/t_aged_brass_albedo.png' remapped 'res://art/textures/material_library/t_aged_brass_albedo.png' at thread 0
Loading resource: res://art/textures/material_library/t_aged_brass_normal.png remapped: res://art/textures/material_library/t_aged_brass_normal.png
Loading resource: res://.godot/imported/t_aged_brass_normal.png-8e39d8996b346af431d3dca26c806cc9.s3tc.ctex remapped: res://.godot/imported/t_aged_brass_normal.png-8e39d8996b346af431d3dca26c806cc9.s3tc.ctex
Completed load for: 'res://art/textures/material_library/t_aged_brass_normal.png' remapped 'res://art/textures/material_library/t_aged_brass_normal.png' at thread 0
Loading resource: res://art/textures/material_library/t_aged_brass_orm.png remapped: res://art/textures/material_library/t_aged_brass_orm.png
Loading resource: res://.godot/imported/t_aged_brass_orm.png-3d326ed2e26256e8095984503e4be2d1.bptc.ctex remapped: res://.godot/imported/t_aged_brass_orm.png-3d326ed2e26256e8095984503e4be2d1.bptc.ctex
Completed load for: 'res://art/textures/material_library/t_aged_brass_orm.png' remapped 'res://art/textures/material_library/t_aged_brass_orm.png' at thread 0
Completed load for: 'res://art/materials/m_aged_brass.tres' remapped 'res://art/materials/m_aged_brass.tres' at thread 0
Loading resource: res://art/materials/m_dark_walnut.tres remapped: res://art/materials/m_dark_walnut.tres
Loading resource: res://art/textures/material_library/t_dark_walnut_albedo.png remapped: res://art/textures/material_library/t_dark_walnut_albedo.png
Loading resource: res://.godot/imported/t_dark_walnut_albedo.png-eeb53fd26080333269d26f1244156de6.s3tc.ctex remapped: res://.godot/imported/t_dark_walnut_albedo.png-eeb53fd26080333269d26f1244156de6.s3tc.ctex
Completed load for: 'res://art/textures/material_library/t_dark_walnut_albedo.png' remapped 'res://art/textures/material_library/t_dark_walnut_albedo.png' at thread 0
Loading resource: res://art/textures/material_library/t_dark_walnut_normal.png remapped: res://art/textures/material_library/t_dark_walnut_normal.png
Loading resource: res://.godot/imported/t_dark_walnut_normal.png-0da8c0cbc718834a50d80f1e10dd6f67.s3tc.ctex remapped: res://.godot/imported/t_dark_walnut_normal.png-0da8c0cbc718834a50d80f1e10dd6f67.s3tc.ctex
Completed load for: 'res://art/textures/material_library/t_dark_walnut_normal.png' remapped 'res://art/textures/material_library/t_dark_walnut_normal.png' at thread 0
Loading resource: res://art/textures/material_library/t_dark_walnut_orm.png remapped: res://art/textures/material_library/t_dark_walnut_orm.png
Loading resource: res://.godot/imported/t_dark_walnut_orm.png-80714522fb65226a649b9a39ea999577.s3tc.ctex remapped: res://.godot/imported/t_dark_walnut_orm.png-80714522fb65226a649b9a39ea999577.s3tc.ctex
Completed load for: 'res://art/textures/material_library/t_dark_walnut_orm.png' remapped 'res://art/textures/material_library/t_dark_walnut_orm.png' at thread 0
Completed load for: 'res://art/materials/m_dark_walnut.tres' remapped 'res://art/materials/m_dark_walnut.tres' at thread 0
Loading resource: res://art/materials/m_dark_iron.tres remapped: res://art/materials/m_dark_iron.tres
Loading resource: res://art/textures/material_library/t_dark_iron_albedo.png remapped: res://art/textures/material_library/t_dark_iron_albedo.png
Loading resource: res://.godot/imported/t_dark_iron_albedo.png-66c578930998aa52cde4476e849cd53e.bptc.ctex remapped: res://.godot/imported/t_dark_iron_albedo.png-66c578930998aa52cde4476e849cd53e.bptc.ctex
Completed load for: 'res://art/textures/material_library/t_dark_iron_albedo.png' remapped 'res://art/textures/material_library/t_dark_iron_albedo.png' at thread 0
Loading resource: res://art/textures/material_library/t_dark_iron_normal.png remapped: res://art/textures/material_library/t_dark_iron_normal.png
Loading resource: res://.godot/imported/t_dark_iron_normal.png-b114b4c4e436e88cf9c30b356a3fdc97.s3tc.ctex remapped: res://.godot/imported/t_dark_iron_normal.png-b114b4c4e436e88cf9c30b356a3fdc97.s3tc.ctex
Completed load for: 'res://art/textures/material_library/t_dark_iron_normal.png' remapped 'res://art/textures/material_library/t_dark_iron_normal.png' at thread 0
Loading resource: res://art/textures/material_library/t_dark_iron_orm.png remapped: res://art/textures/material_library/t_dark_iron_orm.png
Loading resource: res://.godot/imported/t_dark_iron_orm.png-26d916cff2f6d9ab53816438c312c0a3.bptc.ctex remapped: res://.godot/imported/t_dark_iron_orm.png-26d916cff2f6d9ab53816438c312c0a3.bptc.ctex
Completed load for: 'res://art/textures/material_library/t_dark_iron_orm.png' remapped 'res://art/textures/material_library/t_dark_iron_orm.png' at thread 0
Completed load for: 'res://art/materials/m_dark_iron.tres' remapped 'res://art/materials/m_dark_iron.tres' at thread 0
Completed load for: 'res://art/meshes/wing01/sm_wing01_frame.glb' remapped 'res://art/meshes/wing01/sm_wing01_frame.glb' at thread 0
Loading resource: res://art/meshes/wing01/sm_wing01_ring_outer.glb remapped: res://art/meshes/wing01/sm_wing01_ring_outer.glb
Loading resource: res://.godot/imported/sm_wing01_ring_outer.glb-48b821eae3ebe3951634ee8da3376191.scn remapped: res://.godot/imported/sm_wing01_ring_outer.glb-48b821eae3ebe3951634ee8da3376191.scn
Completed load for: 'res://art/meshes/wing01/sm_wing01_ring_outer.glb' remapped 'res://art/meshes/wing01/sm_wing01_ring_outer.glb' at thread 0
Loading resource: res://art/meshes/wing01/sm_wing01_ring_middle.glb remapped: res://art/meshes/wing01/sm_wing01_ring_middle.glb
Loading resource: res://.godot/imported/sm_wing01_ring_middle.glb-d670d1b39b3a9ec6c397a419323af088.scn remapped: res://.godot/imported/sm_wing01_ring_middle.glb-d670d1b39b3a9ec6c397a419323af088.scn
Completed load for: 'res://art/meshes/wing01/sm_wing01_ring_middle.glb' remapped 'res://art/meshes/wing01/sm_wing01_ring_middle.glb' at thread 0
Loading resource: res://art/meshes/wing01/sm_wing01_ring_inner.glb remapped: res://art/meshes/wing01/sm_wing01_ring_inner.glb
Loading resource: res://.godot/imported/sm_wing01_ring_inner.glb-ec0722615e56a84855e8dc7a33bbe88e.scn remapped: res://.godot/imported/sm_wing01_ring_inner.glb-ec0722615e56a84855e8dc7a33bbe88e.scn
Completed load for: 'res://art/meshes/wing01/sm_wing01_ring_inner.glb' remapped 'res://art/meshes/wing01/sm_wing01_ring_inner.glb' at thread 0
Loading resource: res://art/meshes/wing01/sm_wing01_focus.glb remapped: res://art/meshes/wing01/sm_wing01_focus.glb
Loading resource: res://.godot/imported/sm_wing01_focus.glb-26d7e8416b8296abd61314836383d69a.scn remapped: res://.godot/imported/sm_wing01_focus.glb-26d7e8416b8296abd61314836383d69a.scn
Completed load for: 'res://art/meshes/wing01/sm_wing01_focus.glb' remapped 'res://art/meshes/wing01/sm_wing01_focus.glb' at thread 0
Completed load for: 'res://gameplay/puzzles/wing01/wing01_optics_sample.tscn' remapped 'res://gameplay/puzzles/wing01/wing01_optics_sample.tscn' at thread 0
Loading resource: res://gameplay/collectibles/fragment_presenter.tscn remapped: res://gameplay/collectibles/fragment_presenter.tscn
Loading resource: res://gameplay/collectibles/star.tres remapped: res://gameplay/collectibles/star.tres
Loading resource: res://art/sigils/star.svg remapped: res://art/sigils/star.svg
Loading resource: res://.godot/imported/star.svg-205daaddcc7bb42d6fc388d2e050a0d4.ctex remapped: res://.godot/imported/star.svg-205daaddcc7bb42d6fc388d2e050a0d4.ctex
Completed load for: 'res://art/sigils/star.svg' remapped 'res://art/sigils/star.svg' at thread 0
Completed load for: 'res://gameplay/collectibles/star.tres' remapped 'res://gameplay/collectibles/star.tres' at thread 0
Loading resource: res://gameplay/collectibles/hearth.tres remapped: res://gameplay/collectibles/hearth.tres
Loading resource: res://art/sigils/hearth.svg remapped: res://art/sigils/hearth.svg
Loading resource: res://.godot/imported/hearth.svg-97c18577b782f479372c9665aec42756.ctex remapped: res://.godot/imported/hearth.svg-97c18577b782f479372c9665aec42756.ctex
Completed load for: 'res://art/sigils/hearth.svg' remapped 'res://art/sigils/hearth.svg' at thread 0
Completed load for: 'res://gameplay/collectibles/hearth.tres' remapped 'res://gameplay/collectibles/hearth.tres' at thread 0
Completed load for: 'res://gameplay/collectibles/fragment_presenter.tscn' remapped 'res://gameplay/collectibles/fragment_presenter.tscn' at thread 0
Loading resource: res://worlds/archive/archive_prologue.tscn remapped: res://worlds/archive/archive_prologue.tscn
Completed load for: 'res://worlds/archive/archive_prologue.tscn' remapped 'res://worlds/archive/archive_prologue.tscn' at thread 0
Loading resource: res://worlds/archive/wing01_corridor_presentation.tscn remapped: res://worlds/archive/wing01_corridor_presentation.tscn
Loading resource: res://worlds/archive/modules/archive_wall_4m.tscn remapped: res://worlds/archive/modules/archive_wall_4m.tscn
Loading resource: res://art/meshes/archive_kit/sm_archive_wall_4m.glb remapped: res://art/meshes/archive_kit/sm_archive_wall_4m.glb
Loading resource: res://.godot/imported/sm_archive_wall_4m.glb-5a43b122942b61368232191aa3dd0bfd.scn remapped: res://.godot/imported/sm_archive_wall_4m.glb-5a43b122942b61368232191aa3dd0bfd.scn
Completed load for: 'res://art/meshes/archive_kit/sm_archive_wall_4m.glb' remapped 'res://art/meshes/archive_kit/sm_archive_wall_4m.glb' at thread 0
Completed load for: 'res://worlds/archive/modules/archive_wall_4m.tscn' remapped 'res://worlds/archive/modules/archive_wall_4m.tscn' at thread 0
Loading resource: res://worlds/archive/modules/archive_pier_4m.tscn remapped: res://worlds/archive/modules/archive_pier_4m.tscn
Loading resource: res://art/meshes/archive_kit/sm_archive_pier_4m.glb remapped: res://art/meshes/archive_kit/sm_archive_pier_4m.glb
Loading resource: res://.godot/imported/sm_archive_pier_4m.glb-e177d2f7ba2b799f6a79fccd1a02ee64.scn remapped: res://.godot/imported/sm_archive_pier_4m.glb-e177d2f7ba2b799f6a79fccd1a02ee64.scn
Completed load for: 'res://art/meshes/archive_kit/sm_archive_pier_4m.glb' remapped 'res://art/meshes/archive_kit/sm_archive_pier_4m.glb' at thread 0
Completed load for: 'res://worlds/archive/modules/archive_pier_4m.tscn' remapped 'res://worlds/archive/modules/archive_pier_4m.tscn' at thread 0
Loading resource: res://worlds/archive/modules/archive_arch_4m.tscn remapped: res://worlds/archive/modules/archive_arch_4m.tscn
Loading resource: res://art/meshes/archive_kit/sm_archive_arch_4m.glb remapped: res://art/meshes/archive_kit/sm_archive_arch_4m.glb
Loading resource: res://.godot/imported/sm_archive_arch_4m.glb-ef169cda85430380b40421ea06abee76.scn remapped: res://.godot/imported/sm_archive_arch_4m.glb-ef169cda85430380b40421ea06abee76.scn
Completed load for: 'res://art/meshes/archive_kit/sm_archive_arch_4m.glb' remapped 'res://art/meshes/archive_kit/sm_archive_arch_4m.glb' at thread 0
Completed load for: 'res://worlds/archive/modules/archive_arch_4m.tscn' remapped 'res://worlds/archive/modules/archive_arch_4m.tscn' at thread 0
Completed load for: 'res://worlds/archive/wing01_corridor_presentation.tscn' remapped 'res://worlds/archive/wing01_corridor_presentation.tscn' at thread 0
Loading resource: res://worlds/archive/wing01_corridor_floor.tscn remapped: res://worlds/archive/wing01_corridor_floor.tscn
Loading resource: res://worlds/archive/modules/archive_floor_1m.tscn remapped: res://worlds/archive/modules/archive_floor_1m.tscn
Loading resource: res://art/meshes/archive_kit/sm_archive_floor_1m.glb remapped: res://art/meshes/archive_kit/sm_archive_floor_1m.glb
Loading resource: res://.godot/imported/sm_archive_floor_1m.glb-3177ff2ad8d649f708c187ebd4e05e3c.scn remapped: res://.godot/imported/sm_archive_floor_1m.glb-3177ff2ad8d649f708c187ebd4e05e3c.scn
Completed load for: 'res://art/meshes/archive_kit/sm_archive_floor_1m.glb' remapped 'res://art/meshes/archive_kit/sm_archive_floor_1m.glb' at thread 0
Completed load for: 'res://worlds/archive/modules/archive_floor_1m.tscn' remapped 'res://worlds/archive/modules/archive_floor_1m.tscn' at thread 0
Completed load for: 'res://worlds/archive/wing01_corridor_floor.tscn' remapped 'res://worlds/archive/wing01_corridor_floor.tscn' at thread 0
Loading resource: res://worlds/archive/hub/hub_floor_cutout.gdshader remapped: res://worlds/archive/hub/hub_floor_cutout.gdshader
Completed load for: 'res://worlds/archive/hub/hub_floor_cutout.gdshader' remapped 'res://worlds/archive/hub/hub_floor_cutout.gdshader' at thread 0
Loading resource: res://worlds/archive/wing01_room_presentation.tscn remapped: res://worlds/archive/wing01_room_presentation.tscn
Loading resource: res://worlds/archive/modules/archive_wall_2m.tscn remapped: res://worlds/archive/modules/archive_wall_2m.tscn
Loading resource: res://art/meshes/archive_kit/sm_archive_wall_2m.glb remapped: res://art/meshes/archive_kit/sm_archive_wall_2m.glb
Loading resource: res://.godot/imported/sm_archive_wall_2m.glb-4100a680890fdd16aa7ccedb085a24a8.scn remapped: res://.godot/imported/sm_archive_wall_2m.glb-4100a680890fdd16aa7ccedb085a24a8.scn
Completed load for: 'res://art/meshes/archive_kit/sm_archive_wall_2m.glb' remapped 'res://art/meshes/archive_kit/sm_archive_wall_2m.glb' at thread 0
Completed load for: 'res://worlds/archive/modules/archive_wall_2m.tscn' remapped 'res://worlds/archive/modules/archive_wall_2m.tscn' at thread 0
Loading resource: res://worlds/archive/modules/archive_wall_3m.tscn remapped: res://worlds/archive/modules/archive_wall_3m.tscn
Loading resource: res://art/meshes/archive_kit/sm_archive_wall_3m.glb remapped: res://art/meshes/archive_kit/sm_archive_wall_3m.glb
Loading resource: res://.godot/imported/sm_archive_wall_3m.glb-d181371ad931e243242487b28c97776a.scn remapped: res://.godot/imported/sm_archive_wall_3m.glb-d181371ad931e243242487b28c97776a.scn
Completed load for: 'res://art/meshes/archive_kit/sm_archive_wall_3m.glb' remapped 'res://art/meshes/archive_kit/sm_archive_wall_3m.glb' at thread 0
Completed load for: 'res://worlds/archive/modules/archive_wall_3m.tscn' remapped 'res://worlds/archive/modules/archive_wall_3m.tscn' at thread 0
Completed load for: 'res://worlds/archive/wing01_room_presentation.tscn' remapped 'res://worlds/archive/wing01_room_presentation.tscn' at thread 0
Loading resource: res://worlds/archive/wing01_room_floor.tscn remapped: res://worlds/archive/wing01_room_floor.tscn
Completed load for: 'res://worlds/archive/wing01_room_floor.tscn' remapped 'res://worlds/archive/wing01_room_floor.tscn' at thread 0
Loading resource: res://gameplay/puzzles/wing01/wing01_hearth_art.tscn remapped: res://gameplay/puzzles/wing01/wing01_hearth_art.tscn
Loading resource: res://art/meshes/wing01/sm_wing01_hearth.glb remapped: res://art/meshes/wing01/sm_wing01_hearth.glb
Loading resource: res://.godot/imported/sm_wing01_hearth.glb-f85e1260a3c75f3c60aab6268f9c1397.scn remapped: res://.godot/imported/sm_wing01_hearth.glb-f85e1260a3c75f3c60aab6268f9c1397.scn
Completed load for: 'res://art/meshes/wing01/sm_wing01_hearth.glb' remapped 'res://art/meshes/wing01/sm_wing01_hearth.glb' at thread 0
Completed load for: 'res://gameplay/puzzles/wing01/wing01_hearth_art.tscn' remapped 'res://gameplay/puzzles/wing01/wing01_hearth_art.tscn' at thread 0
Loading resource: res://gameplay/puzzles/wing01/wing01_emitter_art.tscn remapped: res://gameplay/puzzles/wing01/wing01_emitter_art.tscn
Loading resource: res://art/meshes/wing01/sm_wing01_emitter.glb remapped: res://art/meshes/wing01/sm_wing01_emitter.glb
Loading resource: res://.godot/imported/sm_wing01_emitter.glb-29a862b5637c98396d3d8f801df5a725.scn remapped: res://.godot/imported/sm_wing01_emitter.glb-29a862b5637c98396d3d8f801df5a725.scn
Loading resource: res://art/materials/m_clear_glass.tres remapped: res://art/materials/m_clear_glass.tres
Completed load for: 'res://art/materials/m_clear_glass.tres' remapped 'res://art/materials/m_clear_glass.tres' at thread 0
Completed load for: 'res://art/meshes/wing01/sm_wing01_emitter.glb' remapped 'res://art/meshes/wing01/sm_wing01_emitter.glb' at thread 0
Completed load for: 'res://gameplay/puzzles/wing01/wing01_emitter_art.tscn' remapped 'res://gameplay/puzzles/wing01/wing01_emitter_art.tscn' at thread 0
Loading resource: res://art/vfx/hearth_flame.tscn remapped: res://art/vfx/hearth_flame.tscn
Loading resource: res://art/vfx/hearth_flame.gd remapped: res://art/vfx/hearth_flame.gd
Loading resource: res://art/materials/m_archive_emissive_gold.tres remapped: res://art/materials/m_archive_emissive_gold.tres
Completed load for: 'res://art/materials/m_archive_emissive_gold.tres' remapped 'res://art/materials/m_archive_emissive_gold.tres' at thread 0
Completed load for: 'res://art/vfx/hearth_flame.gd' remapped 'res://art/vfx/hearth_flame.gd' at thread 0
Completed load for: 'res://art/vfx/hearth_flame.tscn' remapped 'res://art/vfx/hearth_flame.tscn' at thread 0
Completed load for: 'res://worlds/archive/archive_main.tscn' remapped 'res://worlds/archive/archive_main.tscn' at thread 0
Loading resource: res://worlds/archive/archive_main.tscn remapped: res://worlds/archive/archive_main.tscn
Loading resource: res://worlds/archive/common/archive_gate.tscn remapped: res://worlds/archive/common/archive_gate.tscn
Completed load for: 'res://worlds/archive/common/archive_gate.tscn' remapped 'res://worlds/archive/common/archive_gate.tscn' at thread 2
Loading resource: res://worlds/archive/common/archive_light_channel.tscn remapped: res://worlds/archive/common/archive_light_channel.tscn
Completed load for: 'res://worlds/archive/common/archive_light_channel.tscn' remapped 'res://worlds/archive/common/archive_light_channel.tscn' at thread 2
Loading resource: res://gameplay/puzzles/wing01/wing01_optics_sample.tscn remapped: res://gameplay/puzzles/wing01/wing01_optics_sample.tscn
Loading resource: res://art/meshes/wing01/sm_wing01_frame.glb remapped: res://art/meshes/wing01/sm_wing01_frame.glb
Loading resource: res://.godot/imported/sm_wing01_frame.glb-d979c5a84deda3d1e11ad89ae3a78146.scn remapped: res://.godot/imported/sm_wing01_frame.glb-d979c5a84deda3d1e11ad89ae3a78146.scn
Completed load for: 'res://art/meshes/wing01/sm_wing01_frame.glb' remapped 'res://art/meshes/wing01/sm_wing01_frame.glb' at thread 2
Loading resource: res://art/meshes/wing01/sm_wing01_ring_outer.glb remapped: res://art/meshes/wing01/sm_wing01_ring_outer.glb
Loading resource: res://.godot/imported/sm_wing01_ring_outer.glb-48b821eae3ebe3951634ee8da3376191.scn remapped: res://.godot/imported/sm_wing01_ring_outer.glb-48b821eae3ebe3951634ee8da3376191.scn
Completed load for: 'res://art/meshes/wing01/sm_wing01_ring_outer.glb' remapped 'res://art/meshes/wing01/sm_wing01_ring_outer.glb' at thread 2
Loading resource: res://art/meshes/wing01/sm_wing01_ring_middle.glb remapped: res://art/meshes/wing01/sm_wing01_ring_middle.glb
Loading resource: res://.godot/imported/sm_wing01_ring_middle.glb-d670d1b39b3a9ec6c397a419323af088.scn remapped: res://.godot/imported/sm_wing01_ring_middle.glb-d670d1b39b3a9ec6c397a419323af088.scn
Completed load for: 'res://art/meshes/wing01/sm_wing01_ring_middle.glb' remapped 'res://art/meshes/wing01/sm_wing01_ring_middle.glb' at thread 2
Loading resource: res://art/meshes/wing01/sm_wing01_ring_inner.glb remapped: res://art/meshes/wing01/sm_wing01_ring_inner.glb
Loading resource: res://.godot/imported/sm_wing01_ring_inner.glb-ec0722615e56a84855e8dc7a33bbe88e.scn remapped: res://.godot/imported/sm_wing01_ring_inner.glb-ec0722615e56a84855e8dc7a33bbe88e.scn
Completed load for: 'res://art/meshes/wing01/sm_wing01_ring_inner.glb' remapped 'res://art/meshes/wing01/sm_wing01_ring_inner.glb' at thread 2
Loading resource: res://art/meshes/wing01/sm_wing01_focus.glb remapped: res://art/meshes/wing01/sm_wing01_focus.glb
Loading resource: res://.godot/imported/sm_wing01_focus.glb-26d7e8416b8296abd61314836383d69a.scn remapped: res://.godot/imported/sm_wing01_focus.glb-26d7e8416b8296abd61314836383d69a.scn
Completed load for: 'res://art/meshes/wing01/sm_wing01_focus.glb' remapped 'res://art/meshes/wing01/sm_wing01_focus.glb' at thread 2
Completed load for: 'res://gameplay/puzzles/wing01/wing01_optics_sample.tscn' remapped 'res://gameplay/puzzles/wing01/wing01_optics_sample.tscn' at thread 2
Loading resource: res://gameplay/collectibles/fragment_presenter.tscn remapped: res://gameplay/collectibles/fragment_presenter.tscn
Completed load for: 'res://gameplay/collectibles/fragment_presenter.tscn' remapped 'res://gameplay/collectibles/fragment_presenter.tscn' at thread 2
Loading resource: res://worlds/archive/archive_prologue.tscn remapped: res://worlds/archive/archive_prologue.tscn
Completed load for: 'res://worlds/archive/archive_prologue.tscn' remapped 'res://worlds/archive/archive_prologue.tscn' at thread 2
Loading resource: res://worlds/archive/wing01_corridor_presentation.tscn remapped: res://worlds/archive/wing01_corridor_presentation.tscn
Loading resource: res://worlds/archive/modules/archive_wall_4m.tscn remapped: res://worlds/archive/modules/archive_wall_4m.tscn
Loading resource: res://art/meshes/archive_kit/sm_archive_wall_4m.glb remapped: res://art/meshes/archive_kit/sm_archive_wall_4m.glb
Loading resource: res://.godot/imported/sm_archive_wall_4m.glb-5a43b122942b61368232191aa3dd0bfd.scn remapped: res://.godot/imported/sm_archive_wall_4m.glb-5a43b122942b61368232191aa3dd0bfd.scn
Completed load for: 'res://art/meshes/archive_kit/sm_archive_wall_4m.glb' remapped 'res://art/meshes/archive_kit/sm_archive_wall_4m.glb' at thread 2
Completed load for: 'res://worlds/archive/modules/archive_wall_4m.tscn' remapped 'res://worlds/archive/modules/archive_wall_4m.tscn' at thread 2
Loading resource: res://worlds/archive/modules/archive_pier_4m.tscn remapped: res://worlds/archive/modules/archive_pier_4m.tscn
Loading resource: res://art/meshes/archive_kit/sm_archive_pier_4m.glb remapped: res://art/meshes/archive_kit/sm_archive_pier_4m.glb
Loading resource: res://.godot/imported/sm_archive_pier_4m.glb-e177d2f7ba2b799f6a79fccd1a02ee64.scn remapped: res://.godot/imported/sm_archive_pier_4m.glb-e177d2f7ba2b799f6a79fccd1a02ee64.scn
Completed load for: 'res://art/meshes/archive_kit/sm_archive_pier_4m.glb' remapped 'res://art/meshes/archive_kit/sm_archive_pier_4m.glb' at thread 2
Completed load for: 'res://worlds/archive/modules/archive_pier_4m.tscn' remapped 'res://worlds/archive/modules/archive_pier_4m.tscn' at thread 2
Loading resource: res://worlds/archive/modules/archive_arch_4m.tscn remapped: res://worlds/archive/modules/archive_arch_4m.tscn
Loading resource: res://art/meshes/archive_kit/sm_archive_arch_4m.glb remapped: res://art/meshes/archive_kit/sm_archive_arch_4m.glb
Loading resource: res://.godot/imported/sm_archive_arch_4m.glb-ef169cda85430380b40421ea06abee76.scn remapped: res://.godot/imported/sm_archive_arch_4m.glb-ef169cda85430380b40421ea06abee76.scn
Completed load for: 'res://art/meshes/archive_kit/sm_archive_arch_4m.glb' remapped 'res://art/meshes/archive_kit/sm_archive_arch_4m.glb' at thread 2
Completed load for: 'res://worlds/archive/modules/archive_arch_4m.tscn' remapped 'res://worlds/archive/modules/archive_arch_4m.tscn' at thread 2
Completed load for: 'res://worlds/archive/wing01_corridor_presentation.tscn' remapped 'res://worlds/archive/wing01_corridor_presentation.tscn' at thread 2
Loading resource: res://worlds/archive/wing01_corridor_floor.tscn remapped: res://worlds/archive/wing01_corridor_floor.tscn
Loading resource: res://worlds/archive/modules/archive_floor_1m.tscn remapped: res://worlds/archive/modules/archive_floor_1m.tscn
Loading resource: res://art/meshes/archive_kit/sm_archive_floor_1m.glb remapped: res://art/meshes/archive_kit/sm_archive_floor_1m.glb
Loading resource: res://.godot/imported/sm_archive_floor_1m.glb-3177ff2ad8d649f708c187ebd4e05e3c.scn remapped: res://.godot/imported/sm_archive_floor_1m.glb-3177ff2ad8d649f708c187ebd4e05e3c.scn
Completed load for: 'res://art/meshes/archive_kit/sm_archive_floor_1m.glb' remapped 'res://art/meshes/archive_kit/sm_archive_floor_1m.glb' at thread 2
Completed load for: 'res://worlds/archive/modules/archive_floor_1m.tscn' remapped 'res://worlds/archive/modules/archive_floor_1m.tscn' at thread 2
Completed load for: 'res://worlds/archive/wing01_corridor_floor.tscn' remapped 'res://worlds/archive/wing01_corridor_floor.tscn' at thread 2
Loading resource: res://worlds/archive/wing01_room_presentation.tscn remapped: res://worlds/archive/wing01_room_presentation.tscn
Loading resource: res://worlds/archive/modules/archive_wall_2m.tscn remapped: res://worlds/archive/modules/archive_wall_2m.tscn
Loading resource: res://art/meshes/archive_kit/sm_archive_wall_2m.glb remapped: res://art/meshes/archive_kit/sm_archive_wall_2m.glb
Loading resource: res://.godot/imported/sm_archive_wall_2m.glb-4100a680890fdd16aa7ccedb085a24a8.scn remapped: res://.godot/imported/sm_archive_wall_2m.glb-4100a680890fdd16aa7ccedb085a24a8.scn
Completed load for: 'res://art/meshes/archive_kit/sm_archive_wall_2m.glb' remapped 'res://art/meshes/archive_kit/sm_archive_wall_2m.glb' at thread 2
Completed load for: 'res://worlds/archive/modules/archive_wall_2m.tscn' remapped 'res://worlds/archive/modules/archive_wall_2m.tscn' at thread 2
Loading resource: res://worlds/archive/modules/archive_wall_3m.tscn remapped: res://worlds/archive/modules/archive_wall_3m.tscn
Loading resource: res://art/meshes/archive_kit/sm_archive_wall_3m.glb remapped: res://art/meshes/archive_kit/sm_archive_wall_3m.glb
Loading resource: res://.godot/imported/sm_archive_wall_3m.glb-d181371ad931e243242487b28c97776a.scn remapped: res://.godot/imported/sm_archive_wall_3m.glb-d181371ad931e243242487b28c97776a.scn
Completed load for: 'res://art/meshes/archive_kit/sm_archive_wall_3m.glb' remapped 'res://art/meshes/archive_kit/sm_archive_wall_3m.glb' at thread 2
Completed load for: 'res://worlds/archive/modules/archive_wall_3m.tscn' remapped 'res://worlds/archive/modules/archive_wall_3m.tscn' at thread 2
Completed load for: 'res://worlds/archive/wing01_room_presentation.tscn' remapped 'res://worlds/archive/wing01_room_presentation.tscn' at thread 2
Loading resource: res://worlds/archive/wing01_room_floor.tscn remapped: res://worlds/archive/wing01_room_floor.tscn
Completed load for: 'res://worlds/archive/wing01_room_floor.tscn' remapped 'res://worlds/archive/wing01_room_floor.tscn' at thread 2
Loading resource: res://gameplay/puzzles/wing01/wing01_hearth_art.tscn remapped: res://gameplay/puzzles/wing01/wing01_hearth_art.tscn
Loading resource: res://art/meshes/wing01/sm_wing01_hearth.glb remapped: res://art/meshes/wing01/sm_wing01_hearth.glb
Loading resource: res://.godot/imported/sm_wing01_hearth.glb-f85e1260a3c75f3c60aab6268f9c1397.scn remapped: res://.godot/imported/sm_wing01_hearth.glb-f85e1260a3c75f3c60aab6268f9c1397.scn
Completed load for: 'res://art/meshes/wing01/sm_wing01_hearth.glb' remapped 'res://art/meshes/wing01/sm_wing01_hearth.glb' at thread 2
Completed load for: 'res://gameplay/puzzles/wing01/wing01_hearth_art.tscn' remapped 'res://gameplay/puzzles/wing01/wing01_hearth_art.tscn' at thread 2
Loading resource: res://gameplay/puzzles/wing01/wing01_emitter_art.tscn remapped: res://gameplay/puzzles/wing01/wing01_emitter_art.tscn
Loading resource: res://art/meshes/wing01/sm_wing01_emitter.glb remapped: res://art/meshes/wing01/sm_wing01_emitter.glb
Loading resource: res://.godot/imported/sm_wing01_emitter.glb-29a862b5637c98396d3d8f801df5a725.scn remapped: res://.godot/imported/sm_wing01_emitter.glb-29a862b5637c98396d3d8f801df5a725.scn
Completed load for: 'res://art/meshes/wing01/sm_wing01_emitter.glb' remapped 'res://art/meshes/wing01/sm_wing01_emitter.glb' at thread 2
Completed load for: 'res://gameplay/puzzles/wing01/wing01_emitter_art.tscn' remapped 'res://gameplay/puzzles/wing01/wing01_emitter_art.tscn' at thread 2
Loading resource: res://art/vfx/hearth_flame.tscn remapped: res://art/vfx/hearth_flame.tscn
Completed load for: 'res://art/vfx/hearth_flame.tscn' remapped 'res://art/vfx/hearth_flame.tscn' at thread 2
Completed load for: 'res://worlds/archive/archive_main.tscn' remapped 'res://worlds/archive/archive_main.tscn' at thread 2
Loading resource: res://worlds/archive/archive_main.tscn remapped: res://worlds/archive/archive_main.tscn
Loading resource: res://worlds/archive/common/archive_gate.tscn remapped: res://worlds/archive/common/archive_gate.tscn
Completed load for: 'res://worlds/archive/common/archive_gate.tscn' remapped 'res://worlds/archive/common/archive_gate.tscn' at thread 3
Loading resource: res://worlds/archive/common/archive_light_channel.tscn remapped: res://worlds/archive/common/archive_light_channel.tscn
Completed load for: 'res://worlds/archive/common/archive_light_channel.tscn' remapped 'res://worlds/archive/common/archive_light_channel.tscn' at thread 3
Loading resource: res://gameplay/puzzles/wing01/wing01_optics_sample.tscn remapped: res://gameplay/puzzles/wing01/wing01_optics_sample.tscn
Loading resource: res://art/meshes/wing01/sm_wing01_frame.glb remapped: res://art/meshes/wing01/sm_wing01_frame.glb
Loading resource: res://.godot/imported/sm_wing01_frame.glb-d979c5a84deda3d1e11ad89ae3a78146.scn remapped: res://.godot/imported/sm_wing01_frame.glb-d979c5a84deda3d1e11ad89ae3a78146.scn
Completed load for: 'res://art/meshes/wing01/sm_wing01_frame.glb' remapped 'res://art/meshes/wing01/sm_wing01_frame.glb' at thread 3
Loading resource: res://art/meshes/wing01/sm_wing01_ring_outer.glb remapped: res://art/meshes/wing01/sm_wing01_ring_outer.glb
Loading resource: res://.godot/imported/sm_wing01_ring_outer.glb-48b821eae3ebe3951634ee8da3376191.scn remapped: res://.godot/imported/sm_wing01_ring_outer.glb-48b821eae3ebe3951634ee8da3376191.scn
Completed load for: 'res://art/meshes/wing01/sm_wing01_ring_outer.glb' remapped 'res://art/meshes/wing01/sm_wing01_ring_outer.glb' at thread 3
Loading resource: res://art/meshes/wing01/sm_wing01_ring_middle.glb remapped: res://art/meshes/wing01/sm_wing01_ring_middle.glb
Loading resource: res://.godot/imported/sm_wing01_ring_middle.glb-d670d1b39b3a9ec6c397a419323af088.scn remapped: res://.godot/imported/sm_wing01_ring_middle.glb-d670d1b39b3a9ec6c397a419323af088.scn
Completed load for: 'res://art/meshes/wing01/sm_wing01_ring_middle.glb' remapped 'res://art/meshes/wing01/sm_wing01_ring_middle.glb' at thread 3
Loading resource: res://art/meshes/wing01/sm_wing01_ring_inner.glb remapped: res://art/meshes/wing01/sm_wing01_ring_inner.glb
Loading resource: res://.godot/imported/sm_wing01_ring_inner.glb-ec0722615e56a84855e8dc7a33bbe88e.scn remapped: res://.godot/imported/sm_wing01_ring_inner.glb-ec0722615e56a84855e8dc7a33bbe88e.scn
Completed load for: 'res://art/meshes/wing01/sm_wing01_ring_inner.glb' remapped 'res://art/meshes/wing01/sm_wing01_ring_inner.glb' at thread 3
Loading resource: res://art/meshes/wing01/sm_wing01_focus.glb remapped: res://art/meshes/wing01/sm_wing01_focus.glb
Loading resource: res://.godot/imported/sm_wing01_focus.glb-26d7e8416b8296abd61314836383d69a.scn remapped: res://.godot/imported/sm_wing01_focus.glb-26d7e8416b8296abd61314836383d69a.scn
Completed load for: 'res://art/meshes/wing01/sm_wing01_focus.glb' remapped 'res://art/meshes/wing01/sm_wing01_focus.glb' at thread 3
Completed load for: 'res://gameplay/puzzles/wing01/wing01_optics_sample.tscn' remapped 'res://gameplay/puzzles/wing01/wing01_optics_sample.tscn' at thread 3
Loading resource: res://gameplay/collectibles/fragment_presenter.tscn remapped: res://gameplay/collectibles/fragment_presenter.tscn
Completed load for: 'res://gameplay/collectibles/fragment_presenter.tscn' remapped 'res://gameplay/collectibles/fragment_presenter.tscn' at thread 3
Loading resource: res://worlds/archive/archive_prologue.tscn remapped: res://worlds/archive/archive_prologue.tscn
Completed load for: 'res://worlds/archive/archive_prologue.tscn' remapped 'res://worlds/archive/archive_prologue.tscn' at thread 3
Loading resource: res://worlds/archive/wing01_corridor_presentation.tscn remapped: res://worlds/archive/wing01_corridor_presentation.tscn
Loading resource: res://worlds/archive/modules/archive_wall_4m.tscn remapped: res://worlds/archive/modules/archive_wall_4m.tscn
Loading resource: res://art/meshes/archive_kit/sm_archive_wall_4m.glb remapped: res://art/meshes/archive_kit/sm_archive_wall_4m.glb
Loading resource: res://.godot/imported/sm_archive_wall_4m.glb-5a43b122942b61368232191aa3dd0bfd.scn remapped: res://.godot/imported/sm_archive_wall_4m.glb-5a43b122942b61368232191aa3dd0bfd.scn
Completed load for: 'res://art/meshes/archive_kit/sm_archive_wall_4m.glb' remapped 'res://art/meshes/archive_kit/sm_archive_wall_4m.glb' at thread 3
Completed load for: 'res://worlds/archive/modules/archive_wall_4m.tscn' remapped 'res://worlds/archive/modules/archive_wall_4m.tscn' at thread 3
Loading resource: res://worlds/archive/modules/archive_pier_4m.tscn remapped: res://worlds/archive/modules/archive_pier_4m.tscn
Loading resource: res://art/meshes/archive_kit/sm_archive_pier_4m.glb remapped: res://art/meshes/archive_kit/sm_archive_pier_4m.glb
Loading resource: res://.godot/imported/sm_archive_pier_4m.glb-e177d2f7ba2b799f6a79fccd1a02ee64.scn remapped: res://.godot/imported/sm_archive_pier_4m.glb-e177d2f7ba2b799f6a79fccd1a02ee64.scn
Completed load for: 'res://art/meshes/archive_kit/sm_archive_pier_4m.glb' remapped 'res://art/meshes/archive_kit/sm_archive_pier_4m.glb' at thread 3
Completed load for: 'res://worlds/archive/modules/archive_pier_4m.tscn' remapped 'res://worlds/archive/modules/archive_pier_4m.tscn' at thread 3
Loading resource: res://worlds/archive/modules/archive_arch_4m.tscn remapped: res://worlds/archive/modules/archive_arch_4m.tscn
Loading resource: res://art/meshes/archive_kit/sm_archive_arch_4m.glb remapped: res://art/meshes/archive_kit/sm_archive_arch_4m.glb
Loading resource: res://.godot/imported/sm_archive_arch_4m.glb-ef169cda85430380b40421ea06abee76.scn remapped: res://.godot/imported/sm_archive_arch_4m.glb-ef169cda85430380b40421ea06abee76.scn
Completed load for: 'res://art/meshes/archive_kit/sm_archive_arch_4m.glb' remapped 'res://art/meshes/archive_kit/sm_archive_arch_4m.glb' at thread 3
Completed load for: 'res://worlds/archive/modules/archive_arch_4m.tscn' remapped 'res://worlds/archive/modules/archive_arch_4m.tscn' at thread 3
Completed load for: 'res://worlds/archive/wing01_corridor_presentation.tscn' remapped 'res://worlds/archive/wing01_corridor_presentation.tscn' at thread 3
Loading resource: res://worlds/archive/wing01_corridor_floor.tscn remapped: res://worlds/archive/wing01_corridor_floor.tscn
Loading resource: res://worlds/archive/modules/archive_floor_1m.tscn remapped: res://worlds/archive/modules/archive_floor_1m.tscn
Loading resource: res://art/meshes/archive_kit/sm_archive_floor_1m.glb remapped: res://art/meshes/archive_kit/sm_archive_floor_1m.glb
Loading resource: res://.godot/imported/sm_archive_floor_1m.glb-3177ff2ad8d649f708c187ebd4e05e3c.scn remapped: res://.godot/imported/sm_archive_floor_1m.glb-3177ff2ad8d649f708c187ebd4e05e3c.scn
Completed load for: 'res://art/meshes/archive_kit/sm_archive_floor_1m.glb' remapped 'res://art/meshes/archive_kit/sm_archive_floor_1m.glb' at thread 3
Completed load for: 'res://worlds/archive/modules/archive_floor_1m.tscn' remapped 'res://worlds/archive/modules/archive_floor_1m.tscn' at thread 3
Completed load for: 'res://worlds/archive/wing01_corridor_floor.tscn' remapped 'res://worlds/archive/wing01_corridor_floor.tscn' at thread 3
Loading resource: res://worlds/archive/wing01_room_presentation.tscn remapped: res://worlds/archive/wing01_room_presentation.tscn
Loading resource: res://worlds/archive/modules/archive_wall_2m.tscn remapped: res://worlds/archive/modules/archive_wall_2m.tscn
Loading resource: res://art/meshes/archive_kit/sm_archive_wall_2m.glb remapped: res://art/meshes/archive_kit/sm_archive_wall_2m.glb
Loading resource: res://.godot/imported/sm_archive_wall_2m.glb-4100a680890fdd16aa7ccedb085a24a8.scn remapped: res://.godot/imported/sm_archive_wall_2m.glb-4100a680890fdd16aa7ccedb085a24a8.scn
Completed load for: 'res://art/meshes/archive_kit/sm_archive_wall_2m.glb' remapped 'res://art/meshes/archive_kit/sm_archive_wall_2m.glb' at thread 3
Completed load for: 'res://worlds/archive/modules/archive_wall_2m.tscn' remapped 'res://worlds/archive/modules/archive_wall_2m.tscn' at thread 3
Loading resource: res://worlds/archive/modules/archive_wall_3m.tscn remapped: res://worlds/archive/modules/archive_wall_3m.tscn
Loading resource: res://art/meshes/archive_kit/sm_archive_wall_3m.glb remapped: res://art/meshes/archive_kit/sm_archive_wall_3m.glb
Loading resource: res://.godot/imported/sm_archive_wall_3m.glb-d181371ad931e243242487b28c97776a.scn remapped: res://.godot/imported/sm_archive_wall_3m.glb-d181371ad931e243242487b28c97776a.scn
Completed load for: 'res://art/meshes/archive_kit/sm_archive_wall_3m.glb' remapped 'res://art/meshes/archive_kit/sm_archive_wall_3m.glb' at thread 3
Completed load for: 'res://worlds/archive/modules/archive_wall_3m.tscn' remapped 'res://worlds/archive/modules/archive_wall_3m.tscn' at thread 3
Completed load for: 'res://worlds/archive/wing01_room_presentation.tscn' remapped 'res://worlds/archive/wing01_room_presentation.tscn' at thread 3
Loading resource: res://worlds/archive/wing01_room_floor.tscn remapped: res://worlds/archive/wing01_room_floor.tscn
Completed load for: 'res://worlds/archive/wing01_room_floor.tscn' remapped 'res://worlds/archive/wing01_room_floor.tscn' at thread 3
Loading resource: res://gameplay/puzzles/wing01/wing01_hearth_art.tscn remapped: res://gameplay/puzzles/wing01/wing01_hearth_art.tscn
Loading resource: res://art/meshes/wing01/sm_wing01_hearth.glb remapped: res://art/meshes/wing01/sm_wing01_hearth.glb
Loading resource: res://.godot/imported/sm_wing01_hearth.glb-f85e1260a3c75f3c60aab6268f9c1397.scn remapped: res://.godot/imported/sm_wing01_hearth.glb-f85e1260a3c75f3c60aab6268f9c1397.scn
Completed load for: 'res://art/meshes/wing01/sm_wing01_hearth.glb' remapped 'res://art/meshes/wing01/sm_wing01_hearth.glb' at thread 3
Completed load for: 'res://gameplay/puzzles/wing01/wing01_hearth_art.tscn' remapped 'res://gameplay/puzzles/wing01/wing01_hearth_art.tscn' at thread 3
Loading resource: res://gameplay/puzzles/wing01/wing01_emitter_art.tscn remapped: res://gameplay/puzzles/wing01/wing01_emitter_art.tscn
Loading resource: res://art/meshes/wing01/sm_wing01_emitter.glb remapped: res://art/meshes/wing01/sm_wing01_emitter.glb
Loading resource: res://.godot/imported/sm_wing01_emitter.glb-29a862b5637c98396d3d8f801df5a725.scn remapped: res://.godot/imported/sm_wing01_emitter.glb-29a862b5637c98396d3d8f801df5a725.scn
Completed load for: 'res://art/meshes/wing01/sm_wing01_emitter.glb' remapped 'res://art/meshes/wing01/sm_wing01_emitter.glb' at thread 3
Completed load for: 'res://gameplay/puzzles/wing01/wing01_emitter_art.tscn' remapped 'res://gameplay/puzzles/wing01/wing01_emitter_art.tscn' at thread 3
Loading resource: res://art/vfx/hearth_flame.tscn remapped: res://art/vfx/hearth_flame.tscn
Completed load for: 'res://art/vfx/hearth_flame.tscn' remapped 'res://art/vfx/hearth_flame.tscn' at thread 3
Completed load for: 'res://worlds/archive/archive_main.tscn' remapped 'res://worlds/archive/archive_main.tscn' at thread 3
ARCHIVE_SLICE PASS: 60 assertions; actual model/E controls, solved-only acquisition, physical IO retry, primary/backup and quiet reload
XR: Clearing primary interface
XR: Removed interface "Native mobile"
XR: Removed interface "OpenXR"
Leaked instance: RefCounted:9223372122468911072 - Reference count: 0
Hint: Leaked instances typically happen when nodes are removed from the scene tree (with `remove_child()`) but not freed (with `free()` or `queue_free()`).
WARNING: 1 ObjectDB instance was leaked at exit (run with `--verbose` for details).
   at: cleanup (core/object/object.cpp:2536)
